Archive member included to satisfy reference by file (symbol)

/home/pi/joengine/Compiler/COMMON/SGL_302j/LIB_ELF/SEGA_SYS.A(sys_exit.o)
                              /home/pi/joengine/jo_engine/core.o (symbol from plugin) (_SYS_Exit)
/home/pi/joengine/Compiler/COMMON/SGL_302j/LIB_ELF/SEGA_SYS.A(sys_sub.o)
                              /home/pi/joengine/Compiler/COMMON/SGL_302j/LIB_ELF/SEGA_SYS.A(sys_exit.o) (_SYSUB_SetStackptr)
/home/pi/joengine/Compiler/COMMON/SGL_302j/LIB_ELF/LIBCD.A(CDC_CMN.O)
                              /home/pi/joengine/Compiler/COMMON/SGL_302j/LIB_ELF/SEGA_SYS.A(sys_exit.o) (_CDC_GetCurStat)
/home/pi/joengine/Compiler/COMMON/SGL_302j/LIB_ELF/LIBCD.A(CDC_CFS.O)
                              /home/pi/joengine/Compiler/COMMON/SGL_302j/LIB_ELF/SEGA_SYS.A(sys_exit.o) (_CDC_ChgDir)
/home/pi/joengine/Compiler/COMMON/SGL_302j/LIB_ELF/LIBCD.A(CDC_REG.O)
                              /home/pi/joengine/Compiler/COMMON/SGL_302j/LIB_ELF/SEGA_SYS.A(sys_exit.o) (_CDC_GetHirqReq)
/home/pi/joengine/Compiler/COMMON/SGL_302j/LIB_ELF/LIBCD.A(CDC_SUB.O)
                              /home/pi/joengine/Compiler/COMMON/SGL_302j/LIB_ELF/LIBCD.A(CDC_CMN.O) (_CDSUB_UpdStatus)
/home/pi/joengine/Compiler/COMMON/SGL_302j/LIB_ELF/LIBCD.A(GFS.O)
                              /home/pi/joengine/jo_engine/fs.o (symbol from plugin) (_GFS_Init)
/home/pi/joengine/Compiler/COMMON/SGL_302j/LIB_ELF/LIBCD.A(GFS_BUF.O)
                              /home/pi/joengine/Compiler/COMMON/SGL_302j/LIB_ELF/LIBCD.A(GFS.O) (_GFBF_GetNumData)
/home/pi/joengine/Compiler/COMMON/SGL_302j/LIB_ELF/LIBCD.A(GFS_CDB.O)
                              /home/pi/joengine/Compiler/COMMON/SGL_302j/LIB_ELF/LIBCD.A(GFS.O) (_GFCB_Close)
/home/pi/joengine/Compiler/COMMON/SGL_302j/LIB_ELF/LIBCD.A(GFS_CDC.O)
                              /home/pi/joengine/Compiler/COMMON/SGL_302j/LIB_ELF/LIBCD.A(GFS.O) (_GFCD_SetCdbfs)
/home/pi/joengine/Compiler/COMMON/SGL_302j/LIB_ELF/LIBCD.A(GFS_CDF.O)
                              /home/pi/joengine/Compiler/COMMON/SGL_302j/LIB_ELF/LIBCD.A(GFS.O) (_GFCF_Init)
/home/pi/joengine/Compiler/COMMON/SGL_302j/LIB_ELF/LIBCD.A(GFS_DIR.O)
                              /home/pi/joengine/Compiler/COMMON/SGL_302j/LIB_ELF/LIBCD.A(GFS.O) (_GFDR_SetupDirTbl)
/home/pi/joengine/Compiler/COMMON/SGL_302j/LIB_ELF/LIBCD.A(GFS_TRN.O)
                              /home/pi/joengine/Compiler/COMMON/SGL_302j/LIB_ELF/LIBCD.A(GFS.O) (_GFTR_Setup)
/home/pi/joengine/Compiler/COMMON/SGL_302j/LIB_ELF/LIBCD.A(CDC_DRV.O)
                              /home/pi/joengine/Compiler/COMMON/SGL_302j/LIB_ELF/LIBCD.A(GFS_CDC.O) (_CDC_CdPlay)
/home/pi/joengine/Compiler/COMMON/SGL_302j/LIB_ELF/LIBCD.A(CDC_DEV.O)
                              /home/pi/joengine/Compiler/COMMON/SGL_302j/LIB_ELF/LIBCD.A(GFS_CDC.O) (_CDC_CdSetCon)
/home/pi/joengine/Compiler/COMMON/SGL_302j/LIB_ELF/LIBCD.A(CDC_SEL.O)
                              /home/pi/joengine/Compiler/COMMON/SGL_302j/LIB_ELF/LIBCD.A(GFS_CDC.O) (_CDC_SetFiltRange)
/home/pi/joengine/Compiler/COMMON/SGL_302j/LIB_ELF/LIBCD.A(CDC_BIF.O)
                              /home/pi/joengine/Compiler/COMMON/SGL_302j/LIB_ELF/LIBCD.A(GFS_CDC.O) (_CDC_GetBufSiz)
/home/pi/joengine/Compiler/COMMON/SGL_302j/LIB_ELF/LIBCD.A(CDC_BIO.O)
                              /home/pi/joengine/Compiler/COMMON/SGL_302j/LIB_ELF/LIBCD.A(GFS_CDC.O) (_CDC_SetSctLen)
/home/pi/joengine/Compiler/COMMON/SGL_302j/LIB_ELF/LIBSGL.A(sglA01.o)
                              /home/pi/joengine/jo_engine/math.o (symbol from plugin) (_slSin)
/home/pi/joengine/Compiler/COMMON/SGL_302j/LIB_ELF/LIBSGL.A(sglA15.o)
                              /home/pi/joengine/jo_engine/slave.o (symbol from plugin) (_slSlaveFunc)
/home/pi/joengine/Compiler/COMMON/SGL_302j/LIB_ELF/LIBSGL.A(sglB001.o)
                              /home/pi/joengine/jo_engine/core.o (symbol from plugin) (_slTVOn)
/home/pi/joengine/Compiler/COMMON/SGL_302j/LIB_ELF/LIBSGL.A(sglB011.o)
                              /home/pi/joengine/jo_engine/vdp2.o (symbol from plugin) (_slBitMapNbg1)
/home/pi/joengine/Compiler/COMMON/SGL_302j/LIB_ELF/LIBSGL.A(sglB014.o)
                              /home/pi/joengine/jo_engine/vdp2.o (symbol from plugin) (_slScrTransparent)
/home/pi/joengine/Compiler/COMMON/SGL_302j/LIB_ELF/LIBSGL.A(sglB015.o)
                              /home/pi/joengine/jo_engine/vdp2.o (symbol from plugin) (_slScrAutoDisp)
/home/pi/joengine/Compiler/COMMON/SGL_302j/LIB_ELF/LIBSGL.A(sglB016.o)
                              /home/pi/joengine/jo_engine/vdp2.o (symbol from plugin) (_slBack1ColSet)
/home/pi/joengine/Compiler/COMMON/SGL_302j/LIB_ELF/LIBSGL.A(sglB020.o)
                              /home/pi/joengine/jo_engine/vdp2.o (symbol from plugin) (_slColorCalc)
/home/pi/joengine/Compiler/COMMON/SGL_302j/LIB_ELF/LIBSGL.A(sglB021.o)
                              /home/pi/joengine/jo_engine/vdp2.o (symbol from plugin) (_slColorCalcOn)
[...]
Memory Configuration

Name             Origin             Length             Attributes
*default*        0x00000000         0xffffffff

Linker script and memory map


SLSTART         0x06004000       0x30
                0x06004000                        ___Start = .
 *(SLSTART)
 SLSTART        0x06004000       0x28 /home/pi/joengine/Compiler/COMMON/SGL_302j/LIB_ELF/LIBSGL.A(sglI00.o)
                0x06004000                SGL_Start
                0x06004002                _slStartSGL

.text           0x06004040     0xc1b0
 *(.text)
 .text          0x06004040        0x0 /home/pi/joengine/Compiler/COMMON/SGL_302j/LIB_ELF/SGLAREA.O
 .text          0x06004040     0x4ba0 /tmp/ccS3lqtf.ltrans0.ltrans.o
                0x060064e4                _memcpy
                0x06006500                _memset
                0x06006518                _memcmp
                0x06006540                _strncmp
                0x06006574                _strncpy
 .text          0x06008be0      0x238 /home/pi/joengine/Compiler/COMMON/SGL_302j/LIB_ELF/SEGA_SYS.A(sys_exit.o)
                0x06008be0                _sys_version
                0x06008c00                _SYS_Exit
 *fill*         0x06008e18        0x8 
 .text          0x06008e20        0x6 /home/pi/joengine/Compiler/COMMON/SGL_302j/LIB_ELF/SEGA_SYS.A(sys_sub.o)
                0x06008e20                _SYSUB_SetStackptr
 *fill*         0x06008e26        0xa 
 .text          0x06008e30      0x3a0 /home/pi/joengine/Compiler/COMMON/SGL_302j/LIB_ELF/LIBCD.A(CDC_CMN.O)
                0x06008e30                _CDC_GetCurStat
                0x06008e80                _CDC_GetLastStat
                0x06008e98                _CDC_GetPeriStat
                0x06008f6c                _CDC_GetHwInfo
                0x06008fd4                _CDC_TgetToc
                0x06009024                _CDC_GetSes
                0x06009060                _CDC_CdInit
                0x060090e4                _CDC_CdOpen
                0x0600910c                _CDC_DataReady
                0x06009178                _CDC_DataEnd
 .text          0x060091d0      0x194 /home/pi/joengine/Compiler/COMMON/SGL_302j/LIB_ELF/LIBCD.A(CDC_CFS.O)
                0x060091d0                _CDC_ChgDir
                0x06009204                _CDC_ReadDir
                0x06009238                _CDC_GetFileScope
                0x06009298                _CDC_TgetFileInfo
                0x060092f4                _CDC_ReadFile
                0x06009328                _CDC_AbortFile
 *fill*         0x06009364        0xc 
 .text          0x06009370      0x2dc /home/pi/joengine/Compiler/COMMON/SGL_302j/LIB_ELF/LIBCD.A(CDC_REG.O)
                0x06009370                _CDC_GetDataPtr
                0x06009380                _CDC_GetHirqReq
                0x06009394                _CDC_ClrHirqReq
                0x060093c4                _CDREG_ClrHirqReq
                0x060093d4                _CDREG_InitHirqReq
                0x060093fc                _CDREG_SetHirqFlag
                0x06009410                _CDC_GetHirqMsk
                0x06009424                _CDC_SetHirqMsk
                0x06009434                _CDC_GetMpegPtr
                0x06009444                _CDREG_TgetData
                0x060094a0                _CDREG_CmdRsp
                0x060095a0                _CDREG_WaitHirq
                0x06009610                _CDREG_ReadRsp
 *fill*         0x0600964c        0x4 
 .text          0x06009650      0x152 /home/pi/joengine/Compiler/COMMON/SGL_302j/LIB_ELF/LIBCD.A(CDC_SUB.O)
                0x06009650                _CDSUB_UpdStatus
                0x06009668                _CDSUB_UpdCdstat
                0x06009688                _CDSUB_CdCmd
                0x060096f8                _CDSUB_GetCdstat
                0x06009738                _CDSUB_RspToCdstat
                0x06009780                _CDSUB_SoftTimer
 *fill*         0x060097a2        0xe 
 .text          0x060097b0     0x1adc /home/pi/joengine/Compiler/COMMON/SGL_302j/LIB_ELF/LIBCD.A(GFS.O)
                0x060097b0                _gfs_version
                0x060097d0                _GFS_Init
                0x060098b8                _GFS_LoadDir
                0x06009960                _GFS_SetDir
                0x060099c8                _GFS_NameToId
                0x06009a2c                _GFS_IdToName
                0x06009a98                _GFS_GetDirInfo
                0x06009b08                _GFS_Reset
                0x06009b8c                _GFS_Open
                0x06009c40                _GFS_Close
                0x06009c78                _GFS_Seek
                0x06009d2c                _GFS_Tell
                0x06009d7c                _GFS_IsEof
                0x06009dd0                _GFS_ByteToSct
                0x06009e2c                _GFS_GetFileSize
                0x06009e88                _GFS_GetFileInfo
                0x06009efc                _GFS_GetNumCdbuf
                0x06009f24                _GFS_Load
                0x06009fe8                _GFS_Fread
                0x0600a084                _gfs_waitRead
                0x0600a12c                _GFS_NwFread
                0x0600a238                _GFS_NwCdRead
                0x0600a2b0                _GFS_NwIsComplete
                0x0600a2e8                _GFS_NwStop
                0x0600a354                _GFS_NwGetStat
                0x0600a3d0                _gfs_recovRdErr
                0x0600a400                _GFS_NwExecOne
                0x0600a4c0                _GFS_NwExecServer
                0x0600a53c                _GFS_SetGmode
                0x0600a5a0                _GFS_SetTmode
                0x0600a60c                _GFS_SetReadPara
                0x0600a670                _GFS_SetTransPara
                0x0600a6dc                _GFS_SetTrFunc
                0x0600a740                _GFS_StartTrans
                0x0600a78c                _GFS_CdMovePickup
                0x0600a7f8                _GFS_SetErrFunc
                0x0600a824                _GFS_GetErrStat
                0x0600a848                _GFS_ConvTno
                0x0600a870                _gfs_chgRoot
                0x0600a93c                _gfs_aborttrans
                0x0600a948                _gfs_mngSetupFuncTbl
                0x0600a97c                _gfs_mngInitWork
                0x0600aa20                _gfs_mngGetNumFile
                0x0600aa88                _GFS_mngAllocGrp
                0x0600aad0                _gfs_mngFreeGrp
                0x0600aadc                _gfs_mngTermAccess
                0x0600ab60                _gfs_mngSetErrCode
                0x0600abe0                _gfs_svrSearchHndl
                0x0600ac20                _gfs_svrAddHndl
                0x0600ac5c                _gfs_svrRemoveHndl
                0x0600acb8                _GFS_OpenSub
                0x0600ad10                _gfs_loadVol
                0x0600add4                _gfs_getRootDir
                0x0600aed0                _gfs_loadRootDir
                0x0600af58                _gfs_flowIn
                0x0600b000                _gfs_transData
                0x0600b0a4                _GFS_GetFad
                0x0600b0fc                _gfs_SetSct
                0x0600b13c                _gfs_GetFinfo
                0x0600b17c                _gfs_closeSub
                0x0600b1b8                _gfs_getGmode
                0x0600b1c4                _gfs_isTaskDone
                0x0600b218                _gfs_convFinStat
 *fill*         0x0600b28c        0x4 
 .text          0x0600b290      0x106 /home/pi/joengine/Compiler/COMMON/SGL_302j/LIB_ELF/LIBCD.A(GFS_BUF.O)
                0x0600b2c0                _GFBF_GetTranData
                0x0600b2e8                _GFBF_GetNumData
                0x0600b318                _GFBF_GetSrcPk
                0x0600b340                _GFBF_GetSctData
                0x0600b364                _GFBF_RtnPk
                0x0600b38c                _gfbf_getSctDt
 *fill*         0x0600b396        0xa 
 .text          0x0600b3a0      0x600 /home/pi/joengine/Compiler/COMMON/SGL_302j/LIB_ELF/LIBCD.A(GFS_CDB.O)
                0x0600b3a0                _GFCB_Setup
                0x0600b4c0                _GFCB_Close
                0x0600b4e8                _GFCB_GetLenData
                0x0600b594                _GFCB_GetLenRoom
                0x0600b5a0                _GFCB_SetFilt
                0x0600b608                _GFCB_DeleteAllData
                0x0600b630                _GFCB_Tell
                0x0600b640                _gfcb_getSctNum
                0x0600b690                _GFCB_Seek
                0x0600b78c                _GFCB_GetSrcPack
                0x0600b86c                _GFCB_GetSctData
                0x0600b8a4                _GFCB_GetDstPack
                0x0600b8b0                _GFCB_RtnPk
                0x0600b8f8                _GFCB_MovePickup
                0x0600b914                _GFCB_SetCon
                0x0600b948                _GFCB_GetPickup
                0x0600b970                _GFCB_IsPuOwner
                0x0600b988                _GFCB_UngetPickup
 .text          0x0600b9a0     0x1a10 /home/pi/joengine/Compiler/COMMON/SGL_302j/LIB_ELF/LIBCD.A(GFS_CDC.O)
                0x0600b9a0                _GFCD_SetCdbfs
                0x0600b9cc                _GFCD_Init
                0x0600bbd0                _GFCD_AllocFilt
                0x0600bc0c                _GFCD_FreeFilt
                0x0600bc3c                _GFCD_AllocBuf
                0x0600bc70                _GFCD_FreeBuf
                0x0600bd14                _GFCD_GetBaseFad
                0x0600bd48                _GFCD_GetPickup
                0x0600bd7c                _GFCD_UngetPickup
                0x0600bda8                _GFCD_IsPuOwner
                0x0600bdcc                _GFCD_SetFilt
                0x0600be90                _GFCD_GetFilt
                0x0600bed8                _GFCD_SetCon
                0x0600bf30                _GFCD_Play
                0x0600bf90                _GFCD_GetLenData
                0x0600bff8                _GFCD_ReqData
                0x0600c054                _GFCD_EndData
                0x0600c09c                _GFCD_DelSctData
                0x0600c0f4                _GFCD_CheckDelSctData
                0x0600c124                _GFCD_GetStat
                0x0600c1d8                _GFCD_MovePickup
                0x0600c224                _GFCD_MoveSctData
                0x0600c298                _GFCD_CheckMove
                0x0600c2bc                _GFCD_GetSctInfo
                0x0600c304                _GFCD_ChgDir
                0x0600c378                _GFCD_SetFiltCon
                0x0600c460                _GFCD_GetFileInfo
                0x0600c53c                _GFCD_GetBufSiz
                0x0600c574                _GFCD_ExecServer
                0x0600c648                _gfcd_isIdleTask
                0x0600c6d4                _gfcd_doTask
                0x0600c780                _GFCD_SetTimer
                0x0600c794                _GFCD_WaitServer
                0x0600c7d0                _gfcd_doSetFiltTsk
                0x0600c994                _gfcd_doSetConTsk
                0x0600ca24                _gfcd_doGetLenDataTsk
                0x0600cb78                _gfcd_doReqDataTsk
                0x0600cc18                _gfcd_doDelSctDataTsk
                0x0600cd4c                _gfcd_doMoveSctTsk
                0x0600ceb0                _gfcd_doChgDirTsk
                0x0600d0ac                _gfcd_doSetFiltConTsk
                0x0600d1f0                _gfcd_checkEflag
                0x0600d214                _gfcd_initCdbMng
                0x0600d294                _gfcd_setStat
                0x0600d2c0                _GFCD_SetCsctFunc
                0x0600d2dc                _GFCD_ChkScdqFlag
                0x0600d300                _GFCD_ClrScdqFlag
                0x0600d31c                _GFCD_WaitScdqFlag
                0x0600d360                _GFCD_WaitPause
 .text          0x0600d3b0      0x8d8 /home/pi/joengine/Compiler/COMMON/SGL_302j/LIB_ELF/LIBCD.A(GFS_CDF.O)
                0x0600d3b0                _GFCF_Init
                0x0600d450                _GFCF_Setup
                0x0600d598                _GFCF_SetSct
                0x0600d5dc                _GFCF_GetFileInfo
                0x0600d650                _GFCF_FlowInBuf
                0x0600d7a4                _GFCF_StopInBuf
                0x0600d844                _GFCF_Recover
                0x0600d88c                _GFCF_Tell
                0x0600d8a4                _GFCF_Seek
                0x0600d8bc                _GFCF_MovePickup
                0x0600d958                _GFCF_cnvIntlvOfs
                0x0600d9ac                _GFCF_GetStat
                0x0600da44                _gfcf_getSctSize
                0x0600da80                _gfcf_isCdOk
                0x0600db40                _gfcf_getPlayRange
 *fill*         0x0600dc88        0x8 
 .text          0x0600dc90      0x92c /home/pi/joengine/Compiler/COMMON/SGL_302j/LIB_ELF/LIBCD.A(GFS_DIR.O)
                0x0600dc90                _GFDR_SetupDirTbl
                0x0600dd04                _GFDR_NameToId
                0x0600dd64                _GFDR_GetInfoDirId
                0x0600dd78                _GFDR_GetInfoDirName
                0x0600dd8c                _GFDR_GetAtrDirId
                0x0600dda4                _GFDR_GetAtrDirName
                0x0600ddbc                _GFDR_ChgRoot
                0x0600ddd4                _GFDR_ChgDir
                0x0600de48                _gfdr_setupDirIdTbl
                0x0600decc                _gfdr_setupDirNameTbl
                0x0600df78                _gfdr_open
                0x0600dfa0                _gfdr_read
                0x0600e060                _gfdr_readByte
                0x0600e08c                _gfdr_readWord
                0x0600e0b8                _gfdr_readWordNB
                0x0600e10c                _gfdr_readLongNB
                0x0600e158                _gfdr_readLongNM
                0x0600e180                _gfdr_setNextRec
                0x0600e204                _gfdr_readDirEnt
                0x0600e580                _gfdr_setDirrecCd
 *fill*         0x0600e5bc        0x4 
 .text          0x0600e5c0      0x9c6 /home/pi/joengine/Compiler/COMMON/SGL_302j/LIB_ELF/LIBCD.A(GFS_TRN.O)
                0x0600e5f0                _GFTR_Setup
                0x0600e634                _GFTR_SetMode
                0x0600e648                _GFTR_SetUnit
                0x0600e654                _GFTR_SetTransPara
                0x0600e688                _GFTR_GetTransPara
                0x0600e694                _GFTR_GetNumTrans
                0x0600e6a0                _GFTR_SetTransMax
                0x0600e6ac                _GFTR_Start
                0x0600e6b8                _GFTR_Pause
                0x0600e6c4                _GFTR_Stop
                0x0600e77c                _GFTR_Exec
                0x0600e800                _GFTR_Idle
                0x0600e878                _GFTR_ExecSvr
                0x0600e980                _gftr_getSrcPack
                0x0600ea08                _gftr_getDstPack
                0x0600ea64                _gftr_reqScu
                0x0600ea70                _gftr_execScu
                0x0600eb0c                _gftr_remScu
                0x0600eb40                _gfdma_canUse
                0x0600eb4c                _gfdma_exec
                0x0600ebbc                _gfdma_getBytecnt
                0x0600ebf4                _gftr_reqDma0
                0x0600ec0c                _gftr_execSdma0
                0x0600ec30                _gftr_remDma0
                0x0600ec48                _gftr_reqDma1
                0x0600ec60                _gftr_execSdma1
                0x0600ec84                _gftr_remDma1
                0x0600ec9c                _gftr_reqCpu
                0x0600eca8                _gftr_execCpu
                0x0600ece8                _gftr_remCpu
                0x0600ecf4                _gftr_reqTrn
                0x0600ed64                _gftr_execTrn
                0x0600ee3c                _gftr_remTrn
                0x0600eeb0                _gftr_copyFrac
                0x0600eed8                _GFTR_GetLenData
                0x0600eee4                _GFTR_GetLenRoom
                0x0600eefc                _GFTR_GetDstPack
                0x0600ef30                _GFTR_RtnDstPk
                0x0600ef4c                _GFTR_GetData
                0x0600ef60                _GFTR_SetData
                0x0600ef74                _GFTR_SetTransFunc
 *fill*         0x0600ef86        0xa 
 .text          0x0600ef90      0x130 /home/pi/joengine/Compiler/COMMON/SGL_302j/LIB_ELF/LIBCD.A(CDC_DRV.O)
                0x0600ef90                _CDC_CdPlay
                0x0600f05c                _CDC_CdSeek
                0x0600f090                _CDC_CdScan
 .text          0x0600f0c0       0xa8 /home/pi/joengine/Compiler/COMMON/SGL_302j/LIB_ELF/LIBCD.A(CDC_DEV.O)
                0x0600f0c0                _CDC_CdSetCon
                0x0600f0f0                _CDC_CdGetCon
                0x0600f12c                _CDC_CdGetLastBuf
 *fill*         0x0600f168        0x8 
 .text          0x0600f170      0x2b8 /home/pi/joengine/Compiler/COMMON/SGL_302j/LIB_ELF/LIBCD.A(CDC_SEL.O)
                0x0600f170                _CDC_SetFiltRange
                0x0600f1a4                _CDC_GetFiltRange
                0x0600f1fc                _CDC_SetFiltSubh
                0x0600f26c                _CDC_GetFiltSubh
                0x0600f2e8                _CDC_SetFiltMode
                0x0600f31c                _CDC_GetFiltMode
                0x0600f360                _CDC_SetFiltCon
                0x0600f3a0                _CDC_GetFiltCon
                0x0600f3f4                _CDC_ResetSelector
 *fill*         0x0600f428        0x8 
 .text          0x0600f430      0x270 /home/pi/joengine/Compiler/COMMON/SGL_302j/LIB_ELF/LIBCD.A(CDC_BIF.O)
                0x0600f430                _CDC_GetBufSiz
                0x0600f48c                _CDC_GetSctNum
                0x0600f4d0                _CDC_CalActSiz
                0x0600f50c                _CDC_GetActSiz
                0x0600f58c                _CDC_GetSctInfo
                0x0600f60c                _CDC_ExeFadSearch
                0x0600f644                _CDC_GetFadSearch
 .text          0x0600f6a0      0x1e4 /home/pi/joengine/Compiler/COMMON/SGL_302j/LIB_ELF/LIBCD.A(CDC_BIO.O)
                0x0600f6a0                _CDC_SetSctLen
                0x0600f6d4                _CDC_GetSctData
                0x0600f710                _CDC_DelSctData
                0x0600f74c                _CDC_GetdelSctData
                0x0600f788                _CDC_PutSctData
                0x0600f7c0                _CDC_CopySctData
                0x0600f804                _CDC_MoveSctData
                0x0600f848                _CDC_GetCopyErr
 *fill*         0x0600f884        0xc 
 .text          0x0600f890        0x0 /home/pi/joengine/Compiler/COMMON/SGL_302j/LIB_ELF/LIBSGL.A(sglA01.o)
 .text          0x0600f890        0x0 /home/pi/joengine/Compiler/COMMON/SGL_302j/LIB_ELF/LIBSGL.A(sglA15.o)
 .text          0x0600f890        0x0 /home/pi/joengine/Compiler/COMMON/SGL_302j/LIB_ELF/LIBSGL.A(sglB001.o)
 .text          0x0600f890        0x0 /home/pi/joengine/Compiler/COMMON/SGL_302j/LIB_ELF/LIBSGL.A(sglB011.o)
 .text          0x0600f890        0x0 /home/pi/joengine/Compiler/COMMON/SGL_302j/LIB_ELF/LIBSGL.A(sglB014.o)
 .text          0x0600f890        0x0 /home/pi/joengine/Compiler/COMMON/SGL_302j/LIB_ELF/LIBSGL.A(sglB015.o)
 .text          0x0600f890        0x0 /home/pi/joengine/Compiler/COMMON/SGL_302j/LIB_ELF/LIBSGL.A(sglB016.o)
 .text          0x0600f890        0x0 /home/pi/joengine/Compiler/COMMON/SGL_302j/LIB_ELF/LIBSGL.A(sglB020.o)
 .text          0x0600f890        0x0 /home/pi/joengine/Compiler/COMMON/SGL_302j/LIB_ELF/LIBSGL.A(sglB021.o)
 .text          0x0600f890        0x0 /home/pi/joengine/Compiler/COMMON/SGL_302j/LIB_ELF/LIBSGL.A(sglB023.o)
 .text          0x0600f890        0x0 /home/pi/joengine/Compiler/COMMON/SGL_302j/LIB_ELF/LIBSGL.A(sglB027.o)
 .text          0x0600f890        0x0 /home/pi/joengine/Compiler/COMMON/SGL_302j/LIB_ELF/LIBSGL.A(sglB031.o)
 .text          0x0600f890        0x0 /home/pi/joengine/Compiler/COMMON/SGL_302j/LIB_ELF/LIBSGL.A(sglB032.o)
 .text          0x0600f890        0x0 /home/pi/joengine/Compiler/COMMON/SGL_302j/LIB_ELF/LIBSGL.A(sglB033.o)
 .text          0x0600f890        0x0 /home/pi/joengine/Compiler/COMMON/SGL_302j/LIB_ELF/LIBSGL.A(sglB034.o)
 .text          0x0600f890        0x0 /home/pi/joengine/Compiler/COMMON/SGL_302j/LIB_ELF/LIBSGL.A(sglB035.o)
 .text          0x0600f890        0x0 /home/pi/joengine/Compiler/COMMON/SGL_302j/LIB_ELF/LIBSGL.A(sglB036.o)
 .text          0x0600f890        0x0 /home/pi/joengine/Compiler/COMMON/SGL_302j/LIB_ELF/LIBSGL.A(sglB038.o)
 .text          0x0600f890        0x0 /home/pi/joengine/Compiler/COMMON/SGL_302j/LIB_ELF/LIBSGL.A(sglB039.o)
 .text          0x0600f890        0x0 /home/pi/joengine/Compiler/COMMON/SGL_302j/LIB_ELF/LIBSGL.A(sglB040.o)
 .text          0x0600f890        0x0 /home/pi/joengine/Compiler/COMMON/SGL_302j/LIB_ELF/LIBSGL.A(sglB041.o)
 .text          0x0600f890        0x0 /home/pi/joengine/Compiler/COMMON/SGL_302j/LIB_ELF/LIBSGL.A(sglB043.o)
 .text          0x0600f890        0x0 /home/pi/joengine/Compiler/COMMON/SGL_302j/LIB_ELF/LIBSGL.A(sglB047.o)
 .text          0x0600f890        0x0 /home/pi/joengine/Compiler/COMMON/SGL_302j/LIB_ELF/LIBSGL.A(sglB048.o)
 .text          0x0600f890        0x0 /home/pi/joengine/Compiler/COMMON/SGL_302j/LIB_ELF/LIBSGL.A(sglB055.o)
 .text          0x0600f890        0x0 /home/pi/joengine/Compiler/COMMON/SGL_302j/LIB_ELF/LIBSGL.A(sglB056.o)
 .text          0x0600f890        0x0 /home/pi/joengine/Compiler/COMMON/SGL_302j/LIB_ELF/LIBSGL.A(sglB057.o)
 .text          0x0600f890        0x0 /home/pi/joengine/Compiler/COMMON/SGL_302j/LIB_ELF/LIBSGL.A(sglB058.o)
 .text          0x0600f890        0x0 /home/pi/joengine/Compiler/COMMON/SGL_302j/LIB_ELF/LIBSGL.A(sglB059.o)
 .text          0x0600f890        0x0 /home/pi/joengine/Compiler/COMMON/SGL_302j/LIB_ELF/LIBSGL.A(sglB060.o)
 .text          0x0600f890        0x0 /home/pi/joengine/Compiler/COMMON/SGL_302j/LIB_ELF/LIBSGL.A(sglB063.o)
 .text          0x0600f890        0x0 /home/pi/joengine/Compiler/COMMON/SGL_302j/LIB_ELF/LIBSGL.A(sglB087.o)
 .text          0x0600f890        0x0 /home/pi/joengine/Compiler/COMMON/SGL_302j/LIB_ELF/LIBSGL.A(sglB088.o)
 .text          0x0600f890        0x0 /home/pi/joengine/Compiler/COMMON/SGL_302j/LIB_ELF/LIBSGL.A(sglB090.o)
 .text          0x0600f890        0x0 /home/pi/joengine/Compiler/COMMON/SGL_302j/LIB_ELF/LIBSGL.A(sglB117.o)
 .text          0x0600f890        0x0 /home/pi/joengine/Compiler/COMMON/SGL_302j/LIB_ELF/LIBSGL.A(sglB200.o)
 .text          0x0600f890        0x0 /home/pi/joengine/Compiler/COMMON/SGL_302j/LIB_ELF/LIBSGL.A(sglC05.o)
 .text          0x0600f890        0x0 /home/pi/joengine/Compiler/COMMON/SGL_302j/LIB_ELF/LIBSGL.A(sglC06.o)
 .text          0x0600f890        0x0 /home/pi/joengine/Compiler/COMMON/SGL_302j/LIB_ELF/LIBSGL.A(sglC07.o)
 .text          0x0600f890        0x0 /home/pi/joengine/Compiler/COMMON/SGL_302j/LIB_ELF/LIBSGL.A(sglC17.o)
 .text          0x0600f890        0x0 /home/pi/joengine/Compiler/COMMON/SGL_302j/LIB_ELF/LIBSGL.A(sglC19.o)
 .text          0x0600f890        0x0 /home/pi/joengine/Compiler/COMMON/SGL_302j/LIB_ELF/LIBSGL.A(sglC20.o)
 .text          0x0600f890        0x0 /home/pi/joengine/Compiler/COMMON/SGL_302j/LIB_ELF/LIBSGL.A(sglC21.o)
 .text          0x0600f890        0x0 /home/pi/joengine/Compiler/COMMON/SGL_302j/LIB_ELF/LIBSGL.A(sglD00.o)
 .text          0x0600f890        0x0 /home/pi/joengine/Compiler/COMMON/SGL_302j/LIB_ELF/LIBSGL.A(sglD01.o)
 .text          0x0600f890        0x0 /home/pi/joengine/Compiler/COMMON/SGL_302j/LIB_ELF/LIBSGL.A(sglD03.o)
 .text          0x0600f890        0x0 /home/pi/joengine/Compiler/COMMON/SGL_302j/LIB_ELF/LIBSGL.A(sglD15.o)
 .text          0x0600f890        0x0 /home/pi/joengine/Compiler/COMMON/SGL_302j/LIB_ELF/LIBSGL.A(sglD16.o)
 .text          0x0600f890        0x0 /home/pi/joengine/Compiler/COMMON/SGL_302j/LIB_ELF/LIBSGL.A(sglD17.o)
 .text          0x0600f890        0x0 /home/pi/joengine/Compiler/COMMON/SGL_302j/LIB_ELF/LIBSGL.A(sglD18.o)
 .text          0x0600f890        0x0 /home/pi/joengine/Compiler/COMMON/SGL_302j/LIB_ELF/LIBSGL.A(sglF08.o)
 .text          0x0600f890        0x0 /home/pi/joengine/Compiler/COMMON/SGL_302j/LIB_ELF/LIBSGL.A(sglH00.o)
 .text          0x0600f890        0x0 /home/pi/joengine/Compiler/COMMON/SGL_302j/LIB_ELF/LIBSGL.A(sglH01.o)
 .text          0x0600f890        0x0 /home/pi/joengine/Compiler/COMMON/SGL_302j/LIB_ELF/LIBSGL.A(sglH02.o)
 .text          0x0600f890        0x0 /home/pi/joengine/Compiler/COMMON/SGL_302j/LIB_ELF/LIBSGL.A(sglH04.o)
 .text          0x0600f890        0x0 /home/pi/joengine/Compiler/COMMON/SGL_302j/LIB_ELF/LIBSGL.A(sglI01.o)
 .text          0x0600f890        0x0 /home/pi/joengine/Compiler/COMMON/SGL_302j/LIB_ELF/LIBSGL.A(sglI04.o)
 .text          0x0600f890      0x128 /home/pi/joengine/Compiler/COMMON/SGL_302j/LIB_ELF/LIBSGL.A(sglIc0.o)
                0x0600f890                _slInitSystem
 *fill*         0x0600f9b8        0x8 
 .text          0x0600f9c0        0x0 /home/pi/joengine/Compiler/COMMON/SGL_302j/LIB_ELF/LIBSGL.A(sglJ00.o)
 .text          0x0600f9c0        0x0 /home/pi/joengine/Compiler/COMMON/SGL_302j/LIB_ELF/LIBSGL.A(sglJ01.o)
 .text          0x0600f9c0        0x0 /home/pi/joengine/Compiler/COMMON/SGL_302j/LIB_ELF/LIBSGL.A(sglJ02.o)
 .text          0x0600f9c0        0x0 /home/pi/joengine/Compiler/COMMON/SGL_302j/LIB_ELF/LIBSGL.A(sglJ03.o)
 .text          0x0600f9c0        0x0 /home/pi/joengine/Compiler/COMMON/SGL_302j/LIB_ELF/LIBSGL.A(sglJ04.o)
 .text          0x0600f9c0        0x0 /home/pi/joengine/Compiler/COMMON/SGL_302j/LIB_ELF/LIBSGL.A(sglJ05.o)
 .text          0x0600f9c0        0x0 /home/pi/joengine/Compiler/COMMON/SGL_302j/LIB_ELF/LIBSGL.A(sglK01.o)
 .text          0x0600f9c0        0x0 /home/pi/joengine/Compiler/COMMON/SGL_302j/LIB_ELF/LIBSGL.A(sglM01.o)
 .text          0x0600f9c0        0x0 /home/pi/joengine/Compiler/COMMON/SGL_302j/LIB_ELF/LIBSGL.A(sglA00.o)
 .text          0x0600f9c0        0x0 /home/pi/joengine/Compiler/COMMON/SGL_302j/LIB_ELF/LIBSGL.A(sglA20.o)
 .text          0x0600f9c0        0x0 /home/pi/joengine/Compiler/COMMON/SGL_302j/LIB_ELF/LIBSGL.A(sglB000.o)
 .text          0x0600f9c0        0x0 /home/pi/joengine/Compiler/COMMON/SGL_302j/LIB_ELF/LIBSGL.A(sglC00.o)
 .text          0x0600f9c0        0x0 /home/pi/joengine/Compiler/COMMON/SGL_302j/LIB_ELF/LIBSGL.A(sglI00.o)
 .text          0x0600f9c0        0x0 /home/pi/joengine/Compiler/COMMON/SGL_302j/LIB_ELF/LIBSGL.A(sglH03.o)
 .text          0x0600f9c0       0x52 /opt/sh-elf/lib/gcc/sh-elf/13.2.0/m2/libgcc.a(_ashiftrt.o)
                0x0600f9c0                ___ashiftrt_r4_31
                0x0600f9c0                ___ashiftrt_r4_32
                0x0600f9c6                ___ashiftrt_r4_30
                0x0600f9c8                ___ashiftrt_r4_29
                0x0600f9ca                ___ashiftrt_r4_28
                0x0600f9cc                ___ashiftrt_r4_27
                0x0600f9ce                ___ashiftrt_r4_26
                0x0600f9d0                ___ashiftrt_r4_25
                0x0600f9d2                ___ashiftrt_r4_24
                0x0600f9da                ___ashiftrt_r4_23
                0x0600f9dc                ___ashiftrt_r4_22
                0x0600f9de                ___ashiftrt_r4_21
                0x0600f9e0                ___ashiftrt_r4_20
                0x0600f9e2                ___ashiftrt_r4_19
                0x0600f9e4                ___ashiftrt_r4_18
                0x0600f9e6                ___ashiftrt_r4_17
                0x0600f9e8                ___ashiftrt_r4_16
                0x0600f9ee                ___ashiftrt_r4_15
                0x0600f9f0                ___ashiftrt_r4_14
                0x0600f9f2                ___ashiftrt_r4_13
                0x0600f9f4                ___ashiftrt_r4_12
                0x0600f9f6                ___ashiftrt_r4_11
                0x0600f9f8                ___ashiftrt_r4_10
                0x0600f9fa                ___ashiftrt_r4_9
                0x0600f9fc                ___ashiftrt_r4_8
                0x0600f9fe                ___ashiftrt_r4_7
                0x0600fa00                ___ashiftrt_r4_6
                0x0600fa02                ___ashiftrt_r4_5
                0x0600fa04                ___ashiftrt_r4_4
                0x0600fa06                ___ashiftrt_r4_3
                0x0600fa08                ___ashiftrt_r4_2
                0x0600fa0a                ___ashiftrt_r4_1
                0x0600fa0e                ___ashiftrt_r4_0
 *fill*         0x0600fa12        0x2 
 .text          0x0600fa14       0xa0 /opt/sh-elf/lib/gcc/sh-elf/13.2.0/m2/libgcc.a(_sdivsi3.o)
                0x0600fa14                ___sdivsi3
 .text          0x0600fab4       0x6c /opt/sh-elf/lib/gcc/sh-elf/13.2.0/m2/libgcc.a(_udivsi3.o)
                0x0600fad6                ___udivsi3
 .text          0x0600fb20       0x80 /opt/sh-elf/lib/gcc/sh-elf/13.2.0/m2/libgcc.a(_ashiftrt_n.o)
                0x0600fb20                ___ashrsi3
 .text          0x0600fba0       0xbc /opt/sh-elf/lib/gcc/sh-elf/13.2.0/m2/libgcc.a(_ashiftlt.o)
                0x0600fba0                ___ashlsi3
                0x0600fba4                ___ashlsi3_r0
 .text          0x0600fc5c       0xbc /opt/sh-elf/lib/gcc/sh-elf/13.2.0/m2/libgcc.a(_lshiftrt.o)
                0x0600fc5c                ___lshrsi3
                0x0600fc60                ___lshrsi3_r0
 .text          0x0600fd18      0x128 /opt/sh-elf/lib/gcc/sh-elf/13.2.0/m2/libgcc.a(_mul_sf.o)
                0x0600fd18                ___mulsf3
 .text          0x0600fe40       0x84 /opt/sh-elf/lib/gcc/sh-elf/13.2.0/m2/libgcc.a(_si_to_sf.o)
                0x0600fe40                ___floatsisf
 .text          0x0600fec4       0x70 /opt/sh-elf/lib/gcc/sh-elf/13.2.0/m2/libgcc.a(_sf_to_si.o)
                0x0600fec4                ___fixsfsi
 .text          0x0600ff34        0x0 /opt/sh-elf/lib/gcc/sh-elf/13.2.0/m2/libgcc.a(_thenan_sf.o)
 .text          0x0600ff34       0x94 /opt/sh-elf/lib/gcc/sh-elf/13.2.0/m2/libgcc.a(_usi_to_sf.o)
                0x0600ff34                ___floatunsisf
 .text          0x0600ffc8       0x74 /opt/sh-elf/lib/gcc/sh-elf/13.2.0/m2/libgcc.a(_clzsi2.o)
                0x0600ffc8                ___clzsi2
 .text          0x0601003c      0x114 /opt/sh-elf/lib/gcc/sh-elf/13.2.0/m2/libgcc.a(_pack_sf.o)
                0x0601003c                ___pack_f
 .text          0x06010150       0xa0 /opt/sh-elf/lib/gcc/sh-elf/13.2.0/m2/libgcc.a(_unpack_sf.o)
                0x06010150                ___unpack_f
 .text          0x060101f0        0x0 /opt/sh-elf/lib/gcc/sh-elf/13.2.0/m2/libgcc.a(_clz.o)
 *(.strings)
 *(SEGA_P)
 *(.eh_frame_hdr)
 *(.eh_frame)
                0x060101f0                        __etext = .

.text.startup   0x060101f0      0xac0
 .text.startup  0x060101f0      0xabc /tmp/ccS3lqtf.ltrans0.ltrans.o
                0x060101f0                _main

SLPROG          0x06010cc0    0x10fa0
                0x06010cc0                        __slprog_start = .
 *(SLPROG)
 SLPROG         0x06010cc0     0x6540 /home/pi/joengine/Compiler/COMMON/SGL_302j/LIB_ELF/SGLAREA.O
                0x06010cc0                _MasterStack
                0x06010cc4                _SlaveStack
                0x06010cc8                _MaxVertices
                0x06010cca                _MaxPolygons
                0x06010ccc                _SortList
                0x06010cd0                _SortListSize
                0x06010cd4                _TransList
                0x06010cd8                _Zbuffer
                0x06010cdc                _SpriteBuf
                0x06010ce0                _SpriteBufSize
                0x06010ce4                _Pbuffer
                0x06010ce8                _CommandBuf
                0x06010cec                _CLOfstBuf
                0x06010cf0                _PCM_Work
                0x06010cf4                _PCM_WkSize
                0x06010cf8                _MaxEvents
                0x06010cfa                _EventSize
                0x06010cfc                _MaxWorks
                0x06010cfe                _WorkSize
                0x06010d00                _RemainEvent
                0x06010e00                _RemainWork
                0x06011200                _EventBuf
                0x06013200                _WorkBuf
 SLPROG         0x06017200     0x411e /home/pi/joengine/Compiler/COMMON/SGL_302j/LIB_ELF/LIBSGL.A(sglA01.o)
                0x06017200                _slSin
                0x06017224                _slCos
                0x06017248                GetSinCos
                0x060172dc                _sin_cos_index_tbl
                0x0601731c                _sin_tbl
 *fill*         0x0601b31e        0x2 
 SLPROG         0x0601b320       0x18 /home/pi/joengine/Compiler/COMMON/SGL_302j/LIB_ELF/LIBSGL.A(sglA15.o)
                0x0601b320                _slSlaveFunc
 *fill*         0x0601b338        0x8 
 SLPROG         0x0601b340       0x20 /home/pi/joengine/Compiler/COMMON/SGL_302j/LIB_ELF/LIBSGL.A(sglB001.o)
                0x0601b340                _slTVOn
                0x0601b34a                _slTVOff
 SLPROG         0x0601b360       0x24 /home/pi/joengine/Compiler/COMMON/SGL_302j/LIB_ELF/LIBSGL.A(sglB011.o)
                0x0601b360                _slBitMapNbg1
 *fill*         0x0601b384        0xc 
 SLPROG         0x0601b390        0x8 /home/pi/joengine/Compiler/COMMON/SGL_302j/LIB_ELF/LIBSGL.A(sglB014.o)
                0x0601b390                _slScrTransparent
 *fill*         0x0601b398        0x8 
 SLPROG         0x0601b3a0      0x40c /home/pi/joengine/Compiler/COMMON/SGL_302j/LIB_ELF/LIBSGL.A(sglB015.o)
                0x0601b3a0                _slScrAutoDisp
 *fill*         0x0601b7ac        0x4 
 SLPROG         0x0601b7b0        0xc /home/pi/joengine/Compiler/COMMON/SGL_302j/LIB_ELF/LIBSGL.A(sglB016.o)
                0x0601b7b0                _slBack1ColSet
 *fill*         0x0601b7bc        0x4 
 SLPROG         0x0601b7c0       0x10 /home/pi/joengine/Compiler/COMMON/SGL_302j/LIB_ELF/LIBSGL.A(sglB020.o)
                0x0601b7c0                _slColorCalc
 SLPROG         0x0601b7d0        0xc /home/pi/joengine/Compiler/COMMON/SGL_302j/LIB_ELF/LIBSGL.A(sglB021.o)
                0x0601b7d0                _slColorCalcOn
 *fill*         0x0601b7dc        0x4 
 SLPROG         0x0601b7e0        0xc /home/pi/joengine/Compiler/COMMON/SGL_302j/LIB_ELF/LIBSGL.A(sglB023.o)
                0x0601b7e0                _slColRate
 *fill*         0x0601b7ec        0x4 
 SLPROG         0x0601b7f0       0x10 /home/pi/joengine/Compiler/COMMON/SGL_302j/LIB_ELF/LIBSGL.A(sglB027.o)
                0x0601b7f0                _slColOffsetA
 SLPROG         0x0601b800       0xb0 /home/pi/joengine/Compiler/COMMON/SGL_302j/LIB_ELF/LIBSGL.A(sglB031.o)
                0x0601b800                _slMapNbg0
 SLPROG         0x0601b8b0       0xb4 /home/pi/joengine/Compiler/COMMON/SGL_302j/LIB_ELF/LIBSGL.A(sglB032.o)
                0x0601b8b0                _slMapNbg1
 *fill*         0x0601b964        0xc 
 SLPROG         0x0601b970       0xb0 /home/pi/joengine/Compiler/COMMON/SGL_302j/LIB_ELF/LIBSGL.A(sglB033.o)
                0x0601b970                _slMapNbg2
 SLPROG         0x0601ba20       0xb4 /home/pi/joengine/Compiler/COMMON/SGL_302j/LIB_ELF/LIBSGL.A(sglB034.o)
                0x0601ba20                _slMapNbg3
 *fill*         0x0601bad4        0xc 
 SLPROG         0x0601bae0       0xd4 /home/pi/joengine/Compiler/COMMON/SGL_302j/LIB_ELF/LIBSGL.A(sglB035.o)
                0x0601bae0                _sl1MapRA
                0x0601bb72                rbank_set
 *fill*         0x0601bbb4        0xc 
 SLPROG         0x0601bbc0       0xa0 /home/pi/joengine/Compiler/COMMON/SGL_302j/LIB_ELF/LIBSGL.A(sglB036.o)
                0x0601bbc0                _sl1MapRB
 SLPROG         0x0601bc60       0x70 /home/pi/joengine/Compiler/COMMON/SGL_302j/LIB_ELF/LIBSGL.A(sglB038.o)
                0x0601bc60                _slRparaInitSet
 SLPROG         0x0601bcd0       0x7e /home/pi/joengine/Compiler/COMMON/SGL_302j/LIB_ELF/LIBSGL.A(sglB039.o)
                0x0601bcd0                _slMakeKtable
 *fill*         0x0601bd4e        0x2 
 SLPROG         0x0601bd50       0x58 /home/pi/joengine/Compiler/COMMON/SGL_302j/LIB_ELF/LIBSGL.A(sglB040.o)
                0x0601bd50                _slKtableRA
 *fill*         0x0601bda8        0x8 
 SLPROG         0x0601bdb0       0x5c /home/pi/joengine/Compiler/COMMON/SGL_302j/LIB_ELF/LIBSGL.A(sglB041.o)
                0x0601bdb0                _slKtableRB
 *fill*         0x0601be0c        0x4 
 SLPROG         0x0601be10        0x8 /home/pi/joengine/Compiler/COMMON/SGL_302j/LIB_ELF/LIBSGL.A(sglB043.o)
                0x0601be10                _slRparaMode
 *fill*         0x0601be18        0x8 
 SLPROG         0x0601be20        0xc /home/pi/joengine/Compiler/COMMON/SGL_302j/LIB_ELF/LIBSGL.A(sglB047.o)
                0x0601be20                _slOverRA
 *fill*         0x0601be2c        0x4 
 SLPROG         0x0601be30       0x10 /home/pi/joengine/Compiler/COMMON/SGL_302j/LIB_ELF/LIBSGL.A(sglB048.o)
                0x0601be30                _slOverRB
 SLPROG         0x0601be40        0xc /home/pi/joengine/Compiler/COMMON/SGL_302j/LIB_ELF/LIBSGL.A(sglB055.o)
                0x0601be40                _slPlaneNbg0
 *fill*         0x0601be4c        0x4 
 SLPROG         0x0601be50        0xc /home/pi/joengine/Compiler/COMMON/SGL_302j/LIB_ELF/LIBSGL.A(sglB056.o)
                0x0601be50                _slPlaneNbg1
 *fill*         0x0601be5c        0x4 
 SLPROG         0x0601be60       0x10 /home/pi/joengine/Compiler/COMMON/SGL_302j/LIB_ELF/LIBSGL.A(sglB057.o)
                0x0601be60                _slPlaneNbg2
 SLPROG         0x0601be70       0x10 /home/pi/joengine/Compiler/COMMON/SGL_302j/LIB_ELF/LIBSGL.A(sglB058.o)
                0x0601be70                _slPlaneNbg3
 SLPROG         0x0601be80        0xc /home/pi/joengine/Compiler/COMMON/SGL_302j/LIB_ELF/LIBSGL.A(sglB059.o)
                0x0601be80                _slPlaneRA
 *fill*         0x0601be8c        0x4 
 SLPROG         0x0601be90       0x10 /home/pi/joengine/Compiler/COMMON/SGL_302j/LIB_ELF/LIBSGL.A(sglB060.o)
                0x0601be90                _slPlaneRB
 SLPROG         0x0601bea0        0xc /home/pi/joengine/Compiler/COMMON/SGL_302j/LIB_ELF/LIBSGL.A(sglB063.o)
                0x0601bea0                _slPriority
 *fill*         0x0601beac        0x4 
 SLPROG         0x0601beb0       0x18 /home/pi/joengine/Compiler/COMMON/SGL_302j/LIB_ELF/LIBSGL.A(sglB087.o)
                0x0601beb0                _slLineScrollTable0
 *fill*         0x0601bec8        0x8 
 SLPROG         0x0601bed0        0x8 /home/pi/joengine/Compiler/COMMON/SGL_302j/LIB_ELF/LIBSGL.A(sglB088.o)
                0x0601bed0                _slLineScrollTable1
 *fill*         0x0601bed8        0x8 
 SLPROG         0x0601bee0        0xc /home/pi/joengine/Compiler/COMMON/SGL_302j/LIB_ELF/LIBSGL.A(sglB090.o)
                0x0601bee0                _slLineScrollMode
 *fill*         0x0601beec        0x4 
 SLPROG         0x0601bef0       0x10 /home/pi/joengine/Compiler/COMMON/SGL_302j/LIB_ELF/LIBSGL.A(sglB117.o)
                0x0601bef0                _slColOffsetAUse
 SLPROG         0x0601bf00      0x114 /home/pi/joengine/Compiler/COMMON/SGL_302j/LIB_ELF/LIBSGL.A(sglB200.o)
                0x0601bf00                _slCharRbg0
                0x0601bf0c                _slCharNbg0
                0x0601bf18                _slCharNbg1
                0x0601bf24                _slCharNbg2
                0x0601bf3a                _slCharNbg3
                0x0601bf52                _slPageRbg0
                0x0601bf68                _slPageNbg1
                0x0601bf70                _slPageNbg2
                0x0601bf78                _slPageNbg3
                0x0601bf84                _slPageNbg0
 *fill*         0x0601c014        0xc 
 SLPROG         0x0601c020       0x78 /home/pi/joengine/Compiler/COMMON/SGL_302j/LIB_ELF/LIBSGL.A(sglC05.o)
                0x0601c020                _slSetSprite
 *fill*         0x0601c098        0x8 
 SLPROG         0x0601c0a0       0xfa /home/pi/joengine/Compiler/COMMON/SGL_302j/LIB_ELF/LIBSGL.A(sglC06.o)
                0x0601c0a0                _slDispSprite
 *fill*         0x0601c19a        0x6 
 SLPROG         0x0601c1a0      0x162 /home/pi/joengine/Compiler/COMMON/SGL_302j/LIB_ELF/LIBSGL.A(sglC07.o)
                0x0601c1a6                _slPutSprite
 *fill*         0x0601c302        0xe 
 SLPROG         0x0601c310       0x4c /home/pi/joengine/Compiler/COMMON/SGL_302j/LIB_ELF/LIBSGL.A(sglC17.o)
                0x0601c310                _slDispSpriteHV
 *fill*         0x0601c35c        0x4 
 SLPROG         0x0601c360       0xd4 /home/pi/joengine/Compiler/COMMON/SGL_302j/LIB_ELF/LIBSGL.A(sglC19.o)
                0x0601c360                _slDispSprite4P
 *fill*         0x0601c434        0xc 
 SLPROG         0x0601c440       0x40 /home/pi/joengine/Compiler/COMMON/SGL_302j/LIB_ELF/LIBSGL.A(sglC20.o)
                0x0601c440                SpriteEntry
 SLPROG         0x0601c480      0x4ae /home/pi/joengine/Compiler/COMMON/SGL_302j/LIB_ELF/LIBSGL.A(sglC21.o)
                0x0601c508                RotSprite
                0x0601c596                SetSprPosition
 *fill*         0x0601c92e        0x2 
 SLPROG         0x0601c930       0x84 /home/pi/joengine/Compiler/COMMON/SGL_302j/LIB_ELF/LIBSGL.A(sglD00.o)
                0x0601c930                _slDMACopy
                0x0601c930                _slCpuDMACopy
                0x0601c98a                _slCashPurge
                0x0601c98a                _CSH_AllClr
 *fill*         0x0601c9b4        0xc 
 SLPROG         0x0601c9c0       0xa0 /home/pi/joengine/Compiler/COMMON/SGL_302j/LIB_ELF/LIBSGL.A(sglD01.o)
                0x0601c9c0                _slDMAXCopy
 SLPROG         0x0601ca60        0xc /home/pi/joengine/Compiler/COMMON/SGL_302j/LIB_ELF/LIBSGL.A(sglD03.o)
                0x0601ca60                _slDMAStatus
 *fill*         0x0601ca6c        0x4 
 SLPROG         0x0601ca70       0x20 /home/pi/joengine/Compiler/COMMON/SGL_302j/LIB_ELF/LIBSGL.A(sglD15.o)
                0x0601ca70                _CSH_Purge
 SLPROG         0x0601ca90       0x84 /home/pi/joengine/Compiler/COMMON/SGL_302j/LIB_ELF/LIBSGL.A(sglD16.o)
                0x0601ca90                _DMA_ScuSetPrm
                0x0601cad8                DMA_SCU_PRM0
 *fill*         0x0601cb14        0xc 
 SLPROG         0x0601cb20       0x88 /home/pi/joengine/Compiler/COMMON/SGL_302j/LIB_ELF/LIBSGL.A(sglD17.o)
                0x0601cb20                _DMA_ScuStart
 *fill*         0x0601cba8        0x8 
 SLPROG         0x0601cbb0       0x34 /home/pi/joengine/Compiler/COMMON/SGL_302j/LIB_ELF/LIBSGL.A(sglD18.o)
                0x0601cbb0                _DMA_ScuGetStatus
 *fill*         0x0601cbe4        0xc 
 SLPROG         0x0601cbf0       0x34 /home/pi/joengine/Compiler/COMMON/SGL_302j/LIB_ELF/LIBSGL.A(sglF08.o)
                0x0601cbf0                _slDec2Hex
 *fill*         0x0601cc24        0xc 
 SLPROG         0x0601cc30      0xfc8 /home/pi/joengine/Compiler/COMMON/SGL_302j/LIB_ELF/LIBSGL.A(sglH00.o)
                0x0601cc48                _slGetPortDir1
                0x0601cc50                _slGetPortDir2
                0x0601cc58                _slSetPortDir1
                0x0601cc82                _slSetPortDir2
                0x0601ccbc                _slGetPortData1
                0x0601ccc4                _slGetPortData2
                0x0601cccc                _slSetPortData1
                0x0601ccd6                _slSetPortData2
                0x0601cce8                _slGetPortSelect1
                0x0601ccf2                _slGetPortSelect2
                0x0601ccfc                _slSetPortSelect1
                0x0601cd30                _slSetPortSelect2
                0x0601cd6c                _slGetPortExt1
                0x0601cd76                _slGetPortExt2
                0x0601cd80                _slSetPortExt1
                0x0601cdb0                _slSetPortExt2
                0x0601cf24                _slSmpcDirectAccess
                0x0601cfa4                _slInitPeripheral
                0x0601d036                _slSetResultBuffer
                0x0601d0c2                _slCheckIntBackSet
                0x0601d0ce                _slIntBackCancel
                0x0601d0f8                _slCheckReset
                0x0601d102                _slClearReset
                0x0601d2c8                _slSmpcCashSend
                0x0601d384                _slSmpcCashBlow
                0x0601d460                _slGetOptimize
                0x0601d46a                _slSetOptimize
                0x0601d490                _slGetPortMode1
                0x0601d49c                _slGetPortMode2
                0x0601d4aa                _slSetPortMode1
                0x0601d4e8                _slSetPortMode2
                0x0601d674                _slRequestCommand
                0x0601d6e4                _Smpc_Status
                0x0601d6e8                _Smpc_Result
                0x0601d6ec                _Smpc_Peripheral
                0x0601d6f2                _Per_Connect1
                0x0601d6f3                _Per_Connect2
                0x0601d714                _SmpcStatusBuf
 *fill*         0x0601dbf8        0x8 
 SLPROG         0x0601dc00       0xa8 /home/pi/joengine/Compiler/COMMON/SGL_302j/LIB_ELF/LIBSGL.A(sglH01.o)
                0x0601dc00                _slGetLanguage
                0x0601dc0a                _slSetLanguage
                0x0601dc2c                _slGetSoundEffect
                0x0601dc38                _slSetSoundEffect
                0x0601dc54                _slGetSoundOutput
                0x0601dc60                _slSetSoundOutput
                0x0601dc7c                _slGetHelpWindow
                0x0601dc88                _slSetHelpWindow
 *fill*         0x0601dca8        0x8 
 SLPROG         0x0601dcb0      0x470 /home/pi/joengine/Compiler/COMMON/SGL_302j/LIB_ELF/LIBSGL.A(sglH02.o)
                0x0601e0a0                smpc_pfr_tbl
                0x0601e0e0                smpc_ptf_tbl
 SLPROG         0x0601e120       0x60 /home/pi/joengine/Compiler/COMMON/SGL_302j/LIB_ELF/LIBSGL.A(sglH04.o)
                0x0601e120                _slComPrmIntBack
                0x0601e134                _slComPrmSetMemory
                0x0601e14a                _slComPrmSetTime
 SLPROG         0x0601e180      0x3a4 /home/pi/joengine/Compiler/COMMON/SGL_302j/LIB_ELF/LIBSGL.A(sglI01.o)
                0x0601e180                _slInitSynch
                0x0601e19a                _slSynch
                0x0601e290                _slRandom
                0x0601e2ae                _PCM_EndCheck
                0x0601e36a                RetPCMBuf
                0x0601e404                _PCM_Buf
                0x0601e4a4                _Sound_Buf
 *fill*         0x0601e524        0xc 
 SLPROG         0x0601e530       0x10 /home/pi/joengine/Compiler/COMMON/SGL_302j/LIB_ELF/LIBSGL.A(sglI04.o)
                0x0601e530                _slIntFunction
 SLPROG         0x0601e540       0x74 /home/pi/joengine/Compiler/COMMON/SGL_302j/LIB_ELF/LIBSGL.A(sglJ00.o)
                0x0601e540                _InitSlaveSH
                0x0601e5a8                _SlaveCommand
 *fill*         0x0601e5b4        0xc 
 SLPROG         0x0601e5c0      0x3d0 /home/pi/joengine/Compiler/COMMON/SGL_302j/LIB_ELF/LIBSGL.A(sglJ01.o)
                0x0601e5c0                _SlaveControl
                0x0601e97c                ErasePolygonData
 SLPROG         0x0601e990     0x12b8 /home/pi/joengine/Compiler/COMMON/SGL_302j/LIB_ELF/LIBSGL.A(sglJ02.o)
                0x0601e990                _sbMakePolygon
                0x0601eb78                _sbCalcPolygon
                0x0601f8b0                SetTexture
                0x0601f8bc                SetPolygon
                0x0601f8c4                SetPosition
                0x0601f8fc                stvtc_4
                0x0601f9b4                stvtc_3
                0x0601fbc4                stvtc_1
                0x0601fbd8                stvtc_2
                0x0601fbec                stvtc_0
 *fill*         0x0601fc48        0x8 
 SLPROG         0x0601fc50      0x140 /home/pi/joengine/Compiler/COMMON/SGL_302j/LIB_ELF/LIBSGL.A(sglJ03.o)
                0x0601fc50                _sbMakeDMATable
 SLPROG         0x0601fd90      0x470 /home/pi/joengine/Compiler/COMMON/SGL_302j/LIB_ELF/LIBSGL.A(sglJ04.o)
                0x0601fdee                _sbMakeSprite
                0x0601fe54                _sbMakeRotSprite
 SLPROG         0x06020200       0x3c /home/pi/joengine/Compiler/COMMON/SGL_302j/LIB_ELF/LIBSGL.A(sglJ05.o)
                0x06020200                _sbSortEntry
 *fill*         0x0602023c        0x4 
 SLPROG         0x06020240       0x6a /home/pi/joengine/Compiler/COMMON/SGL_302j/LIB_ELF/LIBSGL.A(sglM01.o)
                0x06020240                _slSetDepthLimit
                0x0602026c                _slSetDepthTbl
                0x0602029c                DepthWorkArea
 *fill*         0x060202aa        0x6 
 SLPROG         0x060202b0       0x20 /home/pi/joengine/Compiler/COMMON/SGL_302j/LIB_ELF/LIBSGL.A(sglA00.o)
                0x060202b0                _set_imask
                0x060202b0                __builtin_set_imask
                0x060202c4                _get_imask
                0x060202c4                __builtin_get_imask
 SLPROG         0x060202d0      0x42c /home/pi/joengine/Compiler/COMMON/SGL_302j/LIB_ELF/LIBSGL.A(sglA20.o)
                0x060202d0                _slInitMatrix
                0x060202da                _slPushUnitMatrix
                0x060202ee                _slUnitMatrix
 *fill*         0x060206fc        0x4 
 SLPROG         0x06020700      0xbd0 /home/pi/joengine/Compiler/COMMON/SGL_302j/LIB_ELF/LIBSGL.A(sglB000.o)
                0x06020700                _slInitScroll
                0x06020820                _setASC_1to8
                0x06020850                _setASC_4to8
                0x06020960                TVSizeTbl
                0x060209e0                TVModeTbl
                0x06020bb8                _SGL_ASCII_CG
 SLPROG         0x060212d0      0x134 /home/pi/joengine/Compiler/COMMON/SGL_302j/LIB_ELF/LIBSGL.A(sglC00.o)
                0x060212d0                _slInitSprite
 *fill*         0x06021404        0xc 
 SLPROG         0x06021410      0x75c /home/pi/joengine/Compiler/COMMON/SGL_302j/LIB_ELF/LIBSGL.A(sglI00.o)
                0x06021700                _slInitInterrupt
 *fill*         0x06021b6c        0x4 
 SLPROG         0x06021b70       0xf0 /home/pi/joengine/Compiler/COMMON/SGL_302j/LIB_ELF/LIBSGL.A(sglH03.o)
                0x06021bd4                _slSmpcIntBack
                0x06021c60                        __slprog_end = .

.tors           0x06021c60        0x0
                0x06021c60                        ___ctors = .
 *(.ctors)
                0x06021c60                        ___ctors_end = .
                0x06021c60                        ___dtors = .
 *(.dtors)
                0x06021c60                        ___dtors_end = .

.data           0x06021c60      0x100
 *(.data)
 .data          0x06021c60        0x0 /home/pi/joengine/Compiler/COMMON/SGL_302j/LIB_ELF/SGLAREA.O
 .data          0x06021c60       0x80 /tmp/ccS3lqtf.ltrans0.ltrans.o
 .data          0x06021ce0        0x0 /home/pi/joengine/Compiler/COMMON/SGL_302j/LIB_ELF/SEGA_SYS.A(sys_exit.o)
 .data          0x06021ce0        0x0 /home/pi/joengine/Compiler/COMMON/SGL_302j/LIB_ELF/SEGA_SYS.A(sys_sub.o)
 .data          0x06021ce0        0x0 /home/pi/joengine/Compiler/COMMON/SGL_302j/LIB_ELF/LIBCD.A(CDC_CMN.O)
 .data          0x06021ce0        0x0 /home/pi/joengine/Compiler/COMMON/SGL_302j/LIB_ELF/LIBCD.A(CDC_CFS.O)
 .data          0x06021ce0        0x0 /home/pi/joengine/Compiler/COMMON/SGL_302j/LIB_ELF/LIBCD.A(CDC_REG.O)
 .data          0x06021ce0        0x0 /home/pi/joengine/Compiler/COMMON/SGL_302j/LIB_ELF/LIBCD.A(CDC_SUB.O)
 .data          0x06021ce0        0x0 /home/pi/joengine/Compiler/COMMON/SGL_302j/LIB_ELF/LIBCD.A(GFS.O)
 .data          0x06021ce0        0x0 /home/pi/joengine/Compiler/COMMON/SGL_302j/LIB_ELF/LIBCD.A(GFS_BUF.O)
 .data          0x06021ce0        0x0 /home/pi/joengine/Compiler/COMMON/SGL_302j/LIB_ELF/LIBCD.A(GFS_CDB.O)
 .data          0x06021ce0        0x0 /home/pi/joengine/Compiler/COMMON/SGL_302j/LIB_ELF/LIBCD.A(GFS_CDC.O)
 .data          0x06021ce0        0x0 /home/pi/joengine/Compiler/COMMON/SGL_302j/LIB_ELF/LIBCD.A(GFS_CDF.O)
 .data          0x06021ce0        0x0 /home/pi/joengine/Compiler/COMMON/SGL_302j/LIB_ELF/LIBCD.A(GFS_DIR.O)
 .data          0x06021ce0        0x0 /home/pi/joengine/Compiler/COMMON/SGL_302j/LIB_ELF/LIBCD.A(GFS_TRN.O)
 .data          0x06021ce0        0x0 /home/pi/joengine/Compiler/COMMON/SGL_302j/LIB_ELF/LIBCD.A(CDC_DRV.O)
 .data          0x06021ce0        0x0 /home/pi/joengine/Compiler/COMMON/SGL_302j/LIB_ELF/LIBCD.A(CDC_DEV.O)
 .data          0x06021ce0        0x0 /home/pi/joengine/Compiler/COMMON/SGL_302j/LIB_ELF/LIBCD.A(CDC_SEL.O)
 .data          0x06021ce0        0x0 /home/pi/joengine/Compiler/COMMON/SGL_302j/LIB_ELF/LIBCD.A(CDC_BIF.O)
 .data          0x06021ce0        0x0 /home/pi/joengine/Compiler/COMMON/SGL_302j/LIB_ELF/LIBCD.A(CDC_BIO.O)
 .data          0x06021ce0        0x0 /home/pi/joengine/Compiler/COMMON/SGL_302j/LIB_ELF/LIBSGL.A(sglA01.o)
 .data          0x06021ce0        0x0 /home/pi/joengine/Compiler/COMMON/SGL_302j/LIB_ELF/LIBSGL.A(sglA15.o)
 .data          0x06021ce0        0x0 /home/pi/joengine/Compiler/COMMON/SGL_302j/LIB_ELF/LIBSGL.A(sglB001.o)
 .data          0x06021ce0        0x0 /home/pi/joengine/Compiler/COMMON/SGL_302j/LIB_ELF/LIBSGL.A(sglB011.o)
 .data          0x06021ce0        0x0 /home/pi/joengine/Compiler/COMMON/SGL_302j/LIB_ELF/LIBSGL.A(sglB014.o)
 .data          0x06021ce0        0x0 /home/pi/joengine/Compiler/COMMON/SGL_302j/LIB_ELF/LIBSGL.A(sglB015.o)
 .data          0x06021ce0        0x0 /home/pi/joengine/Compiler/COMMON/SGL_302j/LIB_ELF/LIBSGL.A(sglB016.o)
 .data          0x06021ce0        0x0 /home/pi/joengine/Compiler/COMMON/SGL_302j/LIB_ELF/LIBSGL.A(sglB020.o)
 .data          0x06021ce0        0x0 /home/pi/joengine/Compiler/COMMON/SGL_302j/LIB_ELF/LIBSGL.A(sglB021.o)
 .data          0x06021ce0        0x0 /home/pi/joengine/Compiler/COMMON/SGL_302j/LIB_ELF/LIBSGL.A(sglB023.o)
 .data          0x06021ce0        0x0 /home/pi/joengine/Compiler/COMMON/SGL_302j/LIB_ELF/LIBSGL.A(sglB027.o)
 .data          0x06021ce0        0x0 /home/pi/joengine/Compiler/COMMON/SGL_302j/LIB_ELF/LIBSGL.A(sglB031.o)
 .data          0x06021ce0        0x0 /home/pi/joengine/Compiler/COMMON/SGL_302j/LIB_ELF/LIBSGL.A(sglB032.o)
 .data          0x06021ce0        0x0 /home/pi/joengine/Compiler/COMMON/SGL_302j/LIB_ELF/LIBSGL.A(sglB033.o)
 .data          0x06021ce0        0x0 /home/pi/joengine/Compiler/COMMON/SGL_302j/LIB_ELF/LIBSGL.A(sglB034.o)
 .data          0x06021ce0        0x0 /home/pi/joengine/Compiler/COMMON/SGL_302j/LIB_ELF/LIBSGL.A(sglB035.o)
 .data          0x06021ce0        0x0 /home/pi/joengine/Compiler/COMMON/SGL_302j/LIB_ELF/LIBSGL.A(sglB036.o)
 .data          0x06021ce0        0x0 /home/pi/joengine/Compiler/COMMON/SGL_302j/LIB_ELF/LIBSGL.A(sglB038.o)
 .data          0x06021ce0        0x0 /home/pi/joengine/Compiler/COMMON/SGL_302j/LIB_ELF/LIBSGL.A(sglB039.o)
 .data          0x06021ce0        0x0 /home/pi/joengine/Compiler/COMMON/SGL_302j/LIB_ELF/LIBSGL.A(sglB040.o)
 .data          0x06021ce0        0x0 /home/pi/joengine/Compiler/COMMON/SGL_302j/LIB_ELF/LIBSGL.A(sglB041.o)
 .data          0x06021ce0        0x0 /home/pi/joengine/Compiler/COMMON/SGL_302j/LIB_ELF/LIBSGL.A(sglB043.o)
 .data          0x06021ce0        0x0 /home/pi/joengine/Compiler/COMMON/SGL_302j/LIB_ELF/LIBSGL.A(sglB047.o)
 .data          0x06021ce0        0x0 /home/pi/joengine/Compiler/COMMON/SGL_302j/LIB_ELF/LIBSGL.A(sglB048.o)
 .data          0x06021ce0        0x0 /home/pi/joengine/Compiler/COMMON/SGL_302j/LIB_ELF/LIBSGL.A(sglB055.o)
 .data          0x06021ce0        0x0 /home/pi/joengine/Compiler/COMMON/SGL_302j/LIB_ELF/LIBSGL.A(sglB056.o)
 .data          0x06021ce0        0x0 /home/pi/joengine/Compiler/COMMON/SGL_302j/LIB_ELF/LIBSGL.A(sglB057.o)
 .data          0x06021ce0        0x0 /home/pi/joengine/Compiler/COMMON/SGL_302j/LIB_ELF/LIBSGL.A(sglB058.o)
 .data          0x06021ce0        0x0 /home/pi/joengine/Compiler/COMMON/SGL_302j/LIB_ELF/LIBSGL.A(sglB059.o)
 .data          0x06021ce0        0x0 /home/pi/joengine/Compiler/COMMON/SGL_302j/LIB_ELF/LIBSGL.A(sglB060.o)
 .data          0x06021ce0        0x0 /home/pi/joengine/Compiler/COMMON/SGL_302j/LIB_ELF/LIBSGL.A(sglB063.o)
 .data          0x06021ce0        0x0 /home/pi/joengine/Compiler/COMMON/SGL_302j/LIB_ELF/LIBSGL.A(sglB087.o)
 .data          0x06021ce0        0x0 /home/pi/joengine/Compiler/COMMON/SGL_302j/LIB_ELF/LIBSGL.A(sglB088.o)
 .data          0x06021ce0        0x0 /home/pi/joengine/Compiler/COMMON/SGL_302j/LIB_ELF/LIBSGL.A(sglB090.o)
 .data          0x06021ce0        0x0 /home/pi/joengine/Compiler/COMMON/SGL_302j/LIB_ELF/LIBSGL.A(sglB117.o)
 .data          0x06021ce0        0x0 /home/pi/joengine/Compiler/COMMON/SGL_302j/LIB_ELF/LIBSGL.A(sglB200.o)
 .data          0x06021ce0        0x0 /home/pi/joengine/Compiler/COMMON/SGL_302j/LIB_ELF/LIBSGL.A(sglC05.o)
 .data          0x06021ce0        0x0 /home/pi/joengine/Compiler/COMMON/SGL_302j/LIB_ELF/LIBSGL.A(sglC06.o)
 .data          0x06021ce0        0x0 /home/pi/joengine/Compiler/COMMON/SGL_302j/LIB_ELF/LIBSGL.A(sglC07.o)
 .data          0x06021ce0        0x0 /home/pi/joengine/Compiler/COMMON/SGL_302j/LIB_ELF/LIBSGL.A(sglC17.o)
 .data          0x06021ce0        0x0 /home/pi/joengine/Compiler/COMMON/SGL_302j/LIB_ELF/LIBSGL.A(sglC19.o)
 .data          0x06021ce0        0x0 /home/pi/joengine/Compiler/COMMON/SGL_302j/LIB_ELF/LIBSGL.A(sglC20.o)
 .data          0x06021ce0        0x0 /home/pi/joengine/Compiler/COMMON/SGL_302j/LIB_ELF/LIBSGL.A(sglC21.o)
 .data          0x06021ce0        0x0 /home/pi/joengine/Compiler/COMMON/SGL_302j/LIB_ELF/LIBSGL.A(sglD00.o)
 .data          0x06021ce0        0x0 /home/pi/joengine/Compiler/COMMON/SGL_302j/LIB_ELF/LIBSGL.A(sglD01.o)
 .data          0x06021ce0        0x0 /home/pi/joengine/Compiler/COMMON/SGL_302j/LIB_ELF/LIBSGL.A(sglD03.o)
 .data          0x06021ce0        0x0 /home/pi/joengine/Compiler/COMMON/SGL_302j/LIB_ELF/LIBSGL.A(sglD15.o)
 .data          0x06021ce0        0x0 /home/pi/joengine/Compiler/COMMON/SGL_302j/LIB_ELF/LIBSGL.A(sglD16.o)
 .data          0x06021ce0        0x0 /home/pi/joengine/Compiler/COMMON/SGL_302j/LIB_ELF/LIBSGL.A(sglD17.o)
 .data          0x06021ce0        0x0 /home/pi/joengine/Compiler/COMMON/SGL_302j/LIB_ELF/LIBSGL.A(sglD18.o)
 .data          0x06021ce0        0x0 /home/pi/joengine/Compiler/COMMON/SGL_302j/LIB_ELF/LIBSGL.A(sglF08.o)
 .data          0x06021ce0        0x0 /home/pi/joengine/Compiler/COMMON/SGL_302j/LIB_ELF/LIBSGL.A(sglH00.o)
 .data          0x06021ce0        0x0 /home/pi/joengine/Compiler/COMMON/SGL_302j/LIB_ELF/LIBSGL.A(sglH01.o)
 .data          0x06021ce0        0x0 /home/pi/joengine/Compiler/COMMON/SGL_302j/LIB_ELF/LIBSGL.A(sglH02.o)
 .data          0x06021ce0        0x0 /home/pi/joengine/Compiler/COMMON/SGL_302j/LIB_ELF/LIBSGL.A(sglH04.o)
 .data          0x06021ce0        0x0 /home/pi/joengine/Compiler/COMMON/SGL_302j/LIB_ELF/LIBSGL.A(sglI01.o)
 .data          0x06021ce0        0x0 /home/pi/joengine/Compiler/COMMON/SGL_302j/LIB_ELF/LIBSGL.A(sglI04.o)
 .data          0x06021ce0       0x80 /home/pi/joengine/Compiler/COMMON/SGL_302j/LIB_ELF/LIBSGL.A(sglIc0.o)
                0x06021ce0                _IntPrioMask
 .data          0x06021d60        0x0 /home/pi/joengine/Compiler/COMMON/SGL_302j/LIB_ELF/LIBSGL.A(sglJ00.o)
 .data          0x06021d60        0x0 /home/pi/joengine/Compiler/COMMON/SGL_302j/LIB_ELF/LIBSGL.A(sglJ01.o)
 .data          0x06021d60        0x0 /home/pi/joengine/Compiler/COMMON/SGL_302j/LIB_ELF/LIBSGL.A(sglJ02.o)
 .data          0x06021d60        0x0 /home/pi/joengine/Compiler/COMMON/SGL_302j/LIB_ELF/LIBSGL.A(sglJ03.o)
 .data          0x06021d60        0x0 /home/pi/joengine/Compiler/COMMON/SGL_302j/LIB_ELF/LIBSGL.A(sglJ04.o)
 .data          0x06021d60        0x0 /home/pi/joengine/Compiler/COMMON/SGL_302j/LIB_ELF/LIBSGL.A(sglJ05.o)
 .data          0x06021d60        0x0 /home/pi/joengine/Compiler/COMMON/SGL_302j/LIB_ELF/LIBSGL.A(sglK01.o)
 .data          0x06021d60        0x0 /home/pi/joengine/Compiler/COMMON/SGL_302j/LIB_ELF/LIBSGL.A(sglM01.o)
 .data          0x06021d60        0x0 /home/pi/joengine/Compiler/COMMON/SGL_302j/LIB_ELF/LIBSGL.A(sglA00.o)
 .data          0x06021d60        0x0 /home/pi/joengine/Compiler/COMMON/SGL_302j/LIB_ELF/LIBSGL.A(sglA20.o)
 .data          0x06021d60        0x0 /home/pi/joengine/Compiler/COMMON/SGL_302j/LIB_ELF/LIBSGL.A(sglB000.o)
 .data          0x06021d60        0x0 /home/pi/joengine/Compiler/COMMON/SGL_302j/LIB_ELF/LIBSGL.A(sglC00.o)
 .data          0x06021d60        0x0 /home/pi/joengine/Compiler/COMMON/SGL_302j/LIB_ELF/LIBSGL.A(sglI00.o)
 .data          0x06021d60        0x0 /home/pi/joengine/Compiler/COMMON/SGL_302j/LIB_ELF/LIBSGL.A(sglH03.o)
 .data          0x06021d60        0x0 /opt/sh-elf/lib/gcc/sh-elf/13.2.0/m2/libgcc.a(_ashiftrt.o)
 .data          0x06021d60        0x0 /opt/sh-elf/lib/gcc/sh-elf/13.2.0/m2/libgcc.a(_sdivsi3.o)
 .data          0x06021d60        0x0 /opt/sh-elf/lib/gcc/sh-elf/13.2.0/m2/libgcc.a(_udivsi3.o)
 .data          0x06021d60        0x0 /opt/sh-elf/lib/gcc/sh-elf/13.2.0/m2/libgcc.a(_ashiftrt_n.o)
 .data          0x06021d60        0x0 /opt/sh-elf/lib/gcc/sh-elf/13.2.0/m2/libgcc.a(_ashiftlt.o)
 .data          0x06021d60        0x0 /opt/sh-elf/lib/gcc/sh-elf/13.2.0/m2/libgcc.a(_lshiftrt.o)
 .data          0x06021d60        0x0 /opt/sh-elf/lib/gcc/sh-elf/13.2.0/m2/libgcc.a(_mul_sf.o)
 .data          0x06021d60        0x0 /opt/sh-elf/lib/gcc/sh-elf/13.2.0/m2/libgcc.a(_si_to_sf.o)
 .data          0x06021d60        0x0 /opt/sh-elf/lib/gcc/sh-elf/13.2.0/m2/libgcc.a(_sf_to_si.o)
 .data          0x06021d60        0x0 /opt/sh-elf/lib/gcc/sh-elf/13.2.0/m2/libgcc.a(_thenan_sf.o)
 .data          0x06021d60        0x0 /opt/sh-elf/lib/gcc/sh-elf/13.2.0/m2/libgcc.a(_usi_to_sf.o)
 .data          0x06021d60        0x0 /opt/sh-elf/lib/gcc/sh-elf/13.2.0/m2/libgcc.a(_clzsi2.o)
 .data          0x06021d60        0x0 /opt/sh-elf/lib/gcc/sh-elf/13.2.0/m2/libgcc.a(_pack_sf.o)
 .data          0x06021d60        0x0 /opt/sh-elf/lib/gcc/sh-elf/13.2.0/m2/libgcc.a(_unpack_sf.o)
 .data          0x06021d60        0x0 /opt/sh-elf/lib/gcc/sh-elf/13.2.0/m2/libgcc.a(_clz.o)
                0x06021d60                        __edata = .

.rodata         0x06021d60      0x230
 *(.rodata)
 .rodata        0x06021d60      0x114 /tmp/ccS3lqtf.ltrans0.ltrans.o
 .rodata        0x06021e74       0x10 /opt/sh-elf/lib/gcc/sh-elf/13.2.0/m2/libgcc.a(_thenan_sf.o)
                0x06021e74                ___thenan_sf
 .rodata        0x06021e84      0x100 /opt/sh-elf/lib/gcc/sh-elf/13.2.0/m2/libgcc.a(_clz.o)
                0x06021e84                ___clz_tab

.rodata.str1.4  0x06021f90      0x960
 .rodata.str1.4
                0x06021f90      0x95b /tmp/ccS3lqtf.ltrans0.ltrans.o

.bss            0x060228f0    0x98180
                0x060228f0                        __bstart = .
 *(.bss)
 .bss           0x060228f0        0x0 /home/pi/joengine/Compiler/COMMON/SGL_302j/LIB_ELF/SGLAREA.O
 .bss           0x060228f0    0x98118 /tmp/ccS3lqtf.ltrans0.ltrans.o
 *fill*         0x060baa08        0x8 
 .bss           0x060baa10        0x4 /home/pi/joengine/Compiler/COMMON/SGL_302j/LIB_ELF/SEGA_SYS.A(sys_exit.o)
 *fill*         0x060baa14        0xc 
 .bss           0x060baa20        0x0 /home/pi/joengine/Compiler/COMMON/SGL_302j/LIB_ELF/SEGA_SYS.A(sys_sub.o)
 .bss           0x060baa20        0x0 /home/pi/joengine/Compiler/COMMON/SGL_302j/LIB_ELF/LIBCD.A(CDC_CMN.O)
 .bss           0x060baa20        0x0 /home/pi/joengine/Compiler/COMMON/SGL_302j/LIB_ELF/LIBCD.A(CDC_CFS.O)
 .bss           0x060baa20        0x2 /home/pi/joengine/Compiler/COMMON/SGL_302j/LIB_ELF/LIBCD.A(CDC_REG.O)
 *fill*         0x060baa22        0xe 
 .bss           0x060baa30        0xc /home/pi/joengine/Compiler/COMMON/SGL_302j/LIB_ELF/LIBCD.A(CDC_SUB.O)
 *fill*         0x060baa3c        0x4 
 .bss           0x060baa40        0x0 /home/pi/joengine/Compiler/COMMON/SGL_302j/LIB_ELF/LIBCD.A(GFS.O)
 .bss           0x060baa40        0x0 /home/pi/joengine/Compiler/COMMON/SGL_302j/LIB_ELF/LIBCD.A(GFS_BUF.O)
 .bss           0x060baa40        0x0 /home/pi/joengine/Compiler/COMMON/SGL_302j/LIB_ELF/LIBCD.A(GFS_CDB.O)
 .bss           0x060baa40        0x0 /home/pi/joengine/Compiler/COMMON/SGL_302j/LIB_ELF/LIBCD.A(GFS_CDC.O)
 .bss           0x060baa40        0x0 /home/pi/joengine/Compiler/COMMON/SGL_302j/LIB_ELF/LIBCD.A(GFS_CDF.O)
 .bss           0x060baa40        0x0 /home/pi/joengine/Compiler/COMMON/SGL_302j/LIB_ELF/LIBCD.A(GFS_DIR.O)
 .bss           0x060baa40        0xc /home/pi/joengine/Compiler/COMMON/SGL_302j/LIB_ELF/LIBCD.A(GFS_TRN.O)
 *fill*         0x060baa4c        0x4 
 .bss           0x060baa50        0x0 /home/pi/joengine/Compiler/COMMON/SGL_302j/LIB_ELF/LIBCD.A(CDC_DRV.O)
 .bss           0x060baa50        0x0 /home/pi/joengine/Compiler/COMMON/SGL_302j/LIB_ELF/LIBCD.A(CDC_DEV.O)
 .bss           0x060baa50        0x0 /home/pi/joengine/Compiler/COMMON/SGL_302j/LIB_ELF/LIBCD.A(CDC_SEL.O)
 .bss           0x060baa50        0x0 /home/pi/joengine/Compiler/COMMON/SGL_302j/LIB_ELF/LIBCD.A(CDC_BIF.O)
 .bss           0x060baa50        0x0 /home/pi/joengine/Compiler/COMMON/SGL_302j/LIB_ELF/LIBCD.A(CDC_BIO.O)
 .bss           0x060baa50        0x0 /home/pi/joengine/Compiler/COMMON/SGL_302j/LIB_ELF/LIBSGL.A(sglA01.o)
 .bss           0x060baa50        0x0 /home/pi/joengine/Compiler/COMMON/SGL_302j/LIB_ELF/LIBSGL.A(sglA15.o)
 .bss           0x060baa50        0x0 /home/pi/joengine/Compiler/COMMON/SGL_302j/LIB_ELF/LIBSGL.A(sglB001.o)
 .bss           0x060baa50        0x0 /home/pi/joengine/Compiler/COMMON/SGL_302j/LIB_ELF/LIBSGL.A(sglB011.o)
 .bss           0x060baa50        0x0 /home/pi/joengine/Compiler/COMMON/SGL_302j/LIB_ELF/LIBSGL.A(sglB014.o)
 .bss           0x060baa50        0x0 /home/pi/joengine/Compiler/COMMON/SGL_302j/LIB_ELF/LIBSGL.A(sglB015.o)
 .bss           0x060baa50        0x0 /home/pi/joengine/Compiler/COMMON/SGL_302j/LIB_ELF/LIBSGL.A(sglB016.o)
 .bss           0x060baa50        0x0 /home/pi/joengine/Compiler/COMMON/SGL_302j/LIB_ELF/LIBSGL.A(sglB020.o)
 .bss           0x060baa50        0x0 /home/pi/joengine/Compiler/COMMON/SGL_302j/LIB_ELF/LIBSGL.A(sglB021.o)
 .bss           0x060baa50        0x0 /home/pi/joengine/Compiler/COMMON/SGL_302j/LIB_ELF/LIBSGL.A(sglB023.o)
 .bss           0x060baa50        0x0 /home/pi/joengine/Compiler/COMMON/SGL_302j/LIB_ELF/LIBSGL.A(sglB027.o)
 .bss           0x060baa50        0x0 /home/pi/joengine/Compiler/COMMON/SGL_302j/LIB_ELF/LIBSGL.A(sglB031.o)
 .bss           0x060baa50        0x0 /home/pi/joengine/Compiler/COMMON/SGL_302j/LIB_ELF/LIBSGL.A(sglB032.o)
 .bss           0x060baa50        0x0 /home/pi/joengine/Compiler/COMMON/SGL_302j/LIB_ELF/LIBSGL.A(sglB033.o)
 .bss           0x060baa50        0x0 /home/pi/joengine/Compiler/COMMON/SGL_302j/LIB_ELF/LIBSGL.A(sglB034.o)
 .bss           0x060baa50        0x0 /home/pi/joengine/Compiler/COMMON/SGL_302j/LIB_ELF/LIBSGL.A(sglB035.o)
 .bss           0x060baa50        0x0 /home/pi/joengine/Compiler/COMMON/SGL_302j/LIB_ELF/LIBSGL.A(sglB036.o)
 .bss           0x060baa50        0x0 /home/pi/joengine/Compiler/COMMON/SGL_302j/LIB_ELF/LIBSGL.A(sglB038.o)
 .bss           0x060baa50        0x0 /home/pi/joengine/Compiler/COMMON/SGL_302j/LIB_ELF/LIBSGL.A(sglB039.o)
 .bss           0x060baa50        0x0 /home/pi/joengine/Compiler/COMMON/SGL_302j/LIB_ELF/LIBSGL.A(sglB040.o)
 .bss           0x060baa50        0x0 /home/pi/joengine/Compiler/COMMON/SGL_302j/LIB_ELF/LIBSGL.A(sglB041.o)
 .bss           0x060baa50        0x0 /home/pi/joengine/Compiler/COMMON/SGL_302j/LIB_ELF/LIBSGL.A(sglB043.o)
 .bss           0x060baa50        0x0 /home/pi/joengine/Compiler/COMMON/SGL_302j/LIB_ELF/LIBSGL.A(sglB047.o)
 .bss           0x060baa50        0x0 /home/pi/joengine/Compiler/COMMON/SGL_302j/LIB_ELF/LIBSGL.A(sglB048.o)
 .bss           0x060baa50        0x0 /home/pi/joengine/Compiler/COMMON/SGL_302j/LIB_ELF/LIBSGL.A(sglB055.o)
 .bss           0x060baa50        0x0 /home/pi/joengine/Compiler/COMMON/SGL_302j/LIB_ELF/LIBSGL.A(sglB056.o)
 .bss           0x060baa50        0x0 /home/pi/joengine/Compiler/COMMON/SGL_302j/LIB_ELF/LIBSGL.A(sglB057.o)
 .bss           0x060baa50        0x0 /home/pi/joengine/Compiler/COMMON/SGL_302j/LIB_ELF/LIBSGL.A(sglB058.o)
 .bss           0x060baa50        0x0 /home/pi/joengine/Compiler/COMMON/SGL_302j/LIB_ELF/LIBSGL.A(sglB059.o)
 .bss           0x060baa50        0x0 /home/pi/joengine/Compiler/COMMON/SGL_302j/LIB_ELF/LIBSGL.A(sglB060.o)
 .bss           0x060baa50        0x0 /home/pi/joengine/Compiler/COMMON/SGL_302j/LIB_ELF/LIBSGL.A(sglB063.o)
 .bss           0x060baa50        0x0 /home/pi/joengine/Compiler/COMMON/SGL_302j/LIB_ELF/LIBSGL.A(sglB087.o)
 .bss           0x060baa50        0x0 /home/pi/joengine/Compiler/COMMON/SGL_302j/LIB_ELF/LIBSGL.A(sglB088.o)
 .bss           0x060baa50        0x0 /home/pi/joengine/Compiler/COMMON/SGL_302j/LIB_ELF/LIBSGL.A(sglB090.o)
 .bss           0x060baa50        0x0 /home/pi/joengine/Compiler/COMMON/SGL_302j/LIB_ELF/LIBSGL.A(sglB117.o)
 .bss           0x060baa50        0x0 /home/pi/joengine/Compiler/COMMON/SGL_302j/LIB_ELF/LIBSGL.A(sglB200.o)
 .bss           0x060baa50        0x0 /home/pi/joengine/Compiler/COMMON/SGL_302j/LIB_ELF/LIBSGL.A(sglC05.o)
 .bss           0x060baa50        0x0 /home/pi/joengine/Compiler/COMMON/SGL_302j/LIB_ELF/LIBSGL.A(sglC06.o)
 .bss           0x060baa50        0x0 /home/pi/joengine/Compiler/COMMON/SGL_302j/LIB_ELF/LIBSGL.A(sglC07.o)
 .bss           0x060baa50        0x0 /home/pi/joengine/Compiler/COMMON/SGL_302j/LIB_ELF/LIBSGL.A(sglC17.o)
 .bss           0x060baa50        0x0 /home/pi/joengine/Compiler/COMMON/SGL_302j/LIB_ELF/LIBSGL.A(sglC19.o)
 .bss           0x060baa50        0x0 /home/pi/joengine/Compiler/COMMON/SGL_302j/LIB_ELF/LIBSGL.A(sglC20.o)
 .bss           0x060baa50        0x0 /home/pi/joengine/Compiler/COMMON/SGL_302j/LIB_ELF/LIBSGL.A(sglC21.o)
 .bss           0x060baa50        0x0 /home/pi/joengine/Compiler/COMMON/SGL_302j/LIB_ELF/LIBSGL.A(sglD00.o)
 .bss           0x060baa50        0x0 /home/pi/joengine/Compiler/COMMON/SGL_302j/LIB_ELF/LIBSGL.A(sglD01.o)
 .bss           0x060baa50        0x0 /home/pi/joengine/Compiler/COMMON/SGL_302j/LIB_ELF/LIBSGL.A(sglD03.o)
 .bss           0x060baa50        0x0 /home/pi/joengine/Compiler/COMMON/SGL_302j/LIB_ELF/LIBSGL.A(sglD15.o)
 .bss           0x060baa50        0x0 /home/pi/joengine/Compiler/COMMON/SGL_302j/LIB_ELF/LIBSGL.A(sglD16.o)
 .bss           0x060baa50        0x0 /home/pi/joengine/Compiler/COMMON/SGL_302j/LIB_ELF/LIBSGL.A(sglD17.o)
 .bss           0x060baa50        0x0 /home/pi/joengine/Compiler/COMMON/SGL_302j/LIB_ELF/LIBSGL.A(sglD18.o)
 .bss           0x060baa50        0x0 /home/pi/joengine/Compiler/COMMON/SGL_302j/LIB_ELF/LIBSGL.A(sglF08.o)
 .bss           0x060baa50        0x0 /home/pi/joengine/Compiler/COMMON/SGL_302j/LIB_ELF/LIBSGL.A(sglH00.o)
 .bss           0x060baa50        0x0 /home/pi/joengine/Compiler/COMMON/SGL_302j/LIB_ELF/LIBSGL.A(sglH01.o)
 .bss           0x060baa50        0x0 /home/pi/joengine/Compiler/COMMON/SGL_302j/LIB_ELF/LIBSGL.A(sglH02.o)
 .bss           0x060baa50        0x0 /home/pi/joengine/Compiler/COMMON/SGL_302j/LIB_ELF/LIBSGL.A(sglH04.o)
 .bss           0x060baa50        0x0 /home/pi/joengine/Compiler/COMMON/SGL_302j/LIB_ELF/LIBSGL.A(sglI01.o)
 .bss           0x060baa50        0x0 /home/pi/joengine/Compiler/COMMON/SGL_302j/LIB_ELF/LIBSGL.A(sglI04.o)
 .bss           0x060baa50        0x0 /home/pi/joengine/Compiler/COMMON/SGL_302j/LIB_ELF/LIBSGL.A(sglIc0.o)
 .bss           0x060baa50        0x0 /home/pi/joengine/Compiler/COMMON/SGL_302j/LIB_ELF/LIBSGL.A(sglJ00.o)
 .bss           0x060baa50        0x0 /home/pi/joengine/Compiler/COMMON/SGL_302j/LIB_ELF/LIBSGL.A(sglJ01.o)
 .bss           0x060baa50        0x0 /home/pi/joengine/Compiler/COMMON/SGL_302j/LIB_ELF/LIBSGL.A(sglJ02.o)
 .bss           0x060baa50        0x0 /home/pi/joengine/Compiler/COMMON/SGL_302j/LIB_ELF/LIBSGL.A(sglJ03.o)
 .bss           0x060baa50        0x0 /home/pi/joengine/Compiler/COMMON/SGL_302j/LIB_ELF/LIBSGL.A(sglJ04.o)
 .bss           0x060baa50        0x0 /home/pi/joengine/Compiler/COMMON/SGL_302j/LIB_ELF/LIBSGL.A(sglJ05.o)
 .bss           0x060baa50        0x0 /home/pi/joengine/Compiler/COMMON/SGL_302j/LIB_ELF/LIBSGL.A(sglK01.o)
 .bss           0x060baa50        0x0 /home/pi/joengine/Compiler/COMMON/SGL_302j/LIB_ELF/LIBSGL.A(sglM01.o)
 .bss           0x060baa50        0x0 /home/pi/joengine/Compiler/COMMON/SGL_302j/LIB_ELF/LIBSGL.A(sglA00.o)
 .bss           0x060baa50        0x0 /home/pi/joengine/Compiler/COMMON/SGL_302j/LIB_ELF/LIBSGL.A(sglA20.o)
 .bss           0x060baa50        0x0 /home/pi/joengine/Compiler/COMMON/SGL_302j/LIB_ELF/LIBSGL.A(sglB000.o)
 .bss           0x060baa50        0x0 /home/pi/joengine/Compiler/COMMON/SGL_302j/LIB_ELF/LIBSGL.A(sglC00.o)
 .bss           0x060baa50        0x0 /home/pi/joengine/Compiler/COMMON/SGL_302j/LIB_ELF/LIBSGL.A(sglI00.o)
 .bss           0x060baa50        0x0 /home/pi/joengine/Compiler/COMMON/SGL_302j/LIB_ELF/LIBSGL.A(sglH03.o)
 .bss           0x060baa50        0x0 /opt/sh-elf/lib/gcc/sh-elf/13.2.0/m2/libgcc.a(_ashiftrt.o)
 .bss           0x060baa50        0x0 /opt/sh-elf/lib/gcc/sh-elf/13.2.0/m2/libgcc.a(_sdivsi3.o)
 .bss           0x060baa50        0x0 /opt/sh-elf/lib/gcc/sh-elf/13.2.0/m2/libgcc.a(_udivsi3.o)
 .bss           0x060baa50        0x0 /opt/sh-elf/lib/gcc/sh-elf/13.2.0/m2/libgcc.a(_ashiftrt_n.o)
 .bss           0x060baa50        0x0 /opt/sh-elf/lib/gcc/sh-elf/13.2.0/m2/libgcc.a(_ashiftlt.o)
 .bss           0x060baa50        0x0 /opt/sh-elf/lib/gcc/sh-elf/13.2.0/m2/libgcc.a(_lshiftrt.o)
 .bss           0x060baa50        0x0 /opt/sh-elf/lib/gcc/sh-elf/13.2.0/m2/libgcc.a(_mul_sf.o)
 .bss           0x060baa50        0x0 /opt/sh-elf/lib/gcc/sh-elf/13.2.0/m2/libgcc.a(_si_to_sf.o)
 .bss           0x060baa50        0x0 /opt/sh-elf/lib/gcc/sh-elf/13.2.0/m2/libgcc.a(_sf_to_si.o)
 .bss           0x060baa50        0x0 /opt/sh-elf/lib/gcc/sh-elf/13.2.0/m2/libgcc.a(_thenan_sf.o)
 .bss           0x060baa50        0x0 /opt/sh-elf/lib/gcc/sh-elf/13.2.0/m2/libgcc.a(_usi_to_sf.o)
 .bss           0x060baa50        0x0 /opt/sh-elf/lib/gcc/sh-elf/13.2.0/m2/libgcc.a(_clzsi2.o)
 .bss           0x060baa50        0x0 /opt/sh-elf/lib/gcc/sh-elf/13.2.0/m2/libgcc.a(_pack_sf.o)
 .bss           0x060baa50        0x0 /opt/sh-elf/lib/gcc/sh-elf/13.2.0/m2/libgcc.a(_unpack_sf.o)
 .bss           0x060baa50        0x0 /opt/sh-elf/lib/gcc/sh-elf/13.2.0/m2/libgcc.a(_clz.o)
 *(COMMON)
 COMMON         0x060baa50        0xc /home/pi/joengine/Compiler/COMMON/SGL_302j/LIB_ELF/LIBCD.A(GFS.O)
                0x060baa50                _GFMC_base
                0x060baa54                _gfs_mng_ptr
                0x060baa58                _gfs_use_scudma
 COMMON         0x060baa5c        0xc /home/pi/joengine/Compiler/COMMON/SGL_302j/LIB_ELF/LIBCD.A(GFS_CDC.O)
                0x060baa5c                _gfcd_fatal_err
                0x060baa60                _gfcd_work
                0x060baa64                _gfcd_playflag
 COMMON         0x060baa68        0x8 /home/pi/joengine/Compiler/COMMON/SGL_302j/LIB_ELF/LIBCD.A(GFS_CDF.O)
                0x060baa68                _gfcf_fad
                0x060baa6c                _gfcf_stat
                0x060baa70                        __bend = .
                0x060baa70                        _end = .
LOAD /home/pi/joengine/Compiler/COMMON/SGL_302j/LIB_ELF/SGLAREA.O
LOAD main.o
LOAD /tmp/ccS3lqtf.ltrans0.ltrans.o
LOAD libc_stubs.o
LOAD /home/pi/joengine/jo_engine/tga.o
LOAD /home/pi/joengine/jo_engine/fs.o
LOAD /home/pi/joengine/jo_engine/slave.o
LOAD /home/pi/joengine/jo_engine/font.o
LOAD /home/pi/joengine/jo_engine/input.o
LOAD /home/pi/joengine/jo_engine/physics.o
LOAD /home/pi/joengine/jo_engine/core.o
LOAD /home/pi/joengine/jo_engine/math.o
LOAD /home/pi/joengine/jo_engine/malloc.o
LOAD /home/pi/joengine/jo_engine/tools.o
LOAD /home/pi/joengine/jo_engine/palette.o
LOAD /home/pi/joengine/jo_engine/sprites.o
LOAD /home/pi/joengine/jo_engine/map.o
LOAD /home/pi/joengine/jo_engine/list.o
LOAD /home/pi/joengine/jo_engine/sprite_animator.o
LOAD /home/pi/joengine/jo_engine/image.o
LOAD /home/pi/joengine/jo_engine/vdp2.o
LOAD /home/pi/joengine/jo_engine/time.o
LOAD /home/pi/joengine/jo_engine/vdp1_command_pipeline.o
LOAD /home/pi/joengine/jo_engine/vdp2_malloc.o
LOAD /home/pi/joengine/Compiler/COMMON/SGL_302j/LIB_ELF/SEGA_SYS.A
LOAD /home/pi/joengine/Compiler/COMMON/SGL_302j/LIB_ELF/LIBCD.A
LOAD /home/pi/joengine/Compiler/COMMON/SGL_302j/LIB_ELF/LIBSGL.A
LOAD /opt/sh-elf/lib/gcc/sh-elf/13.2.0/m2/libgcc.a
OUTPUT(game.elf coff-sh)

.comment        0x00000000       0xc0
 .comment       0x00000000       0x13 /tmp/ccS3lqtf.ltrans0.ltrans.o
 .comment       0x00000013       0x13 /opt/sh-elf/lib/gcc/sh-elf/13.2.0/m2/libgcc.a(_mul_sf.o)
 .comment       0x00000026       0x13 /opt/sh-elf/lib/gcc/sh-elf/13.2.0/m2/libgcc.a(_si_to_sf.o)
 .comment       0x00000039       0x13 /opt/sh-elf/lib/gcc/sh-elf/13.2.0/m2/libgcc.a(_sf_to_si.o)
 .comment       0x0000004c       0x13 /opt/sh-elf/lib/gcc/sh-elf/13.2.0/m2/libgcc.a(_thenan_sf.o)
 .comment       0x0000005f       0x13 /opt/sh-elf/lib/gcc/sh-elf/13.2.0/m2/libgcc.a(_usi_to_sf.o)
 .comment       0x00000072       0x13 /opt/sh-elf/lib/gcc/sh-elf/13.2.0/m2/libgcc.a(_clzsi2.o)
 .comment       0x00000085       0x13 /opt/sh-elf/lib/gcc/sh-elf/13.2.0/m2/libgcc.a(_pack_sf.o)
 .comment       0x00000098       0x13 /opt/sh-elf/lib/gcc/sh-elf/13.2.0/m2/libgcc.a(_unpack_sf.o)
 .comment       0x000000ab       0x13 /opt/sh-elf/lib/gcc/sh-elf/13.2.0/m2/libgcc.a(_clz.o)

.debug_info     0x00000000     0x1360
 .debug_info    0x00000000      0x402 /opt/sh-elf/lib/gcc/sh-elf/13.2.0/m2/libgcc.a(_mul_sf.o)
 .debug_info    0x00000402      0x259 /opt/sh-elf/lib/gcc/sh-elf/13.2.0/m2/libgcc.a(_si_to_sf.o)
 .debug_info    0x0000065b      0x297 /opt/sh-elf/lib/gcc/sh-elf/13.2.0/m2/libgcc.a(_sf_to_si.o)
 .debug_info    0x000008f2      0x15b /opt/sh-elf/lib/gcc/sh-elf/13.2.0/m2/libgcc.a(_thenan_sf.o)
 .debug_info    0x00000a4d      0x28f /opt/sh-elf/lib/gcc/sh-elf/13.2.0/m2/libgcc.a(_usi_to_sf.o)
 .debug_info    0x00000cdc      0x130 /opt/sh-elf/lib/gcc/sh-elf/13.2.0/m2/libgcc.a(_clzsi2.o)
 .debug_info    0x00000e0c      0x289 /opt/sh-elf/lib/gcc/sh-elf/13.2.0/m2/libgcc.a(_pack_sf.o)
 .debug_info    0x00001095      0x1f8 /opt/sh-elf/lib/gcc/sh-elf/13.2.0/m2/libgcc.a(_unpack_sf.o)
 .debug_info    0x0000128d       0xca /opt/sh-elf/lib/gcc/sh-elf/13.2.0/m2/libgcc.a(_clz.o)

.debug_abbrev   0x00000000      0xc90
 .debug_abbrev  0x00000000      0x271 /opt/sh-elf/lib/gcc/sh-elf/13.2.0/m2/libgcc.a(_mul_sf.o)
 .debug_abbrev  0x00000271      0x1b2 /opt/sh-elf/lib/gcc/sh-elf/13.2.0/m2/libgcc.a(_si_to_sf.o)
 .debug_abbrev  0x00000423      0x1b3 /opt/sh-elf/lib/gcc/sh-elf/13.2.0/m2/libgcc.a(_sf_to_si.o)
 .debug_abbrev  0x000005d6       0xcf /opt/sh-elf/lib/gcc/sh-elf/13.2.0/m2/libgcc.a(_thenan_sf.o)
 .debug_abbrev  0x000006a5      0x1bd /opt/sh-elf/lib/gcc/sh-elf/13.2.0/m2/libgcc.a(_usi_to_sf.o)
 .debug_abbrev  0x00000862       0xca /opt/sh-elf/lib/gcc/sh-elf/13.2.0/m2/libgcc.a(_clzsi2.o)
 .debug_abbrev  0x0000092c      0x1c0 /opt/sh-elf/lib/gcc/sh-elf/13.2.0/m2/libgcc.a(_pack_sf.o)
 .debug_abbrev  0x00000aec      0x127 /opt/sh-elf/lib/gcc/sh-elf/13.2.0/m2/libgcc.a(_unpack_sf.o)
 .debug_abbrev  0x00000c13       0x70 /opt/sh-elf/lib/gcc/sh-elf/13.2.0/m2/libgcc.a(_clz.o)

.debug_loclists
                0x00000000      0x4c0
 .debug_loclists
                0x00000000      0x15d /opt/sh-elf/lib/gcc/sh-elf/13.2.0/m2/libgcc.a(_mul_sf.o)
 .debug_loclists
                0x0000015d       0x88 /opt/sh-elf/lib/gcc/sh-elf/13.2.0/m2/libgcc.a(_si_to_sf.o)
 .debug_loclists
                0x000001e5       0x38 /opt/sh-elf/lib/gcc/sh-elf/13.2.0/m2/libgcc.a(_sf_to_si.o)
 .debug_loclists
                0x0000021d       0xc1 /opt/sh-elf/lib/gcc/sh-elf/13.2.0/m2/libgcc.a(_usi_to_sf.o)
 .debug_loclists
                0x000002de       0x22 /opt/sh-elf/lib/gcc/sh-elf/13.2.0/m2/libgcc.a(_clzsi2.o)
 .debug_loclists
                0x00000300       0xdd /opt/sh-elf/lib/gcc/sh-elf/13.2.0/m2/libgcc.a(_pack_sf.o)
 .debug_loclists
                0x000003dd       0xe2 /opt/sh-elf/lib/gcc/sh-elf/13.2.0/m2/libgcc.a(_unpack_sf.o)

.debug_aranges  0x00000000      0x110
 .debug_aranges
                0x00000000       0x20 /opt/sh-elf/lib/gcc/sh-elf/13.2.0/m2/libgcc.a(_mul_sf.o)
 .debug_aranges
                0x00000020       0x20 /opt/sh-elf/lib/gcc/sh-elf/13.2.0/m2/libgcc.a(_si_to_sf.o)
 .debug_aranges
                0x00000040       0x20 /opt/sh-elf/lib/gcc/sh-elf/13.2.0/m2/libgcc.a(_sf_to_si.o)
 .debug_aranges
                0x00000060       0x18 /opt/sh-elf/lib/gcc/sh-elf/13.2.0/m2/libgcc.a(_thenan_sf.o)
 .debug_aranges
                0x00000078       0x20 /opt/sh-elf/lib/gcc/sh-elf/13.2.0/m2/libgcc.a(_usi_to_sf.o)
 .debug_aranges
                0x00000098       0x20 /opt/sh-elf/lib/gcc/sh-elf/13.2.0/m2/libgcc.a(_clzsi2.o)
 .debug_aranges
                0x000000b8       0x20 /opt/sh-elf/lib/gcc/sh-elf/13.2.0/m2/libgcc.a(_pack_sf.o)
 .debug_aranges
                0x000000d8       0x20 /opt/sh-elf/lib/gcc/sh-elf/13.2.0/m2/libgcc.a(_unpack_sf.o)
 .debug_aranges
                0x000000f8       0x18 /opt/sh-elf/lib/gcc/sh-elf/13.2.0/m2/libgcc.a(_clz.o)

.debug_rnglists
                0x00000000       0xd0
 .debug_rnglists
                0x00000000       0x35 /opt/sh-elf/lib/gcc/sh-elf/13.2.0/m2/libgcc.a(_mul_sf.o)
 .debug_rnglists
                0x00000035       0x24 /opt/sh-elf/lib/gcc/sh-elf/13.2.0/m2/libgcc.a(_si_to_sf.o)
 .debug_rnglists
                0x00000059       0x20 /opt/sh-elf/lib/gcc/sh-elf/13.2.0/m2/libgcc.a(_usi_to_sf.o)
 .debug_rnglists
                0x00000079       0x1f /opt/sh-elf/lib/gcc/sh-elf/13.2.0/m2/libgcc.a(_clzsi2.o)
 .debug_rnglists
                0x00000098       0x33 /opt/sh-elf/lib/gcc/sh-elf/13.2.0/m2/libgcc.a(_pack_sf.o)

.debug_line     0x00000000      0xa80
 .debug_line    0x00000000      0x23e /opt/sh-elf/lib/gcc/sh-elf/13.2.0/m2/libgcc.a(_mul_sf.o)
 .debug_line    0x0000023e      0x122 /opt/sh-elf/lib/gcc/sh-elf/13.2.0/m2/libgcc.a(_si_to_sf.o)
 .debug_line    0x00000360       0xf3 /opt/sh-elf/lib/gcc/sh-elf/13.2.0/m2/libgcc.a(_sf_to_si.o)
 .debug_line    0x00000453       0x48 /opt/sh-elf/lib/gcc/sh-elf/13.2.0/m2/libgcc.a(_thenan_sf.o)
 .debug_line    0x0000049b      0x13c /opt/sh-elf/lib/gcc/sh-elf/13.2.0/m2/libgcc.a(_usi_to_sf.o)
 .debug_line    0x000005d7       0xde /opt/sh-elf/lib/gcc/sh-elf/13.2.0/m2/libgcc.a(_clzsi2.o)
 .debug_line    0x000006b5      0x247 /opt/sh-elf/lib/gcc/sh-elf/13.2.0/m2/libgcc.a(_pack_sf.o)
 .debug_line    0x000008fc      0x131 /opt/sh-elf/lib/gcc/sh-elf/13.2.0/m2/libgcc.a(_unpack_sf.o)
 .debug_line    0x00000a2d       0x4a /opt/sh-elf/lib/gcc/sh-elf/13.2.0/m2/libgcc.a(_clz.o)

.debug_str      0x00000000     0x1140
 .debug_str     0x00000000      0x258 /opt/sh-elf/lib/gcc/sh-elf/13.2.0/m2/libgcc.a(_mul_sf.o)
 .debug_str     0x00000258      0x205 /opt/sh-elf/lib/gcc/sh-elf/13.2.0/m2/libgcc.a(_si_to_sf.o)
 .debug_str     0x0000045d      0x21c /opt/sh-elf/lib/gcc/sh-elf/13.2.0/m2/libgcc.a(_sf_to_si.o)
 .debug_str     0x00000679      0x1c4 /opt/sh-elf/lib/gcc/sh-elf/13.2.0/m2/libgcc.a(_thenan_sf.o)
 .debug_str     0x0000083d      0x201 /opt/sh-elf/lib/gcc/sh-elf/13.2.0/m2/libgcc.a(_usi_to_sf.o)
 .debug_str     0x00000a3e      0x187 /opt/sh-elf/lib/gcc/sh-elf/13.2.0/m2/libgcc.a(_clzsi2.o)
 .debug_str     0x00000bc5      0x210 /opt/sh-elf/lib/gcc/sh-elf/13.2.0/m2/libgcc.a(_pack_sf.o)
 .debug_str     0x00000dd5      0x1f2 /opt/sh-elf/lib/gcc/sh-elf/13.2.0/m2/libgcc.a(_unpack_sf.o)
 .debug_str     0x00000fc7      0x16a /opt/sh-elf/lib/gcc/sh-elf/13.2.0/m2/libgcc.a(_clz.o)

.debug_frame    0x00000000      0x1c0
 .debug_frame   0x00000000       0x48 /opt/sh-elf/lib/gcc/sh-elf/13.2.0/m2/libgcc.a(_mul_sf.o)
 .debug_frame   0x00000048       0x3c /opt/sh-elf/lib/gcc/sh-elf/13.2.0/m2/libgcc.a(_si_to_sf.o)
 .debug_frame   0x00000084       0x48 /opt/sh-elf/lib/gcc/sh-elf/13.2.0/m2/libgcc.a(_sf_to_si.o)
 .debug_frame   0x000000cc       0x60 /opt/sh-elf/lib/gcc/sh-elf/13.2.0/m2/libgcc.a(_usi_to_sf.o)
 .debug_frame   0x0000012c       0x38 /opt/sh-elf/lib/gcc/sh-elf/13.2.0/m2/libgcc.a(_clzsi2.o)
 .debug_frame   0x00000164       0x30 /opt/sh-elf/lib/gcc/sh-elf/13.2.0/m2/libgcc.a(_pack_sf.o)
 .debug_frame   0x00000194       0x20 /opt/sh-elf/lib/gcc/sh-elf/13.2.0/m2/libgcc.a(_unpack_sf.o)
