Archive member included to satisfy reference by file (symbol)

/home/pi/joengine/Compiler/COMMON/SGL_302j/LIB_ELF/SEGA_SYS.A(sys_exit.o)
                              /home/pi/joengine/jo_engine/core.o (symbol from plugin) (_SYS_Exit)
/home/pi/joengine/Compiler/COMMON/SGL_302j/LIB_ELF/SEGA_SYS.A(sys_sub.o)
                              /home/pi/joengine/Compiler/COMMON/SGL_302j/LIB_ELF/SEGA_SYS.A(sys_exit.o) (_SYSUB_SetStackptr)
/home/pi/joengine/Compiler/COMMON/SGL_302j/LIB_ELF/LIBCD.A(CDC_CMN.O)
                              /home/pi/joengine/Compiler/COMMON/SGL_302j/LIB_ELF/SEGA_SYS.A(sys_exit.o) (_CDC_GetCurStat)
/home/pi/joengine/Compiler/COMMON/SGL_302j/LIB_ELF/LIBCD.A(CDC_CFS.O)
                              /home/pi/joengine/Compiler/COMMON/SGL_302j/LIB_ELF/SEGA_SYS.A(sys_exit.o) (_CDC_ChgDir)
/home/pi/joengine/Compiler/COMMON/SGL_302j/LIB_ELF/LIBCD.A(CDC_REG.O)
                              /home/pi/joengine/Compiler/COMMON/SGL_302j/LIB_ELF/SEGA_SYS.A(sys_exit.o) (_CDC_GetHirqReq)
/home/pi/joengine/Compiler/COMMON/SGL_302j/LIB_ELF/LIBCD.A(CDC_SUB.O)
                              /home/pi/joengine/Compiler/COMMON/SGL_302j/LIB_ELF/LIBCD.A(CDC_CMN.O) (_CDSUB_UpdStatus)
/home/pi/joengine/Compiler/COMMON/SGL_302j/LIB_ELF/LIBCD.A(GFS.O)
                              /home/pi/joengine/jo_engine/fs.o (symbol from plugin) (_GFS_Init)
/home/pi/joengine/Compiler/COMMON/SGL_302j/LIB_ELF/LIBCD.A(GFS_BUF.O)
                              /home/pi/joengine/Compiler/COMMON/SGL_302j/LIB_ELF/LIBCD.A(GFS.O) (_GFBF_GetNumData)
/home/pi/joengine/Compiler/COMMON/SGL_302j/LIB_ELF/LIBCD.A(GFS_CDB.O)
                              /home/pi/joengine/Compiler/COMMON/SGL_302j/LIB_ELF/LIBCD.A(GFS.O) (_GFCB_Close)
/home/pi/joengine/Compiler/COMMON/SGL_302j/LIB_ELF/LIBCD.A(GFS_CDC.O)
                              /home/pi/joengine/Compiler/COMMON/SGL_302j/LIB_ELF/LIBCD.A(GFS.O) (_GFCD_SetCdbfs)
/home/pi/joengine/Compiler/COMMON/SGL_302j/LIB_ELF/LIBCD.A(GFS_CDF.O)
                              /home/pi/joengine/Compiler/COMMON/SGL_302j/LIB_ELF/LIBCD.A(GFS.O) (_GFCF_Init)
/home/pi/joengine/Compiler/COMMON/SGL_302j/LIB_ELF/LIBCD.A(GFS_DIR.O)
                              /home/pi/joengine/Compiler/COMMON/SGL_302j/LIB_ELF/LIBCD.A(GFS.O) (_GFDR_SetupDirTbl)
/home/pi/joengine/Compiler/COMMON/SGL_302j/LIB_ELF/LIBCD.A(GFS_TRN.O)
                              /home/pi/joengine/Compiler/COMMON/SGL_302j/LIB_ELF/LIBCD.A(GFS.O) (_GFTR_Setup)
/home/pi/joengine/Compiler/COMMON/SGL_302j/LIB_ELF/LIBCD.A(CDC_DRV.O)
                              /home/pi/joengine/Compiler/COMMON/SGL_302j/LIB_ELF/LIBCD.A(GFS_CDC.O) (_CDC_CdPlay)
/home/pi/joengine/Compiler/COMMON/SGL_302j/LIB_ELF/LIBCD.A(CDC_DEV.O)
                              /home/pi/joengine/Compiler/COMMON/SGL_302j/LIB_ELF/LIBCD.A(GFS_CDC.O) (_CDC_CdSetCon)
/home/pi/joengine/Compiler/COMMON/SGL_302j/LIB_ELF/LIBCD.A(CDC_SEL.O)
                              /home/pi/joengine/Compiler/COMMON/SGL_302j/LIB_ELF/LIBCD.A(GFS_CDC.O) (_CDC_SetFiltRange)
/home/pi/joengine/Compiler/COMMON/SGL_302j/LIB_ELF/LIBCD.A(CDC_BIF.O)
                              /home/pi/joengine/Compiler/COMMON/SGL_302j/LIB_ELF/LIBCD.A(GFS_CDC.O) (_CDC_GetBufSiz)
/home/pi/joengine/Compiler/COMMON/SGL_302j/LIB_ELF/LIBCD.A(CDC_BIO.O)
                              /home/pi/joengine/Compiler/COMMON/SGL_302j/LIB_ELF/LIBCD.A(GFS_CDC.O) (_CDC_SetSctLen)
/home/pi/joengine/Compiler/COMMON/SGL_302j/LIB_ELF/LIBSGL.A(sglA01.o)
                              /home/pi/joengine/jo_engine/math.o (symbol from plugin) (_slSin)
/home/pi/joengine/Compiler/COMMON/SGL_302j/LIB_ELF/LIBSGL.A(sglA15.o)
                              /home/pi/joengine/jo_engine/slave.o (symbol from plugin) (_slSlaveFunc)
/home/pi/joengine/Compiler/COMMON/SGL_302j/LIB_ELF/LIBSGL.A(sglB001.o)
                              /home/pi/joengine/jo_engine/core.o (symbol from plugin) (_slTVOn)
/home/pi/joengine/Compiler/COMMON/SGL_302j/LIB_ELF/LIBSGL.A(sglB011.o)
                              /home/pi/joengine/jo_engine/vdp2.o (symbol from plugin) (_slBitMapNbg1)
/home/pi/joengine/Compiler/COMMON/SGL_302j/LIB_ELF/LIBSGL.A(sglB014.o)
                              /home/pi/joengine/jo_engine/vdp2.o (symbol from plugin) (_slScrTransparent)
/home/pi/joengine/Compiler/COMMON/SGL_302j/LIB_ELF/LIBSGL.A(sglB015.o)
                              /home/pi/joengine/jo_engine/vdp2.o (symbol from plugin) (_slScrAutoDisp)
/home/pi/joengine/Compiler/COMMON/SGL_302j/LIB_ELF/LIBSGL.A(sglB016.o)
                              /home/pi/joengine/jo_engine/vdp2.o (symbol from plugin) (_slBack1ColSet)
/home/pi/joengine/Compiler/COMMON/SGL_302j/LIB_ELF/LIBSGL.A(sglB020.o)
                              /home/pi/joengine/jo_engine/vdp2.o (symbol from plugin) (_slColorCalc)
/home/pi/joengine/Compiler/COMMON/SGL_302j/LIB_ELF/LIBSGL.A(sglB021.o)
                              /home/pi/joengine/jo_engine/vdp2.o (symbol from plugin) (_slColorCalcOn)
[...]
Memory Configuration

Name             Origin             Length             Attributes
*default*        0x00000000         0xffffffff

Linker script and memory map


SLSTART         0x06004000       0x30
                0x06004000                        ___Start = .
 *(SLSTART)
 SLSTART        0x06004000       0x28 /home/pi/joengine/Compiler/COMMON/SGL_302j/LIB_ELF/LIBSGL.A(sglI00.o)
                0x06004000                SGL_Start
                0x06004002                _slStartSGL

.text           0x06004040     0xc3f0
 *(.text)
 .text          0x06004040        0x0 /home/pi/joengine/Compiler/COMMON/SGL_302j/LIB_ELF/SGLAREA.O
 .text          0x06004040     0x4ddc /tmp/cct0zhhS.ltrans0.ltrans.o
                0x0600667c                _memcpy
                0x06006698                _memset
                0x060066b0                _memcmp
                0x060066d8                _strncmp
                0x0600670c                _strncpy
 *fill*         0x06008e1c        0x4
 .text          0x06008e20      0x238 /home/pi/joengine/Compiler/COMMON/SGL_302j/LIB_ELF/SEGA_SYS.A(sys_exit.o)
                0x06008e20                _sys_version
                0x06008e40                _SYS_Exit
 *fill*         0x06009058        0x8
 .text          0x06009060        0x6 /home/pi/joengine/Compiler/COMMON/SGL_302j/LIB_ELF/SEGA_SYS.A(sys_sub.o)
                0x06009060                _SYSUB_SetStackptr
 *fill*         0x06009066        0xa
 .text          0x06009070      0x3a0 /home/pi/joengine/Compiler/COMMON/SGL_302j/LIB_ELF/LIBCD.A(CDC_CMN.O)
                0x06009070                _CDC_GetCurStat
                0x060090c0                _CDC_GetLastStat
                0x060090d8                _CDC_GetPeriStat
                0x060091ac                _CDC_GetHwInfo
                0x06009214                _CDC_TgetToc
                0x06009264                _CDC_GetSes
                0x060092a0                _CDC_CdInit
                0x06009324                _CDC_CdOpen
                0x0600934c                _CDC_DataReady
                0x060093b8                _CDC_DataEnd
 .text          0x06009410      0x194 /home/pi/joengine/Compiler/COMMON/SGL_302j/LIB_ELF/LIBCD.A(CDC_CFS.O)
                0x06009410                _CDC_ChgDir
                0x06009444                _CDC_ReadDir
                0x06009478                _CDC_GetFileScope
                0x060094d8                _CDC_TgetFileInfo
                0x06009534                _CDC_ReadFile
                0x06009568                _CDC_AbortFile
 *fill*         0x060095a4        0xc
 .text          0x060095b0      0x2dc /home/pi/joengine/Compiler/COMMON/SGL_302j/LIB_ELF/LIBCD.A(CDC_REG.O)
                0x060095b0                _CDC_GetDataPtr
                0x060095c0                _CDC_GetHirqReq
                0x060095d4                _CDC_ClrHirqReq
                0x06009604                _CDREG_ClrHirqReq
                0x06009614                _CDREG_InitHirqReq
                0x0600963c                _CDREG_SetHirqFlag
                0x06009650                _CDC_GetHirqMsk
                0x06009664                _CDC_SetHirqMsk
                0x06009674                _CDC_GetMpegPtr
                0x06009684                _CDREG_TgetData
                0x060096e0                _CDREG_CmdRsp
                0x060097e0                _CDREG_WaitHirq
                0x06009850                _CDREG_ReadRsp
 *fill*         0x0600988c        0x4
 .text          0x06009890      0x152 /home/pi/joengine/Compiler/COMMON/SGL_302j/LIB_ELF/LIBCD.A(CDC_SUB.O)
                0x06009890                _CDSUB_UpdStatus
                0x060098a8                _CDSUB_UpdCdstat
                0x060098c8                _CDSUB_CdCmd
                0x06009938                _CDSUB_GetCdstat
                0x06009978                _CDSUB_RspToCdstat
                0x060099c0                _CDSUB_SoftTimer
 *fill*         0x060099e2        0xe
 .text          0x060099f0     0x1adc /home/pi/joengine/Compiler/COMMON/SGL_302j/LIB_ELF/LIBCD.A(GFS.O)
                0x060099f0                _gfs_version
                0x06009a10                _GFS_Init
                0x06009af8                _GFS_LoadDir
                0x06009ba0                _GFS_SetDir
                0x06009c08                _GFS_NameToId
                0x06009c6c                _GFS_IdToName
                0x06009cd8                _GFS_GetDirInfo
                0x06009d48                _GFS_Reset
                0x06009dcc                _GFS_Open
                0x06009e80                _GFS_Close
                0x06009eb8                _GFS_Seek
                0x06009f6c                _GFS_Tell
                0x06009fbc                _GFS_IsEof
                0x0600a010                _GFS_ByteToSct
                0x0600a06c                _GFS_GetFileSize
                0x0600a0c8                _GFS_GetFileInfo
                0x0600a13c                _GFS_GetNumCdbuf
                0x0600a164                _GFS_Load
                0x0600a228                _GFS_Fread
                0x0600a2c4                _gfs_waitRead
                0x0600a36c                _GFS_NwFread
                0x0600a478                _GFS_NwCdRead
                0x0600a4f0                _GFS_NwIsComplete
                0x0600a528                _GFS_NwStop
                0x0600a594                _GFS_NwGetStat
                0x0600a610                _gfs_recovRdErr
                0x0600a640                _GFS_NwExecOne
                0x0600a700                _GFS_NwExecServer
                0x0600a77c                _GFS_SetGmode
                0x0600a7e0                _GFS_SetTmode
                0x0600a84c                _GFS_SetReadPara
                0x0600a8b0                _GFS_SetTransPara
                0x0600a91c                _GFS_SetTrFunc
                0x0600a980                _GFS_StartTrans
                0x0600a9cc                _GFS_CdMovePickup
                0x0600aa38                _GFS_SetErrFunc
                0x0600aa64                _GFS_GetErrStat
                0x0600aa88                _GFS_ConvTno
                0x0600aab0                _gfs_chgRoot
                0x0600ab7c                _gfs_aborttrans
                0x0600ab88                _gfs_mngSetupFuncTbl
                0x0600abbc                _gfs_mngInitWork
                0x0600ac60                _gfs_mngGetNumFile
                0x0600acc8                _GFS_mngAllocGrp
                0x0600ad10                _gfs_mngFreeGrp
                0x0600ad1c                _gfs_mngTermAccess
                0x0600ada0                _gfs_mngSetErrCode
                0x0600ae20                _gfs_svrSearchHndl
                0x0600ae60                _gfs_svrAddHndl
                0x0600ae9c                _gfs_svrRemoveHndl
                0x0600aef8                _GFS_OpenSub
                0x0600af50                _gfs_loadVol
                0x0600b014                _gfs_getRootDir
                0x0600b110                _gfs_loadRootDir
                0x0600b198                _gfs_flowIn
                0x0600b240                _gfs_transData
                0x0600b2e4                _GFS_GetFad
                0x0600b33c                _gfs_SetSct
                0x0600b37c                _gfs_GetFinfo
                0x0600b3bc                _gfs_closeSub
                0x0600b3f8                _gfs_getGmode
                0x0600b404                _gfs_isTaskDone
                0x0600b458                _gfs_convFinStat
 *fill*         0x0600b4cc        0x4
 .text          0x0600b4d0      0x106 /home/pi/joengine/Compiler/COMMON/SGL_302j/LIB_ELF/LIBCD.A(GFS_BUF.O)
                0x0600b500                _GFBF_GetTranData
                0x0600b528                _GFBF_GetNumData
                0x0600b558                _GFBF_GetSrcPk
                0x0600b580                _GFBF_GetSctData
                0x0600b5a4                _GFBF_RtnPk
                0x0600b5cc                _gfbf_getSctDt
 *fill*         0x0600b5d6        0xa
 .text          0x0600b5e0      0x600 /home/pi/joengine/Compiler/COMMON/SGL_302j/LIB_ELF/LIBCD.A(GFS_CDB.O)
                0x0600b5e0                _GFCB_Setup
                0x0600b700                _GFCB_Close
                0x0600b728                _GFCB_GetLenData
                0x0600b7d4                _GFCB_GetLenRoom
                0x0600b7e0                _GFCB_SetFilt
                0x0600b848                _GFCB_DeleteAllData
                0x0600b870                _GFCB_Tell
                0x0600b880                _gfcb_getSctNum
                0x0600b8d0                _GFCB_Seek
                0x0600b9cc                _GFCB_GetSrcPack
                0x0600baac                _GFCB_GetSctData
                0x0600bae4                _GFCB_GetDstPack
                0x0600baf0                _GFCB_RtnPk
                0x0600bb38                _GFCB_MovePickup
                0x0600bb54                _GFCB_SetCon
                0x0600bb88                _GFCB_GetPickup
                0x0600bbb0                _GFCB_IsPuOwner
                0x0600bbc8                _GFCB_UngetPickup
 .text          0x0600bbe0     0x1a10 /home/pi/joengine/Compiler/COMMON/SGL_302j/LIB_ELF/LIBCD.A(GFS_CDC.O)
                0x0600bbe0                _GFCD_SetCdbfs
                0x0600bc0c                _GFCD_Init
                0x0600be10                _GFCD_AllocFilt
                0x0600be4c                _GFCD_FreeFilt
                0x0600be7c                _GFCD_AllocBuf
                0x0600beb0                _GFCD_FreeBuf
                0x0600bf54                _GFCD_GetBaseFad
                0x0600bf88                _GFCD_GetPickup
                0x0600bfbc                _GFCD_UngetPickup
                0x0600bfe8                _GFCD_IsPuOwner
                0x0600c00c                _GFCD_SetFilt
                0x0600c0d0                _GFCD_GetFilt
                0x0600c118                _GFCD_SetCon
                0x0600c170                _GFCD_Play
                0x0600c1d0                _GFCD_GetLenData
                0x0600c238                _GFCD_ReqData
                0x0600c294                _GFCD_EndData
                0x0600c2dc                _GFCD_DelSctData
                0x0600c334                _GFCD_CheckDelSctData
                0x0600c364                _GFCD_GetStat
                0x0600c418                _GFCD_MovePickup
                0x0600c464                _GFCD_MoveSctData
                0x0600c4d8                _GFCD_CheckMove
                0x0600c4fc                _GFCD_GetSctInfo
                0x0600c544                _GFCD_ChgDir
                0x0600c5b8                _GFCD_SetFiltCon
                0x0600c6a0                _GFCD_GetFileInfo
                0x0600c77c                _GFCD_GetBufSiz
                0x0600c7b4                _GFCD_ExecServer
                0x0600c888                _gfcd_isIdleTask
                0x0600c914                _gfcd_doTask
                0x0600c9c0                _GFCD_SetTimer
                0x0600c9d4                _GFCD_WaitServer
                0x0600ca10                _gfcd_doSetFiltTsk
                0x0600cbd4                _gfcd_doSetConTsk
                0x0600cc64                _gfcd_doGetLenDataTsk
                0x0600cdb8                _gfcd_doReqDataTsk
                0x0600ce58                _gfcd_doDelSctDataTsk
                0x0600cf8c                _gfcd_doMoveSctTsk
                0x0600d0f0                _gfcd_doChgDirTsk
                0x0600d2ec                _gfcd_doSetFiltConTsk
                0x0600d430                _gfcd_checkEflag
                0x0600d454                _gfcd_initCdbMng
                0x0600d4d4                _gfcd_setStat
                0x0600d500                _GFCD_SetCsctFunc
                0x0600d51c                _GFCD_ChkScdqFlag
                0x0600d540                _GFCD_ClrScdqFlag
                0x0600d55c                _GFCD_WaitScdqFlag
                0x0600d5a0                _GFCD_WaitPause
 .text          0x0600d5f0      0x8d8 /home/pi/joengine/Compiler/COMMON/SGL_302j/LIB_ELF/LIBCD.A(GFS_CDF.O)
                0x0600d5f0                _GFCF_Init
                0x0600d690                _GFCF_Setup
                0x0600d7d8                _GFCF_SetSct
                0x0600d81c                _GFCF_GetFileInfo
                0x0600d890                _GFCF_FlowInBuf
                0x0600d9e4                _GFCF_StopInBuf
                0x0600da84                _GFCF_Recover
                0x0600dacc                _GFCF_Tell
                0x0600dae4                _GFCF_Seek
                0x0600dafc                _GFCF_MovePickup
                0x0600db98                _GFCF_cnvIntlvOfs
                0x0600dbec                _GFCF_GetStat
                0x0600dc84                _gfcf_getSctSize
                0x0600dcc0                _gfcf_isCdOk
                0x0600dd80                _gfcf_getPlayRange
 *fill*         0x0600dec8        0x8
 .text          0x0600ded0      0x92c /home/pi/joengine/Compiler/COMMON/SGL_302j/LIB_ELF/LIBCD.A(GFS_DIR.O)
                0x0600ded0                _GFDR_SetupDirTbl
                0x0600df44                _GFDR_NameToId
                0x0600dfa4                _GFDR_GetInfoDirId
                0x0600dfb8                _GFDR_GetInfoDirName
                0x0600dfcc                _GFDR_GetAtrDirId
                0x0600dfe4                _GFDR_GetAtrDirName
                0x0600dffc                _GFDR_ChgRoot
                0x0600e014                _GFDR_ChgDir
                0x0600e088                _gfdr_setupDirIdTbl
                0x0600e10c                _gfdr_setupDirNameTbl
                0x0600e1b8                _gfdr_open
                0x0600e1e0                _gfdr_read
                0x0600e2a0                _gfdr_readByte
                0x0600e2cc                _gfdr_readWord
                0x0600e2f8                _gfdr_readWordNB
                0x0600e34c                _gfdr_readLongNB
                0x0600e398                _gfdr_readLongNM
                0x0600e3c0                _gfdr_setNextRec
                0x0600e444                _gfdr_readDirEnt
                0x0600e7c0                _gfdr_setDirrecCd
 *fill*         0x0600e7fc        0x4
 .text          0x0600e800      0x9c6 /home/pi/joengine/Compiler/COMMON/SGL_302j/LIB_ELF/LIBCD.A(GFS_TRN.O)
                0x0600e830                _GFTR_Setup
                0x0600e874                _GFTR_SetMode
                0x0600e888                _GFTR_SetUnit
                0x0600e894                _GFTR_SetTransPara
                0x0600e8c8                _GFTR_GetTransPara
                0x0600e8d4                _GFTR_GetNumTrans
                0x0600e8e0                _GFTR_SetTransMax
                0x0600e8ec                _GFTR_Start
                0x0600e8f8                _GFTR_Pause
                0x0600e904                _GFTR_Stop
                0x0600e9bc                _GFTR_Exec
                0x0600ea40                _GFTR_Idle
                0x0600eab8                _GFTR_ExecSvr
                0x0600ebc0                _gftr_getSrcPack
                0x0600ec48                _gftr_getDstPack
                0x0600eca4                _gftr_reqScu
                0x0600ecb0                _gftr_execScu
                0x0600ed4c                _gftr_remScu
                0x0600ed80                _gfdma_canUse
                0x0600ed8c                _gfdma_exec
                0x0600edfc                _gfdma_getBytecnt
                0x0600ee34                _gftr_reqDma0
                0x0600ee4c                _gftr_execSdma0
                0x0600ee70                _gftr_remDma0
                0x0600ee88                _gftr_reqDma1
                0x0600eea0                _gftr_execSdma1
                0x0600eec4                _gftr_remDma1
                0x0600eedc                _gftr_reqCpu
                0x0600eee8                _gftr_execCpu
                0x0600ef28                _gftr_remCpu
                0x0600ef34                _gftr_reqTrn
                0x0600efa4                _gftr_execTrn
                0x0600f07c                _gftr_remTrn
                0x0600f0f0                _gftr_copyFrac
                0x0600f118                _GFTR_GetLenData
                0x0600f124                _GFTR_GetLenRoom
                0x0600f13c                _GFTR_GetDstPack
                0x0600f170                _GFTR_RtnDstPk
                0x0600f18c                _GFTR_GetData
                0x0600f1a0                _GFTR_SetData
                0x0600f1b4                _GFTR_SetTransFunc
 *fill*         0x0600f1c6        0xa
 .text          0x0600f1d0      0x130 /home/pi/joengine/Compiler/COMMON/SGL_302j/LIB_ELF/LIBCD.A(CDC_DRV.O)
                0x0600f1d0                _CDC_CdPlay
                0x0600f29c                _CDC_CdSeek
                0x0600f2d0                _CDC_CdScan
 .text          0x0600f300       0xa8 /home/pi/joengine/Compiler/COMMON/SGL_302j/LIB_ELF/LIBCD.A(CDC_DEV.O)
                0x0600f300                _CDC_CdSetCon
                0x0600f330                _CDC_CdGetCon
                0x0600f36c                _CDC_CdGetLastBuf
 *fill*         0x0600f3a8        0x8
 .text          0x0600f3b0      0x2b8 /home/pi/joengine/Compiler/COMMON/SGL_302j/LIB_ELF/LIBCD.A(CDC_SEL.O)
                0x0600f3b0                _CDC_SetFiltRange
                0x0600f3e4                _CDC_GetFiltRange
                0x0600f43c                _CDC_SetFiltSubh
                0x0600f4ac                _CDC_GetFiltSubh
                0x0600f528                _CDC_SetFiltMode
                0x0600f55c                _CDC_GetFiltMode
                0x0600f5a0                _CDC_SetFiltCon
                0x0600f5e0                _CDC_GetFiltCon
                0x0600f634                _CDC_ResetSelector
 *fill*         0x0600f668        0x8
 .text          0x0600f670      0x270 /home/pi/joengine/Compiler/COMMON/SGL_302j/LIB_ELF/LIBCD.A(CDC_BIF.O)
                0x0600f670                _CDC_GetBufSiz
                0x0600f6cc                _CDC_GetSctNum
                0x0600f710                _CDC_CalActSiz
                0x0600f74c                _CDC_GetActSiz
                0x0600f7cc                _CDC_GetSctInfo
                0x0600f84c                _CDC_ExeFadSearch
                0x0600f884                _CDC_GetFadSearch
 .text          0x0600f8e0      0x1e4 /home/pi/joengine/Compiler/COMMON/SGL_302j/LIB_ELF/LIBCD.A(CDC_BIO.O)
                0x0600f8e0                _CDC_SetSctLen
                0x0600f914                _CDC_GetSctData
                0x0600f950                _CDC_DelSctData
                0x0600f98c                _CDC_GetdelSctData
                0x0600f9c8                _CDC_PutSctData
                0x0600fa00                _CDC_CopySctData
                0x0600fa44                _CDC_MoveSctData
                0x0600fa88                _CDC_GetCopyErr
 *fill*         0x0600fac4        0xc
 .text          0x0600fad0        0x0 /home/pi/joengine/Compiler/COMMON/SGL_302j/LIB_ELF/LIBSGL.A(sglA01.o)
 .text          0x0600fad0        0x0 /home/pi/joengine/Compiler/COMMON/SGL_302j/LIB_ELF/LIBSGL.A(sglA15.o)
 .text          0x0600fad0        0x0 /home/pi/joengine/Compiler/COMMON/SGL_302j/LIB_ELF/LIBSGL.A(sglB001.o)
 .text          0x0600fad0        0x0 /home/pi/joengine/Compiler/COMMON/SGL_302j/LIB_ELF/LIBSGL.A(sglB011.o)
 .text          0x0600fad0        0x0 /home/pi/joengine/Compiler/COMMON/SGL_302j/LIB_ELF/LIBSGL.A(sglB014.o)
 .text          0x0600fad0        0x0 /home/pi/joengine/Compiler/COMMON/SGL_302j/LIB_ELF/LIBSGL.A(sglB015.o)
 .text          0x0600fad0        0x0 /home/pi/joengine/Compiler/COMMON/SGL_302j/LIB_ELF/LIBSGL.A(sglB016.o)
 .text          0x0600fad0        0x0 /home/pi/joengine/Compiler/COMMON/SGL_302j/LIB_ELF/LIBSGL.A(sglB020.o)
 .text          0x0600fad0        0x0 /home/pi/joengine/Compiler/COMMON/SGL_302j/LIB_ELF/LIBSGL.A(sglB021.o)
 .text          0x0600fad0        0x0 /home/pi/joengine/Compiler/COMMON/SGL_302j/LIB_ELF/LIBSGL.A(sglB023.o)
 .text          0x0600fad0        0x0 /home/pi/joengine/Compiler/COMMON/SGL_302j/LIB_ELF/LIBSGL.A(sglB027.o)
 .text          0x0600fad0        0x0 /home/pi/joengine/Compiler/COMMON/SGL_302j/LIB_ELF/LIBSGL.A(sglB031.o)
 .text          0x0600fad0        0x0 /home/pi/joengine/Compiler/COMMON/SGL_302j/LIB_ELF/LIBSGL.A(sglB032.o)
 .text          0x0600fad0        0x0 /home/pi/joengine/Compiler/COMMON/SGL_302j/LIB_ELF/LIBSGL.A(sglB033.o)
 .text          0x0600fad0        0x0 /home/pi/joengine/Compiler/COMMON/SGL_302j/LIB_ELF/LIBSGL.A(sglB034.o)
 .text          0x0600fad0        0x0 /home/pi/joengine/Compiler/COMMON/SGL_302j/LIB_ELF/LIBSGL.A(sglB035.o)
 .text          0x0600fad0        0x0 /home/pi/joengine/Compiler/COMMON/SGL_302j/LIB_ELF/LIBSGL.A(sglB036.o)
 .text          0x0600fad0        0x0 /home/pi/joengine/Compiler/COMMON/SGL_302j/LIB_ELF/LIBSGL.A(sglB038.o)
 .text          0x0600fad0        0x0 /home/pi/joengine/Compiler/COMMON/SGL_302j/LIB_ELF/LIBSGL.A(sglB039.o)
 .text          0x0600fad0        0x0 /home/pi/joengine/Compiler/COMMON/SGL_302j/LIB_ELF/LIBSGL.A(sglB040.o)
 .text          0x0600fad0        0x0 /home/pi/joengine/Compiler/COMMON/SGL_302j/LIB_ELF/LIBSGL.A(sglB041.o)
 .text          0x0600fad0        0x0 /home/pi/joengine/Compiler/COMMON/SGL_302j/LIB_ELF/LIBSGL.A(sglB043.o)
 .text          0x0600fad0        0x0 /home/pi/joengine/Compiler/COMMON/SGL_302j/LIB_ELF/LIBSGL.A(sglB047.o)
 .text          0x0600fad0        0x0 /home/pi/joengine/Compiler/COMMON/SGL_302j/LIB_ELF/LIBSGL.A(sglB048.o)
 .text          0x0600fad0        0x0 /home/pi/joengine/Compiler/COMMON/SGL_302j/LIB_ELF/LIBSGL.A(sglB055.o)
 .text          0x0600fad0        0x0 /home/pi/joengine/Compiler/COMMON/SGL_302j/LIB_ELF/LIBSGL.A(sglB056.o)
 .text          0x0600fad0        0x0 /home/pi/joengine/Compiler/COMMON/SGL_302j/LIB_ELF/LIBSGL.A(sglB057.o)
 .text          0x0600fad0        0x0 /home/pi/joengine/Compiler/COMMON/SGL_302j/LIB_ELF/LIBSGL.A(sglB058.o)
 .text          0x0600fad0        0x0 /home/pi/joengine/Compiler/COMMON/SGL_302j/LIB_ELF/LIBSGL.A(sglB059.o)
 .text          0x0600fad0        0x0 /home/pi/joengine/Compiler/COMMON/SGL_302j/LIB_ELF/LIBSGL.A(sglB060.o)
 .text          0x0600fad0        0x0 /home/pi/joengine/Compiler/COMMON/SGL_302j/LIB_ELF/LIBSGL.A(sglB063.o)
 .text          0x0600fad0        0x0 /home/pi/joengine/Compiler/COMMON/SGL_302j/LIB_ELF/LIBSGL.A(sglB087.o)
 .text          0x0600fad0        0x0 /home/pi/joengine/Compiler/COMMON/SGL_302j/LIB_ELF/LIBSGL.A(sglB088.o)
 .text          0x0600fad0        0x0 /home/pi/joengine/Compiler/COMMON/SGL_302j/LIB_ELF/LIBSGL.A(sglB090.o)
 .text          0x0600fad0        0x0 /home/pi/joengine/Compiler/COMMON/SGL_302j/LIB_ELF/LIBSGL.A(sglB117.o)
 .text          0x0600fad0        0x0 /home/pi/joengine/Compiler/COMMON/SGL_302j/LIB_ELF/LIBSGL.A(sglB200.o)
 .text          0x0600fad0        0x0 /home/pi/joengine/Compiler/COMMON/SGL_302j/LIB_ELF/LIBSGL.A(sglC05.o)
 .text          0x0600fad0        0x0 /home/pi/joengine/Compiler/COMMON/SGL_302j/LIB_ELF/LIBSGL.A(sglC06.o)
 .text          0x0600fad0        0x0 /home/pi/joengine/Compiler/COMMON/SGL_302j/LIB_ELF/LIBSGL.A(sglC07.o)
 .text          0x0600fad0        0x0 /home/pi/joengine/Compiler/COMMON/SGL_302j/LIB_ELF/LIBSGL.A(sglC17.o)
 .text          0x0600fad0        0x0 /home/pi/joengine/Compiler/COMMON/SGL_302j/LIB_ELF/LIBSGL.A(sglC19.o)
 .text          0x0600fad0        0x0 /home/pi/joengine/Compiler/COMMON/SGL_302j/LIB_ELF/LIBSGL.A(sglC20.o)
 .text          0x0600fad0        0x0 /home/pi/joengine/Compiler/COMMON/SGL_302j/LIB_ELF/LIBSGL.A(sglC21.o)
 .text          0x0600fad0        0x0 /home/pi/joengine/Compiler/COMMON/SGL_302j/LIB_ELF/LIBSGL.A(sglD00.o)
 .text          0x0600fad0        0x0 /home/pi/joengine/Compiler/COMMON/SGL_302j/LIB_ELF/LIBSGL.A(sglD01.o)
 .text          0x0600fad0        0x0 /home/pi/joengine/Compiler/COMMON/SGL_302j/LIB_ELF/LIBSGL.A(sglD03.o)
 .text          0x0600fad0        0x0 /home/pi/joengine/Compiler/COMMON/SGL_302j/LIB_ELF/LIBSGL.A(sglD15.o)
 .text          0x0600fad0        0x0 /home/pi/joengine/Compiler/COMMON/SGL_302j/LIB_ELF/LIBSGL.A(sglD16.o)
 .text          0x0600fad0        0x0 /home/pi/joengine/Compiler/COMMON/SGL_302j/LIB_ELF/LIBSGL.A(sglD17.o)
 .text          0x0600fad0        0x0 /home/pi/joengine/Compiler/COMMON/SGL_302j/LIB_ELF/LIBSGL.A(sglD18.o)
 .text          0x0600fad0        0x0 /home/pi/joengine/Compiler/COMMON/SGL_302j/LIB_ELF/LIBSGL.A(sglF08.o)
 .text          0x0600fad0        0x0 /home/pi/joengine/Compiler/COMMON/SGL_302j/LIB_ELF/LIBSGL.A(sglH00.o)
 .text          0x0600fad0        0x0 /home/pi/joengine/Compiler/COMMON/SGL_302j/LIB_ELF/LIBSGL.A(sglH01.o)
 .text          0x0600fad0        0x0 /home/pi/joengine/Compiler/COMMON/SGL_302j/LIB_ELF/LIBSGL.A(sglH02.o)
 .text          0x0600fad0        0x0 /home/pi/joengine/Compiler/COMMON/SGL_302j/LIB_ELF/LIBSGL.A(sglH04.o)
 .text          0x0600fad0        0x0 /home/pi/joengine/Compiler/COMMON/SGL_302j/LIB_ELF/LIBSGL.A(sglI01.o)
 .text          0x0600fad0        0x0 /home/pi/joengine/Compiler/COMMON/SGL_302j/LIB_ELF/LIBSGL.A(sglI04.o)
 .text          0x0600fad0      0x128 /home/pi/joengine/Compiler/COMMON/SGL_302j/LIB_ELF/LIBSGL.A(sglIc0.o)
                0x0600fad0                _slInitSystem
 *fill*         0x0600fbf8        0x8
 .text          0x0600fc00        0x0 /home/pi/joengine/Compiler/COMMON/SGL_302j/LIB_ELF/LIBSGL.A(sglJ00.o)
 .text          0x0600fc00        0x0 /home/pi/joengine/Compiler/COMMON/SGL_302j/LIB_ELF/LIBSGL.A(sglJ01.o)
 .text          0x0600fc00        0x0 /home/pi/joengine/Compiler/COMMON/SGL_302j/LIB_ELF/LIBSGL.A(sglJ02.o)
 .text          0x0600fc00        0x0 /home/pi/joengine/Compiler/COMMON/SGL_302j/LIB_ELF/LIBSGL.A(sglJ03.o)
 .text          0x0600fc00        0x0 /home/pi/joengine/Compiler/COMMON/SGL_302j/LIB_ELF/LIBSGL.A(sglJ04.o)
 .text          0x0600fc00        0x0 /home/pi/joengine/Compiler/COMMON/SGL_302j/LIB_ELF/LIBSGL.A(sglJ05.o)
 .text          0x0600fc00        0x0 /home/pi/joengine/Compiler/COMMON/SGL_302j/LIB_ELF/LIBSGL.A(sglK01.o)
 .text          0x0600fc00        0x0 /home/pi/joengine/Compiler/COMMON/SGL_302j/LIB_ELF/LIBSGL.A(sglM01.o)
 .text          0x0600fc00        0x0 /home/pi/joengine/Compiler/COMMON/SGL_302j/LIB_ELF/LIBSGL.A(sglA00.o)
 .text          0x0600fc00        0x0 /home/pi/joengine/Compiler/COMMON/SGL_302j/LIB_ELF/LIBSGL.A(sglA20.o)
 .text          0x0600fc00        0x0 /home/pi/joengine/Compiler/COMMON/SGL_302j/LIB_ELF/LIBSGL.A(sglB000.o)
 .text          0x0600fc00        0x0 /home/pi/joengine/Compiler/COMMON/SGL_302j/LIB_ELF/LIBSGL.A(sglC00.o)
 .text          0x0600fc00        0x0 /home/pi/joengine/Compiler/COMMON/SGL_302j/LIB_ELF/LIBSGL.A(sglI00.o)
 .text          0x0600fc00        0x0 /home/pi/joengine/Compiler/COMMON/SGL_302j/LIB_ELF/LIBSGL.A(sglH03.o)
 .text          0x0600fc00       0x52 /opt/sh-elf/lib/gcc/sh-elf/13.2.0/m2/libgcc.a(_ashiftrt.o)
                0x0600fc00                ___ashiftrt_r4_31
                0x0600fc00                ___ashiftrt_r4_32
                0x0600fc06                ___ashiftrt_r4_30
                0x0600fc08                ___ashiftrt_r4_29
                0x0600fc0a                ___ashiftrt_r4_28
                0x0600fc0c                ___ashiftrt_r4_27
                0x0600fc0e                ___ashiftrt_r4_26
                0x0600fc10                ___ashiftrt_r4_25
                0x0600fc12                ___ashiftrt_r4_24
                0x0600fc1a                ___ashiftrt_r4_23
                0x0600fc1c                ___ashiftrt_r4_22
                0x0600fc1e                ___ashiftrt_r4_21
                0x0600fc20                ___ashiftrt_r4_20
                0x0600fc22                ___ashiftrt_r4_19
                0x0600fc24                ___ashiftrt_r4_18
                0x0600fc26                ___ashiftrt_r4_17
                0x0600fc28                ___ashiftrt_r4_16
                0x0600fc2e                ___ashiftrt_r4_15
                0x0600fc30                ___ashiftrt_r4_14
                0x0600fc32                ___ashiftrt_r4_13
                0x0600fc34                ___ashiftrt_r4_12
                0x0600fc36                ___ashiftrt_r4_11
                0x0600fc38                ___ashiftrt_r4_10
                0x0600fc3a                ___ashiftrt_r4_9
                0x0600fc3c                ___ashiftrt_r4_8
                0x0600fc3e                ___ashiftrt_r4_7
                0x0600fc40                ___ashiftrt_r4_6
                0x0600fc42                ___ashiftrt_r4_5
                0x0600fc44                ___ashiftrt_r4_4
                0x0600fc46                ___ashiftrt_r4_3
                0x0600fc48                ___ashiftrt_r4_2
                0x0600fc4a                ___ashiftrt_r4_1
                0x0600fc4e                ___ashiftrt_r4_0
 *fill*         0x0600fc52        0x2
 .text          0x0600fc54       0xa0 /opt/sh-elf/lib/gcc/sh-elf/13.2.0/m2/libgcc.a(_sdivsi3.o)
                0x0600fc54                ___sdivsi3
 .text          0x0600fcf4       0x6c /opt/sh-elf/lib/gcc/sh-elf/13.2.0/m2/libgcc.a(_udivsi3.o)
                0x0600fd16                ___udivsi3
 .text          0x0600fd60       0x80 /opt/sh-elf/lib/gcc/sh-elf/13.2.0/m2/libgcc.a(_ashiftrt_n.o)
                0x0600fd60                ___ashrsi3
 .text          0x0600fde0       0xbc /opt/sh-elf/lib/gcc/sh-elf/13.2.0/m2/libgcc.a(_ashiftlt.o)
                0x0600fde0                ___ashlsi3
                0x0600fde4                ___ashlsi3_r0
 .text          0x0600fe9c       0xbc /opt/sh-elf/lib/gcc/sh-elf/13.2.0/m2/libgcc.a(_lshiftrt.o)
                0x0600fe9c                ___lshrsi3
                0x0600fea0                ___lshrsi3_r0
 .text          0x0600ff58      0x128 /opt/sh-elf/lib/gcc/sh-elf/13.2.0/m2/libgcc.a(_mul_sf.o)
                0x0600ff58                ___mulsf3
 .text          0x06010080       0x84 /opt/sh-elf/lib/gcc/sh-elf/13.2.0/m2/libgcc.a(_si_to_sf.o)
                0x06010080                ___floatsisf
 .text          0x06010104       0x70 /opt/sh-elf/lib/gcc/sh-elf/13.2.0/m2/libgcc.a(_sf_to_si.o)
                0x06010104                ___fixsfsi
 .text          0x06010174        0x0 /opt/sh-elf/lib/gcc/sh-elf/13.2.0/m2/libgcc.a(_thenan_sf.o)
 .text          0x06010174       0x94 /opt/sh-elf/lib/gcc/sh-elf/13.2.0/m2/libgcc.a(_usi_to_sf.o)
                0x06010174                ___floatunsisf
 .text          0x06010208       0x74 /opt/sh-elf/lib/gcc/sh-elf/13.2.0/m2/libgcc.a(_clzsi2.o)
                0x06010208                ___clzsi2
 .text          0x0601027c      0x114 /opt/sh-elf/lib/gcc/sh-elf/13.2.0/m2/libgcc.a(_pack_sf.o)
                0x0601027c                ___pack_f
 .text          0x06010390       0xa0 /opt/sh-elf/lib/gcc/sh-elf/13.2.0/m2/libgcc.a(_unpack_sf.o)
                0x06010390                ___unpack_f
 .text          0x06010430        0x0 /opt/sh-elf/lib/gcc/sh-elf/13.2.0/m2/libgcc.a(_clz.o)
 *(.strings)
 *(SEGA_P)
 *(.eh_frame_hdr)
 *(.eh_frame)
                0x06010430                        __etext = .

.text.startup   0x06010430      0xac0
 .text.startup  0x06010430      0xabc /tmp/cct0zhhS.ltrans0.ltrans.o
                0x06010430                _main

SLPROG          0x06010f00    0x10fa0
                0x06010f00                        __slprog_start = .
 *(SLPROG)
 SLPROG         0x06010f00     0x6540 /home/pi/joengine/Compiler/COMMON/SGL_302j/LIB_ELF/SGLAREA.O
                0x06010f00                _MasterStack
                0x06010f04                _SlaveStack
                0x06010f08                _MaxVertices
                0x06010f0a                _MaxPolygons
                0x06010f0c                _SortList
                0x06010f10                _SortListSize
                0x06010f14                _TransList
                0x06010f18                _Zbuffer
                0x06010f1c                _SpriteBuf
                0x06010f20                _SpriteBufSize
                0x06010f24                _Pbuffer
                0x06010f28                _CommandBuf
                0x06010f2c                _CLOfstBuf
                0x06010f30                _PCM_Work
                0x06010f34                _PCM_WkSize
                0x06010f38                _MaxEvents
                0x06010f3a                _EventSize
                0x06010f3c                _MaxWorks
                0x06010f3e                _WorkSize
                0x06010f40                _RemainEvent
                0x06011040                _RemainWork
                0x06011440                _EventBuf
                0x06013440                _WorkBuf
 SLPROG         0x06017440     0x411e /home/pi/joengine/Compiler/COMMON/SGL_302j/LIB_ELF/LIBSGL.A(sglA01.o)
                0x06017440                _slSin
                0x06017464                _slCos
                0x06017488                GetSinCos
                0x0601751c                _sin_cos_index_tbl
                0x0601755c                _sin_tbl
 *fill*         0x0601b55e        0x2
 SLPROG         0x0601b560       0x18 /home/pi/joengine/Compiler/COMMON/SGL_302j/LIB_ELF/LIBSGL.A(sglA15.o)
                0x0601b560                _slSlaveFunc
 *fill*         0x0601b578        0x8
 SLPROG         0x0601b580       0x20 /home/pi/joengine/Compiler/COMMON/SGL_302j/LIB_ELF/LIBSGL.A(sglB001.o)
                0x0601b580                _slTVOn
                0x0601b58a                _slTVOff
 SLPROG         0x0601b5a0       0x24 /home/pi/joengine/Compiler/COMMON/SGL_302j/LIB_ELF/LIBSGL.A(sglB011.o)
                0x0601b5a0                _slBitMapNbg1
 *fill*         0x0601b5c4        0xc
 SLPROG         0x0601b5d0        0x8 /home/pi/joengine/Compiler/COMMON/SGL_302j/LIB_ELF/LIBSGL.A(sglB014.o)
                0x0601b5d0                _slScrTransparent
 *fill*         0x0601b5d8        0x8
 SLPROG         0x0601b5e0      0x40c /home/pi/joengine/Compiler/COMMON/SGL_302j/LIB_ELF/LIBSGL.A(sglB015.o)
                0x0601b5e0                _slScrAutoDisp
 *fill*         0x0601b9ec        0x4
 SLPROG         0x0601b9f0        0xc /home/pi/joengine/Compiler/COMMON/SGL_302j/LIB_ELF/LIBSGL.A(sglB016.o)
                0x0601b9f0                _slBack1ColSet
 *fill*         0x0601b9fc        0x4
 SLPROG         0x0601ba00       0x10 /home/pi/joengine/Compiler/COMMON/SGL_302j/LIB_ELF/LIBSGL.A(sglB020.o)
                0x0601ba00                _slColorCalc
 SLPROG         0x0601ba10        0xc /home/pi/joengine/Compiler/COMMON/SGL_302j/LIB_ELF/LIBSGL.A(sglB021.o)
                0x0601ba10                _slColorCalcOn
 *fill*         0x0601ba1c        0x4
 SLPROG         0x0601ba20        0xc /home/pi/joengine/Compiler/COMMON/SGL_302j/LIB_ELF/LIBSGL.A(sglB023.o)
                0x0601ba20                _slColRate
 *fill*         0x0601ba2c        0x4
 SLPROG         0x0601ba30       0x10 /home/pi/joengine/Compiler/COMMON/SGL_302j/LIB_ELF/LIBSGL.A(sglB027.o)
                0x0601ba30                _slColOffsetA
 SLPROG         0x0601ba40       0xb0 /home/pi/joengine/Compiler/COMMON/SGL_302j/LIB_ELF/LIBSGL.A(sglB031.o)
                0x0601ba40                _slMapNbg0
 SLPROG         0x0601baf0       0xb4 /home/pi/joengine/Compiler/COMMON/SGL_302j/LIB_ELF/LIBSGL.A(sglB032.o)
                0x0601baf0                _slMapNbg1
 *fill*         0x0601bba4        0xc
 SLPROG         0x0601bbb0       0xb0 /home/pi/joengine/Compiler/COMMON/SGL_302j/LIB_ELF/LIBSGL.A(sglB033.o)
                0x0601bbb0                _slMapNbg2
 SLPROG         0x0601bc60       0xb4 /home/pi/joengine/Compiler/COMMON/SGL_302j/LIB_ELF/LIBSGL.A(sglB034.o)
                0x0601bc60                _slMapNbg3
 *fill*         0x0601bd14        0xc
 SLPROG         0x0601bd20       0xd4 /home/pi/joengine/Compiler/COMMON/SGL_302j/LIB_ELF/LIBSGL.A(sglB035.o)
                0x0601bd20                _sl1MapRA
                0x0601bdb2                rbank_set
 *fill*         0x0601bdf4        0xc
 SLPROG         0x0601be00       0xa0 /home/pi/joengine/Compiler/COMMON/SGL_302j/LIB_ELF/LIBSGL.A(sglB036.o)
                0x0601be00                _sl1MapRB
 SLPROG         0x0601bea0       0x70 /home/pi/joengine/Compiler/COMMON/SGL_302j/LIB_ELF/LIBSGL.A(sglB038.o)
                0x0601bea0                _slRparaInitSet
 SLPROG         0x0601bf10       0x7e /home/pi/joengine/Compiler/COMMON/SGL_302j/LIB_ELF/LIBSGL.A(sglB039.o)
                0x0601bf10                _slMakeKtable
 *fill*         0x0601bf8e        0x2
 SLPROG         0x0601bf90       0x58 /home/pi/joengine/Compiler/COMMON/SGL_302j/LIB_ELF/LIBSGL.A(sglB040.o)
                0x0601bf90                _slKtableRA
 *fill*         0x0601bfe8        0x8
 SLPROG         0x0601bff0       0x5c /home/pi/joengine/Compiler/COMMON/SGL_302j/LIB_ELF/LIBSGL.A(sglB041.o)
                0x0601bff0                _slKtableRB
 *fill*         0x0601c04c        0x4
 SLPROG         0x0601c050        0x8 /home/pi/joengine/Compiler/COMMON/SGL_302j/LIB_ELF/LIBSGL.A(sglB043.o)
                0x0601c050                _slRparaMode
 *fill*         0x0601c058        0x8
 SLPROG         0x0601c060        0xc /home/pi/joengine/Compiler/COMMON/SGL_302j/LIB_ELF/LIBSGL.A(sglB047.o)
                0x0601c060                _slOverRA
 *fill*         0x0601c06c        0x4
 SLPROG         0x0601c070       0x10 /home/pi/joengine/Compiler/COMMON/SGL_302j/LIB_ELF/LIBSGL.A(sglB048.o)
                0x0601c070                _slOverRB
 SLPROG         0x0601c080        0xc /home/pi/joengine/Compiler/COMMON/SGL_302j/LIB_ELF/LIBSGL.A(sglB055.o)
                0x0601c080                _slPlaneNbg0
 *fill*         0x0601c08c        0x4
 SLPROG         0x0601c090        0xc /home/pi/joengine/Compiler/COMMON/SGL_302j/LIB_ELF/LIBSGL.A(sglB056.o)
                0x0601c090                _slPlaneNbg1
 *fill*         0x0601c09c        0x4
 SLPROG         0x0601c0a0       0x10 /home/pi/joengine/Compiler/COMMON/SGL_302j/LIB_ELF/LIBSGL.A(sglB057.o)
                0x0601c0a0                _slPlaneNbg2
 SLPROG         0x0601c0b0       0x10 /home/pi/joengine/Compiler/COMMON/SGL_302j/LIB_ELF/LIBSGL.A(sglB058.o)
                0x0601c0b0                _slPlaneNbg3
 SLPROG         0x0601c0c0        0xc /home/pi/joengine/Compiler/COMMON/SGL_302j/LIB_ELF/LIBSGL.A(sglB059.o)
                0x0601c0c0                _slPlaneRA
 *fill*         0x0601c0cc        0x4
 SLPROG         0x0601c0d0       0x10 /home/pi/joengine/Compiler/COMMON/SGL_302j/LIB_ELF/LIBSGL.A(sglB060.o)
                0x0601c0d0                _slPlaneRB
 SLPROG         0x0601c0e0        0xc /home/pi/joengine/Compiler/COMMON/SGL_302j/LIB_ELF/LIBSGL.A(sglB063.o)
                0x0601c0e0                _slPriority
 *fill*         0x0601c0ec        0x4
 SLPROG         0x0601c0f0       0x18 /home/pi/joengine/Compiler/COMMON/SGL_302j/LIB_ELF/LIBSGL.A(sglB087.o)
                0x0601c0f0                _slLineScrollTable0
 *fill*         0x0601c108        0x8
 SLPROG         0x0601c110        0x8 /home/pi/joengine/Compiler/COMMON/SGL_302j/LIB_ELF/LIBSGL.A(sglB088.o)
                0x0601c110                _slLineScrollTable1
 *fill*         0x0601c118        0x8
 SLPROG         0x0601c120        0xc /home/pi/joengine/Compiler/COMMON/SGL_302j/LIB_ELF/LIBSGL.A(sglB090.o)
                0x0601c120                _slLineScrollMode
 *fill*         0x0601c12c        0x4
 SLPROG         0x0601c130       0x10 /home/pi/joengine/Compiler/COMMON/SGL_302j/LIB_ELF/LIBSGL.A(sglB117.o)
                0x0601c130                _slColOffsetAUse
 SLPROG         0x0601c140      0x114 /home/pi/joengine/Compiler/COMMON/SGL_302j/LIB_ELF/LIBSGL.A(sglB200.o)
                0x0601c140                _slCharRbg0
                0x0601c14c                _slCharNbg0
                0x0601c158                _slCharNbg1
                0x0601c164                _slCharNbg2
                0x0601c17a                _slCharNbg3
                0x0601c192                _slPageRbg0
                0x0601c1a8                _slPageNbg1
                0x0601c1b0                _slPageNbg2
                0x0601c1b8                _slPageNbg3
                0x0601c1c4                _slPageNbg0
 *fill*         0x0601c254        0xc
 SLPROG         0x0601c260       0x78 /home/pi/joengine/Compiler/COMMON/SGL_302j/LIB_ELF/LIBSGL.A(sglC05.o)
                0x0601c260                _slSetSprite
 *fill*         0x0601c2d8        0x8
 SLPROG         0x0601c2e0       0xfa /home/pi/joengine/Compiler/COMMON/SGL_302j/LIB_ELF/LIBSGL.A(sglC06.o)
                0x0601c2e0                _slDispSprite
 *fill*         0x0601c3da        0x6
 SLPROG         0x0601c3e0      0x162 /home/pi/joengine/Compiler/COMMON/SGL_302j/LIB_ELF/LIBSGL.A(sglC07.o)
                0x0601c3e6                _slPutSprite
 *fill*         0x0601c542        0xe
 SLPROG         0x0601c550       0x4c /home/pi/joengine/Compiler/COMMON/SGL_302j/LIB_ELF/LIBSGL.A(sglC17.o)
                0x0601c550                _slDispSpriteHV
 *fill*         0x0601c59c        0x4
 SLPROG         0x0601c5a0       0xd4 /home/pi/joengine/Compiler/COMMON/SGL_302j/LIB_ELF/LIBSGL.A(sglC19.o)
                0x0601c5a0                _slDispSprite4P
 *fill*         0x0601c674        0xc
 SLPROG         0x0601c680       0x40 /home/pi/joengine/Compiler/COMMON/SGL_302j/LIB_ELF/LIBSGL.A(sglC20.o)
                0x0601c680                SpriteEntry
 SLPROG         0x0601c6c0      0x4ae /home/pi/joengine/Compiler/COMMON/SGL_302j/LIB_ELF/LIBSGL.A(sglC21.o)
                0x0601c748                RotSprite
                0x0601c7d6                SetSprPosition
 *fill*         0x0601cb6e        0x2
 SLPROG         0x0601cb70       0x84 /home/pi/joengine/Compiler/COMMON/SGL_302j/LIB_ELF/LIBSGL.A(sglD00.o)
                0x0601cb70                _slDMACopy
                0x0601cb70                _slCpuDMACopy
                0x0601cbca                _slCashPurge
                0x0601cbca                _CSH_AllClr
 *fill*         0x0601cbf4        0xc
 SLPROG         0x0601cc00       0xa0 /home/pi/joengine/Compiler/COMMON/SGL_302j/LIB_ELF/LIBSGL.A(sglD01.o)
                0x0601cc00                _slDMAXCopy
 SLPROG         0x0601cca0        0xc /home/pi/joengine/Compiler/COMMON/SGL_302j/LIB_ELF/LIBSGL.A(sglD03.o)
                0x0601cca0                _slDMAStatus
 *fill*         0x0601ccac        0x4
 SLPROG         0x0601ccb0       0x20 /home/pi/joengine/Compiler/COMMON/SGL_302j/LIB_ELF/LIBSGL.A(sglD15.o)
                0x0601ccb0                _CSH_Purge
 SLPROG         0x0601ccd0       0x84 /home/pi/joengine/Compiler/COMMON/SGL_302j/LIB_ELF/LIBSGL.A(sglD16.o)
                0x0601ccd0                _DMA_ScuSetPrm
                0x0601cd18                DMA_SCU_PRM0
 *fill*         0x0601cd54        0xc
 SLPROG         0x0601cd60       0x88 /home/pi/joengine/Compiler/COMMON/SGL_302j/LIB_ELF/LIBSGL.A(sglD17.o)
                0x0601cd60                _DMA_ScuStart
 *fill*         0x0601cde8        0x8
 SLPROG         0x0601cdf0       0x34 /home/pi/joengine/Compiler/COMMON/SGL_302j/LIB_ELF/LIBSGL.A(sglD18.o)
                0x0601cdf0                _DMA_ScuGetStatus
 *fill*         0x0601ce24        0xc
 SLPROG         0x0601ce30       0x34 /home/pi/joengine/Compiler/COMMON/SGL_302j/LIB_ELF/LIBSGL.A(sglF08.o)
                0x0601ce30                _slDec2Hex
 *fill*         0x0601ce64        0xc
 SLPROG         0x0601ce70      0xfc8 /home/pi/joengine/Compiler/COMMON/SGL_302j/LIB_ELF/LIBSGL.A(sglH00.o)
                0x0601ce88                _slGetPortDir1
                0x0601ce90                _slGetPortDir2
                0x0601ce98                _slSetPortDir1
                0x0601cec2                _slSetPortDir2
                0x0601cefc                _slGetPortData1
                0x0601cf04                _slGetPortData2
                0x0601cf0c                _slSetPortData1
                0x0601cf16                _slSetPortData2
                0x0601cf28                _slGetPortSelect1
                0x0601cf32                _slGetPortSelect2
                0x0601cf3c                _slSetPortSelect1
                0x0601cf70                _slSetPortSelect2
                0x0601cfac                _slGetPortExt1
                0x0601cfb6                _slGetPortExt2
                0x0601cfc0                _slSetPortExt1
                0x0601cff0                _slSetPortExt2
                0x0601d164                _slSmpcDirectAccess
                0x0601d1e4                _slInitPeripheral
                0x0601d276                _slSetResultBuffer
                0x0601d302                _slCheckIntBackSet
                0x0601d30e                _slIntBackCancel
                0x0601d338                _slCheckReset
                0x0601d342                _slClearReset
                0x0601d508                _slSmpcCashSend
                0x0601d5c4                _slSmpcCashBlow
                0x0601d6a0                _slGetOptimize
                0x0601d6aa                _slSetOptimize
                0x0601d6d0                _slGetPortMode1
                0x0601d6dc                _slGetPortMode2
                0x0601d6ea                _slSetPortMode1
                0x0601d728                _slSetPortMode2
                0x0601d8b4                _slRequestCommand
                0x0601d924                _Smpc_Status
                0x0601d928                _Smpc_Result
                0x0601d92c                _Smpc_Peripheral
                0x0601d932                _Per_Connect1
                0x0601d933                _Per_Connect2
                0x0601d954                _SmpcStatusBuf
 *fill*         0x0601de38        0x8
 SLPROG         0x0601de40       0xa8 /home/pi/joengine/Compiler/COMMON/SGL_302j/LIB_ELF/LIBSGL.A(sglH01.o)
                0x0601de40                _slGetLanguage
                0x0601de4a                _slSetLanguage
                0x0601de6c                _slGetSoundEffect
                0x0601de78                _slSetSoundEffect
                0x0601de94                _slGetSoundOutput
                0x0601dea0                _slSetSoundOutput
                0x0601debc                _slGetHelpWindow
                0x0601dec8                _slSetHelpWindow
 *fill*         0x0601dee8        0x8
 SLPROG         0x0601def0      0x470 /home/pi/joengine/Compiler/COMMON/SGL_302j/LIB_ELF/LIBSGL.A(sglH02.o)
                0x0601e2e0                smpc_pfr_tbl
                0x0601e320                smpc_ptf_tbl
 SLPROG         0x0601e360       0x60 /home/pi/joengine/Compiler/COMMON/SGL_302j/LIB_ELF/LIBSGL.A(sglH04.o)
                0x0601e360                _slComPrmIntBack
                0x0601e374                _slComPrmSetMemory
                0x0601e38a                _slComPrmSetTime
 SLPROG         0x0601e3c0      0x3a4 /home/pi/joengine/Compiler/COMMON/SGL_302j/LIB_ELF/LIBSGL.A(sglI01.o)
                0x0601e3c0                _slInitSynch
                0x0601e3da                _slSynch
                0x0601e4d0                _slRandom
                0x0601e4ee                _PCM_EndCheck
                0x0601e5aa                RetPCMBuf
                0x0601e644                _PCM_Buf
                0x0601e6e4                _Sound_Buf
 *fill*         0x0601e764        0xc
 SLPROG         0x0601e770       0x10 /home/pi/joengine/Compiler/COMMON/SGL_302j/LIB_ELF/LIBSGL.A(sglI04.o)
                0x0601e770                _slIntFunction
 SLPROG         0x0601e780       0x74 /home/pi/joengine/Compiler/COMMON/SGL_302j/LIB_ELF/LIBSGL.A(sglJ00.o)
                0x0601e780                _InitSlaveSH
                0x0601e7e8                _SlaveCommand
 *fill*         0x0601e7f4        0xc
 SLPROG         0x0601e800      0x3d0 /home/pi/joengine/Compiler/COMMON/SGL_302j/LIB_ELF/LIBSGL.A(sglJ01.o)
                0x0601e800                _SlaveControl
                0x0601ebbc                ErasePolygonData
 SLPROG         0x0601ebd0     0x12b8 /home/pi/joengine/Compiler/COMMON/SGL_302j/LIB_ELF/LIBSGL.A(sglJ02.o)
                0x0601ebd0                _sbMakePolygon
                0x0601edb8                _sbCalcPolygon
                0x0601faf0                SetTexture
                0x0601fafc                SetPolygon
                0x0601fb04                SetPosition
                0x0601fb3c                stvtc_4
                0x0601fbf4                stvtc_3
                0x0601fe04                stvtc_1
                0x0601fe18                stvtc_2
                0x0601fe2c                stvtc_0
 *fill*         0x0601fe88        0x8
 SLPROG         0x0601fe90      0x140 /home/pi/joengine/Compiler/COMMON/SGL_302j/LIB_ELF/LIBSGL.A(sglJ03.o)
                0x0601fe90                _sbMakeDMATable
 SLPROG         0x0601ffd0      0x470 /home/pi/joengine/Compiler/COMMON/SGL_302j/LIB_ELF/LIBSGL.A(sglJ04.o)
                0x0602002e                _sbMakeSprite
                0x06020094                _sbMakeRotSprite
 SLPROG         0x06020440       0x3c /home/pi/joengine/Compiler/COMMON/SGL_302j/LIB_ELF/LIBSGL.A(sglJ05.o)
                0x06020440                _sbSortEntry
 *fill*         0x0602047c        0x4
 SLPROG         0x06020480       0x6a /home/pi/joengine/Compiler/COMMON/SGL_302j/LIB_ELF/LIBSGL.A(sglM01.o)
                0x06020480                _slSetDepthLimit
                0x060204ac                _slSetDepthTbl
                0x060204dc                DepthWorkArea
 *fill*         0x060204ea        0x6
 SLPROG         0x060204f0       0x20 /home/pi/joengine/Compiler/COMMON/SGL_302j/LIB_ELF/LIBSGL.A(sglA00.o)
                0x060204f0                _set_imask
                0x060204f0                __builtin_set_imask
                0x06020504                _get_imask
                0x06020504                __builtin_get_imask
 SLPROG         0x06020510      0x42c /home/pi/joengine/Compiler/COMMON/SGL_302j/LIB_ELF/LIBSGL.A(sglA20.o)
                0x06020510                _slInitMatrix
                0x0602051a                _slPushUnitMatrix
                0x0602052e                _slUnitMatrix
 *fill*         0x0602093c        0x4
 SLPROG         0x06020940      0xbd0 /home/pi/joengine/Compiler/COMMON/SGL_302j/LIB_ELF/LIBSGL.A(sglB000.o)
                0x06020940                _slInitScroll
                0x06020a60                _setASC_1to8
                0x06020a90                _setASC_4to8
                0x06020ba0                TVSizeTbl
                0x06020c20                TVModeTbl
                0x06020df8                _SGL_ASCII_CG
 SLPROG         0x06021510      0x134 /home/pi/joengine/Compiler/COMMON/SGL_302j/LIB_ELF/LIBSGL.A(sglC00.o)
                0x06021510                _slInitSprite
 *fill*         0x06021644        0xc
 SLPROG         0x06021650      0x75c /home/pi/joengine/Compiler/COMMON/SGL_302j/LIB_ELF/LIBSGL.A(sglI00.o)
                0x06021940                _slInitInterrupt
 *fill*         0x06021dac        0x4
 SLPROG         0x06021db0       0xf0 /home/pi/joengine/Compiler/COMMON/SGL_302j/LIB_ELF/LIBSGL.A(sglH03.o)
                0x06021e14                _slSmpcIntBack
                0x06021ea0                        __slprog_end = .

.tors           0x06021ea0        0x0
                0x06021ea0                        ___ctors = .
 *(.ctors)
                0x06021ea0                        ___ctors_end = .
                0x06021ea0                        ___dtors = .
 *(.dtors)
                0x06021ea0                        ___dtors_end = .

.data           0x06021ea0      0x100
 *(.data)
 .data          0x06021ea0        0x0 /home/pi/joengine/Compiler/COMMON/SGL_302j/LIB_ELF/SGLAREA.O
 .data          0x06021ea0       0x80 /tmp/cct0zhhS.ltrans0.ltrans.o
 .data          0x06021f20        0x0 /home/pi/joengine/Compiler/COMMON/SGL_302j/LIB_ELF/SEGA_SYS.A(sys_exit.o)
 .data          0x06021f20        0x0 /home/pi/joengine/Compiler/COMMON/SGL_302j/LIB_ELF/SEGA_SYS.A(sys_sub.o)
 .data          0x06021f20        0x0 /home/pi/joengine/Compiler/COMMON/SGL_302j/LIB_ELF/LIBCD.A(CDC_CMN.O)
 .data          0x06021f20        0x0 /home/pi/joengine/Compiler/COMMON/SGL_302j/LIB_ELF/LIBCD.A(CDC_CFS.O)
 .data          0x06021f20        0x0 /home/pi/joengine/Compiler/COMMON/SGL_302j/LIB_ELF/LIBCD.A(CDC_REG.O)
 .data          0x06021f20        0x0 /home/pi/joengine/Compiler/COMMON/SGL_302j/LIB_ELF/LIBCD.A(CDC_SUB.O)
 .data          0x06021f20        0x0 /home/pi/joengine/Compiler/COMMON/SGL_302j/LIB_ELF/LIBCD.A(GFS.O)
 .data          0x06021f20        0x0 /home/pi/joengine/Compiler/COMMON/SGL_302j/LIB_ELF/LIBCD.A(GFS_BUF.O)
 .data          0x06021f20        0x0 /home/pi/joengine/Compiler/COMMON/SGL_302j/LIB_ELF/LIBCD.A(GFS_CDB.O)
 .data          0x06021f20        0x0 /home/pi/joengine/Compiler/COMMON/SGL_302j/LIB_ELF/LIBCD.A(GFS_CDC.O)
 .data          0x06021f20        0x0 /home/pi/joengine/Compiler/COMMON/SGL_302j/LIB_ELF/LIBCD.A(GFS_CDF.O)
 .data          0x06021f20        0x0 /home/pi/joengine/Compiler/COMMON/SGL_302j/LIB_ELF/LIBCD.A(GFS_DIR.O)
 .data          0x06021f20        0x0 /home/pi/joengine/Compiler/COMMON/SGL_302j/LIB_ELF/LIBCD.A(GFS_TRN.O)
 .data          0x06021f20        0x0 /home/pi/joengine/Compiler/COMMON/SGL_302j/LIB_ELF/LIBCD.A(CDC_DRV.O)
 .data          0x06021f20        0x0 /home/pi/joengine/Compiler/COMMON/SGL_302j/LIB_ELF/LIBCD.A(CDC_DEV.O)
 .data          0x06021f20        0x0 /home/pi/joengine/Compiler/COMMON/SGL_302j/LIB_ELF/LIBCD.A(CDC_SEL.O)
 .data          0x06021f20        0x0 /home/pi/joengine/Compiler/COMMON/SGL_302j/LIB_ELF/LIBCD.A(CDC_BIF.O)
 .data          0x06021f20        0x0 /home/pi/joengine/Compiler/COMMON/SGL_302j/LIB_ELF/LIBCD.A(CDC_BIO.O)
 .data          0x06021f20        0x0 /home/pi/joengine/Compiler/COMMON/SGL_302j/LIB_ELF/LIBSGL.A(sglA01.o)
 .data          0x06021f20        0x0 /home/pi/joengine/Compiler/COMMON/SGL_302j/LIB_ELF/LIBSGL.A(sglA15.o)
 .data          0x06021f20        0x0 /home/pi/joengine/Compiler/COMMON/SGL_302j/LIB_ELF/LIBSGL.A(sglB001.o)
 .data          0x06021f20        0x0 /home/pi/joengine/Compiler/COMMON/SGL_302j/LIB_ELF/LIBSGL.A(sglB011.o)
 .data          0x06021f20        0x0 /home/pi/joengine/Compiler/COMMON/SGL_302j/LIB_ELF/LIBSGL.A(sglB014.o)
 .data          0x06021f20        0x0 /home/pi/joengine/Compiler/COMMON/SGL_302j/LIB_ELF/LIBSGL.A(sglB015.o)
 .data          0x06021f20        0x0 /home/pi/joengine/Compiler/COMMON/SGL_302j/LIB_ELF/LIBSGL.A(sglB016.o)
 .data          0x06021f20        0x0 /home/pi/joengine/Compiler/COMMON/SGL_302j/LIB_ELF/LIBSGL.A(sglB020.o)
 .data          0x06021f20        0x0 /home/pi/joengine/Compiler/COMMON/SGL_302j/LIB_ELF/LIBSGL.A(sglB021.o)
 .data          0x06021f20        0x0 /home/pi/joengine/Compiler/COMMON/SGL_302j/LIB_ELF/LIBSGL.A(sglB023.o)
 .data          0x06021f20        0x0 /home/pi/joengine/Compiler/COMMON/SGL_302j/LIB_ELF/LIBSGL.A(sglB027.o)
 .data          0x06021f20        0x0 /home/pi/joengine/Compiler/COMMON/SGL_302j/LIB_ELF/LIBSGL.A(sglB031.o)
 .data          0x06021f20        0x0 /home/pi/joengine/Compiler/COMMON/SGL_302j/LIB_ELF/LIBSGL.A(sglB032.o)
 .data          0x06021f20        0x0 /home/pi/joengine/Compiler/COMMON/SGL_302j/LIB_ELF/LIBSGL.A(sglB033.o)
 .data          0x06021f20        0x0 /home/pi/joengine/Compiler/COMMON/SGL_302j/LIB_ELF/LIBSGL.A(sglB034.o)
 .data          0x06021f20        0x0 /home/pi/joengine/Compiler/COMMON/SGL_302j/LIB_ELF/LIBSGL.A(sglB035.o)
 .data          0x06021f20        0x0 /home/pi/joengine/Compiler/COMMON/SGL_302j/LIB_ELF/LIBSGL.A(sglB036.o)
 .data          0x06021f20        0x0 /home/pi/joengine/Compiler/COMMON/SGL_302j/LIB_ELF/LIBSGL.A(sglB038.o)
 .data          0x06021f20        0x0 /home/pi/joengine/Compiler/COMMON/SGL_302j/LIB_ELF/LIBSGL.A(sglB039.o)
 .data          0x06021f20        0x0 /home/pi/joengine/Compiler/COMMON/SGL_302j/LIB_ELF/LIBSGL.A(sglB040.o)
 .data          0x06021f20        0x0 /home/pi/joengine/Compiler/COMMON/SGL_302j/LIB_ELF/LIBSGL.A(sglB041.o)
 .data          0x06021f20        0x0 /home/pi/joengine/Compiler/COMMON/SGL_302j/LIB_ELF/LIBSGL.A(sglB043.o)
 .data          0x06021f20        0x0 /home/pi/joengine/Compiler/COMMON/SGL_302j/LIB_ELF/LIBSGL.A(sglB047.o)
 .data          0x06021f20        0x0 /home/pi/joengine/Compiler/COMMON/SGL_302j/LIB_ELF/LIBSGL.A(sglB048.o)
 .data          0x06021f20        0x0 /home/pi/joengine/Compiler/COMMON/SGL_302j/LIB_ELF/LIBSGL.A(sglB055.o)
 .data          0x06021f20        0x0 /home/pi/joengine/Compiler/COMMON/SGL_302j/LIB_ELF/LIBSGL.A(sglB056.o)
 .data          0x06021f20        0x0 /home/pi/joengine/Compiler/COMMON/SGL_302j/LIB_ELF/LIBSGL.A(sglB057.o)
 .data          0x06021f20        0x0 /home/pi/joengine/Compiler/COMMON/SGL_302j/LIB_ELF/LIBSGL.A(sglB058.o)
 .data          0x06021f20        0x0 /home/pi/joengine/Compiler/COMMON/SGL_302j/LIB_ELF/LIBSGL.A(sglB059.o)
 .data          0x06021f20        0x0 /home/pi/joengine/Compiler/COMMON/SGL_302j/LIB_ELF/LIBSGL.A(sglB060.o)
 .data          0x06021f20        0x0 /home/pi/joengine/Compiler/COMMON/SGL_302j/LIB_ELF/LIBSGL.A(sglB063.o)
 .data          0x06021f20        0x0 /home/pi/joengine/Compiler/COMMON/SGL_302j/LIB_ELF/LIBSGL.A(sglB087.o)
 .data          0x06021f20        0x0 /home/pi/joengine/Compiler/COMMON/SGL_302j/LIB_ELF/LIBSGL.A(sglB088.o)
 .data          0x06021f20        0x0 /home/pi/joengine/Compiler/COMMON/SGL_302j/LIB_ELF/LIBSGL.A(sglB090.o)
 .data          0x06021f20        0x0 /home/pi/joengine/Compiler/COMMON/SGL_302j/LIB_ELF/LIBSGL.A(sglB117.o)
 .data          0x06021f20        0x0 /home/pi/joengine/Compiler/COMMON/SGL_302j/LIB_ELF/LIBSGL.A(sglB200.o)
 .data          0x06021f20        0x0 /home/pi/joengine/Compiler/COMMON/SGL_302j/LIB_ELF/LIBSGL.A(sglC05.o)
 .data          0x06021f20        0x0 /home/pi/joengine/Compiler/COMMON/SGL_302j/LIB_ELF/LIBSGL.A(sglC06.o)
 .data          0x06021f20        0x0 /home/pi/joengine/Compiler/COMMON/SGL_302j/LIB_ELF/LIBSGL.A(sglC07.o)
 .data          0x06021f20        0x0 /home/pi/joengine/Compiler/COMMON/SGL_302j/LIB_ELF/LIBSGL.A(sglC17.o)
 .data          0x06021f20        0x0 /home/pi/joengine/Compiler/COMMON/SGL_302j/LIB_ELF/LIBSGL.A(sglC19.o)
 .data          0x06021f20        0x0 /home/pi/joengine/Compiler/COMMON/SGL_302j/LIB_ELF/LIBSGL.A(sglC20.o)
 .data          0x06021f20        0x0 /home/pi/joengine/Compiler/COMMON/SGL_302j/LIB_ELF/LIBSGL.A(sglC21.o)
 .data          0x06021f20        0x0 /home/pi/joengine/Compiler/COMMON/SGL_302j/LIB_ELF/LIBSGL.A(sglD00.o)
 .data          0x06021f20        0x0 /home/pi/joengine/Compiler/COMMON/SGL_302j/LIB_ELF/LIBSGL.A(sglD01.o)
 .data          0x06021f20        0x0 /home/pi/joengine/Compiler/COMMON/SGL_302j/LIB_ELF/LIBSGL.A(sglD03.o)
 .data          0x06021f20        0x0 /home/pi/joengine/Compiler/COMMON/SGL_302j/LIB_ELF/LIBSGL.A(sglD15.o)
 .data          0x06021f20        0x0 /home/pi/joengine/Compiler/COMMON/SGL_302j/LIB_ELF/LIBSGL.A(sglD16.o)
 .data          0x06021f20        0x0 /home/pi/joengine/Compiler/COMMON/SGL_302j/LIB_ELF/LIBSGL.A(sglD17.o)
 .data          0x06021f20        0x0 /home/pi/joengine/Compiler/COMMON/SGL_302j/LIB_ELF/LIBSGL.A(sglD18.o)
 .data          0x06021f20        0x0 /home/pi/joengine/Compiler/COMMON/SGL_302j/LIB_ELF/LIBSGL.A(sglF08.o)
 .data          0x06021f20        0x0 /home/pi/joengine/Compiler/COMMON/SGL_302j/LIB_ELF/LIBSGL.A(sglH00.o)
 .data          0x06021f20        0x0 /home/pi/joengine/Compiler/COMMON/SGL_302j/LIB_ELF/LIBSGL.A(sglH01.o)
 .data          0x06021f20        0x0 /home/pi/joengine/Compiler/COMMON/SGL_302j/LIB_ELF/LIBSGL.A(sglH02.o)
 .data          0x06021f20        0x0 /home/pi/joengine/Compiler/COMMON/SGL_302j/LIB_ELF/LIBSGL.A(sglH04.o)
 .data          0x06021f20        0x0 /home/pi/joengine/Compiler/COMMON/SGL_302j/LIB_ELF/LIBSGL.A(sglI01.o)
 .data          0x06021f20        0x0 /home/pi/joengine/Compiler/COMMON/SGL_302j/LIB_ELF/LIBSGL.A(sglI04.o)
 .data          0x06021f20       0x80 /home/pi/joengine/Compiler/COMMON/SGL_302j/LIB_ELF/LIBSGL.A(sglIc0.o)
                0x06021f20                _IntPrioMask
 .data          0x06021fa0        0x0 /home/pi/joengine/Compiler/COMMON/SGL_302j/LIB_ELF/LIBSGL.A(sglJ00.o)
 .data          0x06021fa0        0x0 /home/pi/joengine/Compiler/COMMON/SGL_302j/LIB_ELF/LIBSGL.A(sglJ01.o)
 .data          0x06021fa0        0x0 /home/pi/joengine/Compiler/COMMON/SGL_302j/LIB_ELF/LIBSGL.A(sglJ02.o)
 .data          0x06021fa0        0x0 /home/pi/joengine/Compiler/COMMON/SGL_302j/LIB_ELF/LIBSGL.A(sglJ03.o)
 .data          0x06021fa0        0x0 /home/pi/joengine/Compiler/COMMON/SGL_302j/LIB_ELF/LIBSGL.A(sglJ04.o)
 .data          0x06021fa0        0x0 /home/pi/joengine/Compiler/COMMON/SGL_302j/LIB_ELF/LIBSGL.A(sglJ05.o)
 .data          0x06021fa0        0x0 /home/pi/joengine/Compiler/COMMON/SGL_302j/LIB_ELF/LIBSGL.A(sglK01.o)
 .data          0x06021fa0        0x0 /home/pi/joengine/Compiler/COMMON/SGL_302j/LIB_ELF/LIBSGL.A(sglM01.o)
 .data          0x06021fa0        0x0 /home/pi/joengine/Compiler/COMMON/SGL_302j/LIB_ELF/LIBSGL.A(sglA00.o)
 .data          0x06021fa0        0x0 /home/pi/joengine/Compiler/COMMON/SGL_302j/LIB_ELF/LIBSGL.A(sglA20.o)
 .data          0x06021fa0        0x0 /home/pi/joengine/Compiler/COMMON/SGL_302j/LIB_ELF/LIBSGL.A(sglB000.o)
 .data          0x06021fa0        0x0 /home/pi/joengine/Compiler/COMMON/SGL_302j/LIB_ELF/LIBSGL.A(sglC00.o)
 .data          0x06021fa0        0x0 /home/pi/joengine/Compiler/COMMON/SGL_302j/LIB_ELF/LIBSGL.A(sglI00.o)
 .data          0x06021fa0        0x0 /home/pi/joengine/Compiler/COMMON/SGL_302j/LIB_ELF/LIBSGL.A(sglH03.o)
 .data          0x06021fa0        0x0 /opt/sh-elf/lib/gcc/sh-elf/13.2.0/m2/libgcc.a(_ashiftrt.o)
 .data          0x06021fa0        0x0 /opt/sh-elf/lib/gcc/sh-elf/13.2.0/m2/libgcc.a(_sdivsi3.o)
 .data          0x06021fa0        0x0 /opt/sh-elf/lib/gcc/sh-elf/13.2.0/m2/libgcc.a(_udivsi3.o)
 .data          0x06021fa0        0x0 /opt/sh-elf/lib/gcc/sh-elf/13.2.0/m2/libgcc.a(_ashiftrt_n.o)
 .data          0x06021fa0        0x0 /opt/sh-elf/lib/gcc/sh-elf/13.2.0/m2/libgcc.a(_ashiftlt.o)
 .data          0x06021fa0        0x0 /opt/sh-elf/lib/gcc/sh-elf/13.2.0/m2/libgcc.a(_lshiftrt.o)
 .data          0x06021fa0        0x0 /opt/sh-elf/lib/gcc/sh-elf/13.2.0/m2/libgcc.a(_mul_sf.o)
 .data          0x06021fa0        0x0 /opt/sh-elf/lib/gcc/sh-elf/13.2.0/m2/libgcc.a(_si_to_sf.o)
 .data          0x06021fa0        0x0 /opt/sh-elf/lib/gcc/sh-elf/13.2.0/m2/libgcc.a(_sf_to_si.o)
 .data          0x06021fa0        0x0 /opt/sh-elf/lib/gcc/sh-elf/13.2.0/m2/libgcc.a(_thenan_sf.o)
 .data          0x06021fa0        0x0 /opt/sh-elf/lib/gcc/sh-elf/13.2.0/m2/libgcc.a(_usi_to_sf.o)
 .data          0x06021fa0        0x0 /opt/sh-elf/lib/gcc/sh-elf/13.2.0/m2/libgcc.a(_clzsi2.o)
 .data          0x06021fa0        0x0 /opt/sh-elf/lib/gcc/sh-elf/13.2.0/m2/libgcc.a(_pack_sf.o)
 .data          0x06021fa0        0x0 /opt/sh-elf/lib/gcc/sh-elf/13.2.0/m2/libgcc.a(_unpack_sf.o)
 .data          0x06021fa0        0x0 /opt/sh-elf/lib/gcc/sh-elf/13.2.0/m2/libgcc.a(_clz.o)
                0x06021fa0                        __edata = .

.rodata         0x06021fa0      0x230
 *(.rodata)
 .rodata        0x06021fa0      0x114 /tmp/cct0zhhS.ltrans0.ltrans.o
 .rodata        0x060220b4       0x10 /opt/sh-elf/lib/gcc/sh-elf/13.2.0/m2/libgcc.a(_thenan_sf.o)
                0x060220b4                ___thenan_sf
 .rodata        0x060220c4      0x100 /opt/sh-elf/lib/gcc/sh-elf/13.2.0/m2/libgcc.a(_clz.o)
                0x060220c4                ___clz_tab

.rodata.str1.4  0x060221d0      0x9c0
 .rodata.str1.4
                0x060221d0      0x9bb /tmp/cct0zhhS.ltrans0.ltrans.o

.bss            0x06022b90    0x97180
                0x06022b90                        __bstart = .
 *(.bss)
 .bss           0x06022b90        0x0 /home/pi/joengine/Compiler/COMMON/SGL_302j/LIB_ELF/SGLAREA.O
 .bss           0x06022b90    0x97118 /tmp/cct0zhhS.ltrans0.ltrans.o
 *fill*         0x060b9ca8        0x8
 .bss           0x060b9cb0        0x4 /home/pi/joengine/Compiler/COMMON/SGL_302j/LIB_ELF/SEGA_SYS.A(sys_exit.o)
 *fill*         0x060b9cb4        0xc
 .bss           0x060b9cc0        0x0 /home/pi/joengine/Compiler/COMMON/SGL_302j/LIB_ELF/SEGA_SYS.A(sys_sub.o)
 .bss           0x060b9cc0        0x0 /home/pi/joengine/Compiler/COMMON/SGL_302j/LIB_ELF/LIBCD.A(CDC_CMN.O)
 .bss           0x060b9cc0        0x0 /home/pi/joengine/Compiler/COMMON/SGL_302j/LIB_ELF/LIBCD.A(CDC_CFS.O)
 .bss           0x060b9cc0        0x2 /home/pi/joengine/Compiler/COMMON/SGL_302j/LIB_ELF/LIBCD.A(CDC_REG.O)
 *fill*         0x060b9cc2        0xe
 .bss           0x060b9cd0        0xc /home/pi/joengine/Compiler/COMMON/SGL_302j/LIB_ELF/LIBCD.A(CDC_SUB.O)
 *fill*         0x060b9cdc        0x4
 .bss           0x060b9ce0        0x0 /home/pi/joengine/Compiler/COMMON/SGL_302j/LIB_ELF/LIBCD.A(GFS.O)
 .bss           0x060b9ce0        0x0 /home/pi/joengine/Compiler/COMMON/SGL_302j/LIB_ELF/LIBCD.A(GFS_BUF.O)
 .bss           0x060b9ce0        0x0 /home/pi/joengine/Compiler/COMMON/SGL_302j/LIB_ELF/LIBCD.A(GFS_CDB.O)
 .bss           0x060b9ce0        0x0 /home/pi/joengine/Compiler/COMMON/SGL_302j/LIB_ELF/LIBCD.A(GFS_CDC.O)
 .bss           0x060b9ce0        0x0 /home/pi/joengine/Compiler/COMMON/SGL_302j/LIB_ELF/LIBCD.A(GFS_CDF.O)
 .bss           0x060b9ce0        0x0 /home/pi/joengine/Compiler/COMMON/SGL_302j/LIB_ELF/LIBCD.A(GFS_DIR.O)
 .bss           0x060b9ce0        0xc /home/pi/joengine/Compiler/COMMON/SGL_302j/LIB_ELF/LIBCD.A(GFS_TRN.O)
 *fill*         0x060b9cec        0x4
 .bss           0x060b9cf0        0x0 /home/pi/joengine/Compiler/COMMON/SGL_302j/LIB_ELF/LIBCD.A(CDC_DRV.O)
 .bss           0x060b9cf0        0x0 /home/pi/joengine/Compiler/COMMON/SGL_302j/LIB_ELF/LIBCD.A(CDC_DEV.O)
 .bss           0x060b9cf0        0x0 /home/pi/joengine/Compiler/COMMON/SGL_302j/LIB_ELF/LIBCD.A(CDC_SEL.O)
 .bss           0x060b9cf0        0x0 /home/pi/joengine/Compiler/COMMON/SGL_302j/LIB_ELF/LIBCD.A(CDC_BIF.O)
 .bss           0x060b9cf0        0x0 /home/pi/joengine/Compiler/COMMON/SGL_302j/LIB_ELF/LIBCD.A(CDC_BIO.O)
 .bss           0x060b9cf0        0x0 /home/pi/joengine/Compiler/COMMON/SGL_302j/LIB_ELF/LIBSGL.A(sglA01.o)
 .bss           0x060b9cf0        0x0 /home/pi/joengine/Compiler/COMMON/SGL_302j/LIB_ELF/LIBSGL.A(sglA15.o)
 .bss           0x060b9cf0        0x0 /home/pi/joengine/Compiler/COMMON/SGL_302j/LIB_ELF/LIBSGL.A(sglB001.o)
 .bss           0x060b9cf0        0x0 /home/pi/joengine/Compiler/COMMON/SGL_302j/LIB_ELF/LIBSGL.A(sglB011.o)
 .bss           0x060b9cf0        0x0 /home/pi/joengine/Compiler/COMMON/SGL_302j/LIB_ELF/LIBSGL.A(sglB014.o)
 .bss           0x060b9cf0        0x0 /home/pi/joengine/Compiler/COMMON/SGL_302j/LIB_ELF/LIBSGL.A(sglB015.o)
 .bss           0x060b9cf0        0x0 /home/pi/joengine/Compiler/COMMON/SGL_302j/LIB_ELF/LIBSGL.A(sglB016.o)
 .bss           0x060b9cf0        0x0 /home/pi/joengine/Compiler/COMMON/SGL_302j/LIB_ELF/LIBSGL.A(sglB020.o)
 .bss           0x060b9cf0        0x0 /home/pi/joengine/Compiler/COMMON/SGL_302j/LIB_ELF/LIBSGL.A(sglB021.o)
 .bss           0x060b9cf0        0x0 /home/pi/joengine/Compiler/COMMON/SGL_302j/LIB_ELF/LIBSGL.A(sglB023.o)
 .bss           0x060b9cf0        0x0 /home/pi/joengine/Compiler/COMMON/SGL_302j/LIB_ELF/LIBSGL.A(sglB027.o)
 .bss           0x060b9cf0        0x0 /home/pi/joengine/Compiler/COMMON/SGL_302j/LIB_ELF/LIBSGL.A(sglB031.o)
 .bss           0x060b9cf0        0x0 /home/pi/joengine/Compiler/COMMON/SGL_302j/LIB_ELF/LIBSGL.A(sglB032.o)
 .bss           0x060b9cf0        0x0 /home/pi/joengine/Compiler/COMMON/SGL_302j/LIB_ELF/LIBSGL.A(sglB033.o)
 .bss           0x060b9cf0        0x0 /home/pi/joengine/Compiler/COMMON/SGL_302j/LIB_ELF/LIBSGL.A(sglB034.o)
 .bss           0x060b9cf0        0x0 /home/pi/joengine/Compiler/COMMON/SGL_302j/LIB_ELF/LIBSGL.A(sglB035.o)
 .bss           0x060b9cf0        0x0 /home/pi/joengine/Compiler/COMMON/SGL_302j/LIB_ELF/LIBSGL.A(sglB036.o)
 .bss           0x060b9cf0        0x0 /home/pi/joengine/Compiler/COMMON/SGL_302j/LIB_ELF/LIBSGL.A(sglB038.o)
 .bss           0x060b9cf0        0x0 /home/pi/joengine/Compiler/COMMON/SGL_302j/LIB_ELF/LIBSGL.A(sglB039.o)
 .bss           0x060b9cf0        0x0 /home/pi/joengine/Compiler/COMMON/SGL_302j/LIB_ELF/LIBSGL.A(sglB040.o)
 .bss           0x060b9cf0        0x0 /home/pi/joengine/Compiler/COMMON/SGL_302j/LIB_ELF/LIBSGL.A(sglB041.o)
 .bss           0x060b9cf0        0x0 /home/pi/joengine/Compiler/COMMON/SGL_302j/LIB_ELF/LIBSGL.A(sglB043.o)
 .bss           0x060b9cf0        0x0 /home/pi/joengine/Compiler/COMMON/SGL_302j/LIB_ELF/LIBSGL.A(sglB047.o)
 .bss           0x060b9cf0        0x0 /home/pi/joengine/Compiler/COMMON/SGL_302j/LIB_ELF/LIBSGL.A(sglB048.o)
 .bss           0x060b9cf0        0x0 /home/pi/joengine/Compiler/COMMON/SGL_302j/LIB_ELF/LIBSGL.A(sglB055.o)
 .bss           0x060b9cf0        0x0 /home/pi/joengine/Compiler/COMMON/SGL_302j/LIB_ELF/LIBSGL.A(sglB056.o)
 .bss           0x060b9cf0        0x0 /home/pi/joengine/Compiler/COMMON/SGL_302j/LIB_ELF/LIBSGL.A(sglB057.o)
 .bss           0x060b9cf0        0x0 /home/pi/joengine/Compiler/COMMON/SGL_302j/LIB_ELF/LIBSGL.A(sglB058.o)
 .bss           0x060b9cf0        0x0 /home/pi/joengine/Compiler/COMMON/SGL_302j/LIB_ELF/LIBSGL.A(sglB059.o)
 .bss           0x060b9cf0        0x0 /home/pi/joengine/Compiler/COMMON/SGL_302j/LIB_ELF/LIBSGL.A(sglB060.o)
 .bss           0x060b9cf0        0x0 /home/pi/joengine/Compiler/COMMON/SGL_302j/LIB_ELF/LIBSGL.A(sglB063.o)
 .bss           0x060b9cf0        0x0 /home/pi/joengine/Compiler/COMMON/SGL_302j/LIB_ELF/LIBSGL.A(sglB087.o)
 .bss           0x060b9cf0        0x0 /home/pi/joengine/Compiler/COMMON/SGL_302j/LIB_ELF/LIBSGL.A(sglB088.o)
 .bss           0x060b9cf0        0x0 /home/pi/joengine/Compiler/COMMON/SGL_302j/LIB_ELF/LIBSGL.A(sglB090.o)
 .bss           0x060b9cf0        0x0 /home/pi/joengine/Compiler/COMMON/SGL_302j/LIB_ELF/LIBSGL.A(sglB117.o)
 .bss           0x060b9cf0        0x0 /home/pi/joengine/Compiler/COMMON/SGL_302j/LIB_ELF/LIBSGL.A(sglB200.o)
 .bss           0x060b9cf0        0x0 /home/pi/joengine/Compiler/COMMON/SGL_302j/LIB_ELF/LIBSGL.A(sglC05.o)
 .bss           0x060b9cf0        0x0 /home/pi/joengine/Compiler/COMMON/SGL_302j/LIB_ELF/LIBSGL.A(sglC06.o)
 .bss           0x060b9cf0        0x0 /home/pi/joengine/Compiler/COMMON/SGL_302j/LIB_ELF/LIBSGL.A(sglC07.o)
 .bss           0x060b9cf0        0x0 /home/pi/joengine/Compiler/COMMON/SGL_302j/LIB_ELF/LIBSGL.A(sglC17.o)
 .bss           0x060b9cf0        0x0 /home/pi/joengine/Compiler/COMMON/SGL_302j/LIB_ELF/LIBSGL.A(sglC19.o)
 .bss           0x060b9cf0        0x0 /home/pi/joengine/Compiler/COMMON/SGL_302j/LIB_ELF/LIBSGL.A(sglC20.o)
 .bss           0x060b9cf0        0x0 /home/pi/joengine/Compiler/COMMON/SGL_302j/LIB_ELF/LIBSGL.A(sglC21.o)
 .bss           0x060b9cf0        0x0 /home/pi/joengine/Compiler/COMMON/SGL_302j/LIB_ELF/LIBSGL.A(sglD00.o)
 .bss           0x060b9cf0        0x0 /home/pi/joengine/Compiler/COMMON/SGL_302j/LIB_ELF/LIBSGL.A(sglD01.o)
 .bss           0x060b9cf0        0x0 /home/pi/joengine/Compiler/COMMON/SGL_302j/LIB_ELF/LIBSGL.A(sglD03.o)
 .bss           0x060b9cf0        0x0 /home/pi/joengine/Compiler/COMMON/SGL_302j/LIB_ELF/LIBSGL.A(sglD15.o)
 .bss           0x060b9cf0        0x0 /home/pi/joengine/Compiler/COMMON/SGL_302j/LIB_ELF/LIBSGL.A(sglD16.o)
 .bss           0x060b9cf0        0x0 /home/pi/joengine/Compiler/COMMON/SGL_302j/LIB_ELF/LIBSGL.A(sglD17.o)
 .bss           0x060b9cf0        0x0 /home/pi/joengine/Compiler/COMMON/SGL_302j/LIB_ELF/LIBSGL.A(sglD18.o)
 .bss           0x060b9cf0        0x0 /home/pi/joengine/Compiler/COMMON/SGL_302j/LIB_ELF/LIBSGL.A(sglF08.o)
 .bss           0x060b9cf0        0x0 /home/pi/joengine/Compiler/COMMON/SGL_302j/LIB_ELF/LIBSGL.A(sglH00.o)
 .bss           0x060b9cf0        0x0 /home/pi/joengine/Compiler/COMMON/SGL_302j/LIB_ELF/LIBSGL.A(sglH01.o)
 .bss           0x060b9cf0        0x0 /home/pi/joengine/Compiler/COMMON/SGL_302j/LIB_ELF/LIBSGL.A(sglH02.o)
 .bss           0x060b9cf0        0x0 /home/pi/joengine/Compiler/COMMON/SGL_302j/LIB_ELF/LIBSGL.A(sglH04.o)
 .bss           0x060b9cf0        0x0 /home/pi/joengine/Compiler/COMMON/SGL_302j/LIB_ELF/LIBSGL.A(sglI01.o)
 .bss           0x060b9cf0        0x0 /home/pi/joengine/Compiler/COMMON/SGL_302j/LIB_ELF/LIBSGL.A(sglI04.o)
 .bss           0x060b9cf0        0x0 /home/pi/joengine/Compiler/COMMON/SGL_302j/LIB_ELF/LIBSGL.A(sglIc0.o)
 .bss           0x060b9cf0        0x0 /home/pi/joengine/Compiler/COMMON/SGL_302j/LIB_ELF/LIBSGL.A(sglJ00.o)
 .bss           0x060b9cf0        0x0 /home/pi/joengine/Compiler/COMMON/SGL_302j/LIB_ELF/LIBSGL.A(sglJ01.o)
 .bss           0x060b9cf0        0x0 /home/pi/joengine/Compiler/COMMON/SGL_302j/LIB_ELF/LIBSGL.A(sglJ02.o)
 .bss           0x060b9cf0        0x0 /home/pi/joengine/Compiler/COMMON/SGL_302j/LIB_ELF/LIBSGL.A(sglJ03.o)
 .bss           0x060b9cf0        0x0 /home/pi/joengine/Compiler/COMMON/SGL_302j/LIB_ELF/LIBSGL.A(sglJ04.o)
 .bss           0x060b9cf0        0x0 /home/pi/joengine/Compiler/COMMON/SGL_302j/LIB_ELF/LIBSGL.A(sglJ05.o)
 .bss           0x060b9cf0        0x0 /home/pi/joengine/Compiler/COMMON/SGL_302j/LIB_ELF/LIBSGL.A(sglK01.o)
 .bss           0x060b9cf0        0x0 /home/pi/joengine/Compiler/COMMON/SGL_302j/LIB_ELF/LIBSGL.A(sglM01.o)
 .bss           0x060b9cf0        0x0 /home/pi/joengine/Compiler/COMMON/SGL_302j/LIB_ELF/LIBSGL.A(sglA00.o)
 .bss           0x060b9cf0        0x0 /home/pi/joengine/Compiler/COMMON/SGL_302j/LIB_ELF/LIBSGL.A(sglA20.o)
 .bss           0x060b9cf0        0x0 /home/pi/joengine/Compiler/COMMON/SGL_302j/LIB_ELF/LIBSGL.A(sglB000.o)
 .bss           0x060b9cf0        0x0 /home/pi/joengine/Compiler/COMMON/SGL_302j/LIB_ELF/LIBSGL.A(sglC00.o)
 .bss           0x060b9cf0        0x0 /home/pi/joengine/Compiler/COMMON/SGL_302j/LIB_ELF/LIBSGL.A(sglI00.o)
 .bss           0x060b9cf0        0x0 /home/pi/joengine/Compiler/COMMON/SGL_302j/LIB_ELF/LIBSGL.A(sglH03.o)
 .bss           0x060b9cf0        0x0 /opt/sh-elf/lib/gcc/sh-elf/13.2.0/m2/libgcc.a(_ashiftrt.o)
 .bss           0x060b9cf0        0x0 /opt/sh-elf/lib/gcc/sh-elf/13.2.0/m2/libgcc.a(_sdivsi3.o)
 .bss           0x060b9cf0        0x0 /opt/sh-elf/lib/gcc/sh-elf/13.2.0/m2/libgcc.a(_udivsi3.o)
 .bss           0x060b9cf0        0x0 /opt/sh-elf/lib/gcc/sh-elf/13.2.0/m2/libgcc.a(_ashiftrt_n.o)
 .bss           0x060b9cf0        0x0 /opt/sh-elf/lib/gcc/sh-elf/13.2.0/m2/libgcc.a(_ashiftlt.o)
 .bss           0x060b9cf0        0x0 /opt/sh-elf/lib/gcc/sh-elf/13.2.0/m2/libgcc.a(_lshiftrt.o)
 .bss           0x060b9cf0        0x0 /opt/sh-elf/lib/gcc/sh-elf/13.2.0/m2/libgcc.a(_mul_sf.o)
 .bss           0x060b9cf0        0x0 /opt/sh-elf/lib/gcc/sh-elf/13.2.0/m2/libgcc.a(_si_to_sf.o)
 .bss           0x060b9cf0        0x0 /opt/sh-elf/lib/gcc/sh-elf/13.2.0/m2/libgcc.a(_sf_to_si.o)
 .bss           0x060b9cf0        0x0 /opt/sh-elf/lib/gcc/sh-elf/13.2.0/m2/libgcc.a(_thenan_sf.o)
 .bss           0x060b9cf0        0x0 /opt/sh-elf/lib/gcc/sh-elf/13.2.0/m2/libgcc.a(_usi_to_sf.o)
 .bss           0x060b9cf0        0x0 /opt/sh-elf/lib/gcc/sh-elf/13.2.0/m2/libgcc.a(_clzsi2.o)
 .bss           0x060b9cf0        0x0 /opt/sh-elf/lib/gcc/sh-elf/13.2.0/m2/libgcc.a(_pack_sf.o)
 .bss           0x060b9cf0        0x0 /opt/sh-elf/lib/gcc/sh-elf/13.2.0/m2/libgcc.a(_unpack_sf.o)
 .bss           0x060b9cf0        0x0 /opt/sh-elf/lib/gcc/sh-elf/13.2.0/m2/libgcc.a(_clz.o)
 *(COMMON)
 COMMON         0x060b9cf0        0xc /home/pi/joengine/Compiler/COMMON/SGL_302j/LIB_ELF/LIBCD.A(GFS.O)
                0x060b9cf0                _GFMC_base
                0x060b9cf4                _gfs_mng_ptr
                0x060b9cf8                _gfs_use_scudma
 COMMON         0x060b9cfc        0xc /home/pi/joengine/Compiler/COMMON/SGL_302j/LIB_ELF/LIBCD.A(GFS_CDC.O)
                0x060b9cfc                _gfcd_fatal_err
                0x060b9d00                _gfcd_work
                0x060b9d04                _gfcd_playflag
 COMMON         0x060b9d08        0x8 /home/pi/joengine/Compiler/COMMON/SGL_302j/LIB_ELF/LIBCD.A(GFS_CDF.O)
                0x060b9d08                _gfcf_fad
                0x060b9d0c                _gfcf_stat
                0x060b9d10                        __bend = .
                0x060b9d10                        _end = .
LOAD /home/pi/joengine/Compiler/COMMON/SGL_302j/LIB_ELF/SGLAREA.O
LOAD main.o
LOAD /tmp/cct0zhhS.ltrans0.ltrans.o
LOAD libc_stubs.o
LOAD /home/pi/joengine/jo_engine/tga.o
LOAD /home/pi/joengine/jo_engine/fs.o
LOAD /home/pi/joengine/jo_engine/slave.o
LOAD /home/pi/joengine/jo_engine/font.o
LOAD /home/pi/joengine/jo_engine/input.o
LOAD /home/pi/joengine/jo_engine/physics.o
LOAD /home/pi/joengine/jo_engine/core.o
LOAD /home/pi/joengine/jo_engine/math.o
LOAD /home/pi/joengine/jo_engine/malloc.o
LOAD /home/pi/joengine/jo_engine/tools.o
LOAD /home/pi/joengine/jo_engine/palette.o
LOAD /home/pi/joengine/jo_engine/sprites.o
LOAD /home/pi/joengine/jo_engine/map.o
LOAD /home/pi/joengine/jo_engine/list.o
LOAD /home/pi/joengine/jo_engine/sprite_animator.o
LOAD /home/pi/joengine/jo_engine/image.o
LOAD /home/pi/joengine/jo_engine/vdp2.o
LOAD /home/pi/joengine/jo_engine/time.o
LOAD /home/pi/joengine/jo_engine/vdp1_command_pipeline.o
LOAD /home/pi/joengine/jo_engine/vdp2_malloc.o
LOAD /home/pi/joengine/Compiler/COMMON/SGL_302j/LIB_ELF/SEGA_SYS.A
LOAD /home/pi/joengine/Compiler/COMMON/SGL_302j/LIB_ELF/LIBCD.A
LOAD /home/pi/joengine/Compiler/COMMON/SGL_302j/LIB_ELF/LIBSGL.A
LOAD /opt/sh-elf/lib/gcc/sh-elf/13.2.0/m2/libgcc.a
OUTPUT(game.elf coff-sh)

.comment        0x00000000       0xc0
 .comment       0x00000000       0x13 /tmp/cct0zhhS.ltrans0.ltrans.o
 .comment       0x00000013       0x13 /opt/sh-elf/lib/gcc/sh-elf/13.2.0/m2/libgcc.a(_mul_sf.o)
 .comment       0x00000026       0x13 /opt/sh-elf/lib/gcc/sh-elf/13.2.0/m2/libgcc.a(_si_to_sf.o)
 .comment       0x00000039       0x13 /opt/sh-elf/lib/gcc/sh-elf/13.2.0/m2/libgcc.a(_sf_to_si.o)
 .comment       0x0000004c       0x13 /opt/sh-elf/lib/gcc/sh-elf/13.2.0/m2/libgcc.a(_thenan_sf.o)
 .comment       0x0000005f       0x13 /opt/sh-elf/lib/gcc/sh-elf/13.2.0/m2/libgcc.a(_usi_to_sf.o)
 .comment       0x00000072       0x13 /opt/sh-elf/lib/gcc/sh-elf/13.2.0/m2/libgcc.a(_clzsi2.o)
 .comment       0x00000085       0x13 /opt/sh-elf/lib/gcc/sh-elf/13.2.0/m2/libgcc.a(_pack_sf.o)
 .comment       0x00000098       0x13 /opt/sh-elf/lib/gcc/sh-elf/13.2.0/m2/libgcc.a(_unpack_sf.o)
 .comment       0x000000ab       0x13 /opt/sh-elf/lib/gcc/sh-elf/13.2.0/m2/libgcc.a(_clz.o)

.debug_info     0x00000000     0x1360
 .debug_info    0x00000000      0x402 /opt/sh-elf/lib/gcc/sh-elf/13.2.0/m2/libgcc.a(_mul_sf.o)
 .debug_info    0x00000402      0x259 /opt/sh-elf/lib/gcc/sh-elf/13.2.0/m2/libgcc.a(_si_to_sf.o)
 .debug_info    0x0000065b      0x297 /opt/sh-elf/lib/gcc/sh-elf/13.2.0/m2/libgcc.a(_sf_to_si.o)
 .debug_info    0x000008f2      0x15b /opt/sh-elf/lib/gcc/sh-elf/13.2.0/m2/libgcc.a(_thenan_sf.o)
 .debug_info    0x00000a4d      0x28f /opt/sh-elf/lib/gcc/sh-elf/13.2.0/m2/libgcc.a(_usi_to_sf.o)
 .debug_info    0x00000cdc      0x130 /opt/sh-elf/lib/gcc/sh-elf/13.2.0/m2/libgcc.a(_clzsi2.o)
 .debug_info    0x00000e0c      0x289 /opt/sh-elf/lib/gcc/sh-elf/13.2.0/m2/libgcc.a(_pack_sf.o)
 .debug_info    0x00001095      0x1f8 /opt/sh-elf/lib/gcc/sh-elf/13.2.0/m2/libgcc.a(_unpack_sf.o)
 .debug_info    0x0000128d       0xca /opt/sh-elf/lib/gcc/sh-elf/13.2.0/m2/libgcc.a(_clz.o)

.debug_abbrev   0x00000000      0xc90
 .debug_abbrev  0x00000000      0x271 /opt/sh-elf/lib/gcc/sh-elf/13.2.0/m2/libgcc.a(_mul_sf.o)
 .debug_abbrev  0x00000271      0x1b2 /opt/sh-elf/lib/gcc/sh-elf/13.2.0/m2/libgcc.a(_si_to_sf.o)
 .debug_abbrev  0x00000423      0x1b3 /opt/sh-elf/lib/gcc/sh-elf/13.2.0/m2/libgcc.a(_sf_to_si.o)
 .debug_abbrev  0x000005d6       0xcf /opt/sh-elf/lib/gcc/sh-elf/13.2.0/m2/libgcc.a(_thenan_sf.o)
 .debug_abbrev  0x000006a5      0x1bd /opt/sh-elf/lib/gcc/sh-elf/13.2.0/m2/libgcc.a(_usi_to_sf.o)
 .debug_abbrev  0x00000862       0xca /opt/sh-elf/lib/gcc/sh-elf/13.2.0/m2/libgcc.a(_clzsi2.o)
 .debug_abbrev  0x0000092c      0x1c0 /opt/sh-elf/lib/gcc/sh-elf/13.2.0/m2/libgcc.a(_pack_sf.o)
 .debug_abbrev  0x00000aec      0x127 /opt/sh-elf/lib/gcc/sh-elf/13.2.0/m2/libgcc.a(_unpack_sf.o)
 .debug_abbrev  0x00000c13       0x70 /opt/sh-elf/lib/gcc/sh-elf/13.2.0/m2/libgcc.a(_clz.o)

.debug_loclists
                0x00000000      0x4c0
 .debug_loclists
                0x00000000      0x15d /opt/sh-elf/lib/gcc/sh-elf/13.2.0/m2/libgcc.a(_mul_sf.o)
 .debug_loclists
                0x0000015d       0x88 /opt/sh-elf/lib/gcc/sh-elf/13.2.0/m2/libgcc.a(_si_to_sf.o)
 .debug_loclists
                0x000001e5       0x38 /opt/sh-elf/lib/gcc/sh-elf/13.2.0/m2/libgcc.a(_sf_to_si.o)
 .debug_loclists
                0x0000021d       0xc1 /opt/sh-elf/lib/gcc/sh-elf/13.2.0/m2/libgcc.a(_usi_to_sf.o)
 .debug_loclists
                0x000002de       0x22 /opt/sh-elf/lib/gcc/sh-elf/13.2.0/m2/libgcc.a(_clzsi2.o)
 .debug_loclists
                0x00000300       0xdd /opt/sh-elf/lib/gcc/sh-elf/13.2.0/m2/libgcc.a(_pack_sf.o)
 .debug_loclists
                0x000003dd       0xe2 /opt/sh-elf/lib/gcc/sh-elf/13.2.0/m2/libgcc.a(_unpack_sf.o)

.debug_aranges  0x00000000      0x110
 .debug_aranges
                0x00000000       0x20 /opt/sh-elf/lib/gcc/sh-elf/13.2.0/m2/libgcc.a(_mul_sf.o)
 .debug_aranges
                0x00000020       0x20 /opt/sh-elf/lib/gcc/sh-elf/13.2.0/m2/libgcc.a(_si_to_sf.o)
 .debug_aranges
                0x00000040       0x20 /opt/sh-elf/lib/gcc/sh-elf/13.2.0/m2/libgcc.a(_sf_to_si.o)
 .debug_aranges
                0x00000060       0x18 /opt/sh-elf/lib/gcc/sh-elf/13.2.0/m2/libgcc.a(_thenan_sf.o)
 .debug_aranges
                0x00000078       0x20 /opt/sh-elf/lib/gcc/sh-elf/13.2.0/m2/libgcc.a(_usi_to_sf.o)
 .debug_aranges
                0x00000098       0x20 /opt/sh-elf/lib/gcc/sh-elf/13.2.0/m2/libgcc.a(_clzsi2.o)
 .debug_aranges
                0x000000b8       0x20 /opt/sh-elf/lib/gcc/sh-elf/13.2.0/m2/libgcc.a(_pack_sf.o)
 .debug_aranges
                0x000000d8       0x20 /opt/sh-elf/lib/gcc/sh-elf/13.2.0/m2/libgcc.a(_unpack_sf.o)
 .debug_aranges
                0x000000f8       0x18 /opt/sh-elf/lib/gcc/sh-elf/13.2.0/m2/libgcc.a(_clz.o)

.debug_rnglists
                0x00000000       0xd0
 .debug_rnglists
                0x00000000       0x35 /opt/sh-elf/lib/gcc/sh-elf/13.2.0/m2/libgcc.a(_mul_sf.o)
 .debug_rnglists
                0x00000035       0x24 /opt/sh-elf/lib/gcc/sh-elf/13.2.0/m2/libgcc.a(_si_to_sf.o)
 .debug_rnglists
                0x00000059       0x20 /opt/sh-elf/lib/gcc/sh-elf/13.2.0/m2/libgcc.a(_usi_to_sf.o)
 .debug_rnglists
                0x00000079       0x1f /opt/sh-elf/lib/gcc/sh-elf/13.2.0/m2/libgcc.a(_clzsi2.o)
 .debug_rnglists
                0x00000098       0x33 /opt/sh-elf/lib/gcc/sh-elf/13.2.0/m2/libgcc.a(_pack_sf.o)

.debug_line     0x00000000      0xa80
 .debug_line    0x00000000      0x23e /opt/sh-elf/lib/gcc/sh-elf/13.2.0/m2/libgcc.a(_mul_sf.o)
 .debug_line    0x0000023e      0x122 /opt/sh-elf/lib/gcc/sh-elf/13.2.0/m2/libgcc.a(_si_to_sf.o)
 .debug_line    0x00000360       0xf3 /opt/sh-elf/lib/gcc/sh-elf/13.2.0/m2/libgcc.a(_sf_to_si.o)
 .debug_line    0x00000453       0x48 /opt/sh-elf/lib/gcc/sh-elf/13.2.0/m2/libgcc.a(_thenan_sf.o)
 .debug_line    0x0000049b      0x13c /opt/sh-elf/lib/gcc/sh-elf/13.2.0/m2/libgcc.a(_usi_to_sf.o)
 .debug_line    0x000005d7       0xde /opt/sh-elf/lib/gcc/sh-elf/13.2.0/m2/libgcc.a(_clzsi2.o)
 .debug_line    0x000006b5      0x247 /opt/sh-elf/lib/gcc/sh-elf/13.2.0/m2/libgcc.a(_pack_sf.o)
 .debug_line    0x000008fc      0x131 /opt/sh-elf/lib/gcc/sh-elf/13.2.0/m2/libgcc.a(_unpack_sf.o)
 .debug_line    0x00000a2d       0x4a /opt/sh-elf/lib/gcc/sh-elf/13.2.0/m2/libgcc.a(_clz.o)

.debug_str      0x00000000     0x1140
 .debug_str     0x00000000      0x258 /opt/sh-elf/lib/gcc/sh-elf/13.2.0/m2/libgcc.a(_mul_sf.o)
 .debug_str     0x00000258      0x205 /opt/sh-elf/lib/gcc/sh-elf/13.2.0/m2/libgcc.a(_si_to_sf.o)
 .debug_str     0x0000045d      0x21c /opt/sh-elf/lib/gcc/sh-elf/13.2.0/m2/libgcc.a(_sf_to_si.o)
 .debug_str     0x00000679      0x1c4 /opt/sh-elf/lib/gcc/sh-elf/13.2.0/m2/libgcc.a(_thenan_sf.o)
 .debug_str     0x0000083d      0x201 /opt/sh-elf/lib/gcc/sh-elf/13.2.0/m2/libgcc.a(_usi_to_sf.o)
 .debug_str     0x00000a3e      0x187 /opt/sh-elf/lib/gcc/sh-elf/13.2.0/m2/libgcc.a(_clzsi2.o)
 .debug_str     0x00000bc5      0x210 /opt/sh-elf/lib/gcc/sh-elf/13.2.0/m2/libgcc.a(_pack_sf.o)
 .debug_str     0x00000dd5      0x1f2 /opt/sh-elf/lib/gcc/sh-elf/13.2.0/m2/libgcc.a(_unpack_sf.o)
 .debug_str     0x00000fc7      0x16a /opt/sh-elf/lib/gcc/sh-elf/13.2.0/m2/libgcc.a(_clz.o)

.debug_frame    0x00000000      0x1c0
 .debug_frame   0x00000000       0x48 /opt/sh-elf/lib/gcc/sh-elf/13.2.0/m2/libgcc.a(_mul_sf.o)
 .debug_frame   0x00000048       0x3c /opt/sh-elf/lib/gcc/sh-elf/13.2.0/m2/libgcc.a(_si_to_sf.o)
 .debug_frame   0x00000084       0x48 /opt/sh-elf/lib/gcc/sh-elf/13.2.0/m2/libgcc.a(_sf_to_si.o)
 .debug_frame   0x000000cc       0x60 /opt/sh-elf/lib/gcc/sh-elf/13.2.0/m2/libgcc.a(_usi_to_sf.o)
 .debug_frame   0x0000012c       0x38 /opt/sh-elf/lib/gcc/sh-elf/13.2.0/m2/libgcc.a(_clzsi2.o)
 .debug_frame   0x00000164       0x30 /opt/sh-elf/lib/gcc/sh-elf/13.2.0/m2/libgcc.a(_pack_sf.o)
 .debug_frame   0x00000194       0x20 /opt/sh-elf/lib/gcc/sh-elf/13.2.0/m2/libgcc.a(_unpack_sf.o)
